 0.000000] Switched APIC routing to physical flat.
Mar 16 17:14:47 prady-Precision-WorkStation-T3500 kernel: [    0.000000] ..TIMER: vector=0x30 apic1=0 pin1=2 apic2=-1 pin2=-1
Mar 16 17:14:47 prady-Precision-WorkStation-T3500 kernel: [    0.020000] tsc: Fast TSC calibration using PIT
Mar 16 17:14:47 prady-Precision-WorkStation-T3500 systemd[1]: Started CUPS Scheduler.
Mar 16 17:14:47 prady-Precision-WorkStation-T3500 kernel: [    0.024000] tsc: Detected 3199.908 MHz processor
Mar 16 17:14:47 prady-Precision-WorkStation-T3500 kernel: [    0.024000] Calibrating delay loop (skipped), value calculated using timer frequency.. 6399.81 BogoMIPS (lpj=12799632)
Mar 16 17:14:47 prady-Precision-WorkStation-T3500 kernel: [    0.024000] pid_max: default: 32768 minimum: 301
Mar 16 17:14:47 prady-Precision-WorkStation-T3500 kernel: [    0.024000] Security Framework initialized
Mar 16 17:14:47 prady-Precision-WorkStation-T3500 systemd[1]: Reached target Paths.
Mar 16 17:14:47 prady-Precision-WorkStation-T3500 kernel: [    0.024000] Yama: becoming mindful.
Mar 16 17:14:47 prady-Precision-WorkStation-T3500 systemd[1]: Listening on Socket activation for snappy daemon.
Mar 16 17:14:47 prady-Precision-WorkStation-T3500 kernel: [    0.024000] AppArmor: AppArmor initialized
Mar 16 17:14:47 prady-Precision-WorkStation-T3500 kernel: [    0.028359] Dentry cache hash table entries: 2097152 (order: 12, 16777216 bytes)
Mar 16 17:14:47 prady-Precision-WorkStation-T3500 systemd[1]: Reached target Sockets.
Mar 16 17:14:47 prady-Precision-WorkStation-T3500 kernel: [    0.029549] Inode-cache hash table entries: 1048576 (order: 11, 8388608 bytes)
Mar 16 17:14:47 prady-Precision-WorkStation-T3500 kernel: [    0.029608] Mount-cache hash table entries: 32768 (order: 6, 262144 bytes)
Mar 16 17:14:47 prady-Precision-WorkStation-T3500 systemd[1]: Reached target Basic System.
Mar 16 17:14:47 prady-Precision-WorkStation-T3500 kernel: [    0.029645] Mountpoint-cache hash table entries: 32768 (order: 6, 262144 bytes)
Mar 16 17:14:47 prady-Precision-WorkStation-T3500 systemd[1]: Starting System Logging Service...
Mar 16 17:14:47 prady-Precision-WorkStation-T3500 kernel: [    0.029869] mce: CPU supports 9 MCE banks
Mar 16 17:14:47 prady-Precision-WorkStation-T3500 kernel: [    0.029875] CPU0: Thermal monitoring enabled (TM1)
Mar 16 17:14:47 prady-Precision-WorkStation-T3500 kernel: [    0.029882] process: using mwait in idle threads
Mar 16 17:14:47 prady-Precision-WorkStation-T3500 systemd[1]: Starting LSB: Set the CPU Frequency Scaling governor to "ondemand"...
Mar 16 17:14:47 prady-Precision-WorkStation-T3500 kernel: [    0.029884] Last level iTLB entries: 4KB 512, 2MB 7, 4MB 7
Mar 16 17:14:47 prady-Precision-WorkStation-T3500 kernel: [    0.029885] Last level dTLB entries: 4KB 512, 2MB 32, 4MB 32, 1GB 0
Mar 16 17:14:47 prady-Precision-WorkStation-T3500 kernel: [    0.029887] Spectre V2 : Mitigation: Full generic retpoline
Mar 16 17:14:47 prady-Precision-WorkStation-T3500 systemd[1]: Starting LSB: Record successful boot for GRUB...
Mar 16 17:14:47 prady-Precision-WorkStation-T3500 kernel: [    0.029887] Spectre V2 : Spectre v2 / SpectreRSB mitigation: Filling RSB on context switch
Mar 16 17:14:47 prady-Precision-WorkStation-T3500 kernel: [    0.029887] Spectre V2 : Spectre v2 mitigation: Enabling Indirect Branch Prediction Barrier
Mar 16 17:14:47 prady-Precision-WorkStation-T3500 kernel: [    0.029888] Spectre V2 : Enabling Restricted Speculation for firmware calls
Mar 16 17:14:47 prady-Precision-WorkStation-T3500 systemd[1]: Started Run anacron jobs.
Mar 16 17:14:47 prady-Precision-WorkStation-T3500 kernel: [    0.029889] Speculative Store Bypass: Mitigation: Speculative Store Bypass disabled via prctl and seccomp
Mar 16 17:14:47 prady-Precision-WorkStation-T3500 kernel: [    0.029975] Freeing SMP alternatives memory: 36K
Mar 16 17:14:47 prady-Precision-WorkStation-T3500 systemd[1]: Starting Detect the available GPUs and deal with any system changes...
Mar 16 17:14:47 prady-Precision-WorkStation-T3500 kernel: [    0.032000] smpboot: CPU0: Intel(R) Xeon(R) CPU           W3565  @ 3.20GHz (family: 0x6, model: 0x1a, stepping: 0x5)
Mar 16 17:14:47 prady-Precision-WorkStation-T3500 kernel: [    0.032000] Performance Events: PEBS fmt1+, Nehalem events, 16-deep LBR, Intel PMU driver.
Mar 16 17:14:47 prady-Precision-WorkStation-T3500 kernel: [    0.032000] core: CPU erratum AAJ80 worked around
Mar 16 17:14:47 prady-Precision-WorkStation-T3500 anacron[717]: Anacron 2.3 started on 2019-03-16
Mar 16 17:14:47 prady-Precision-WorkStation-T3500 kernel: [    0.032000] core: CPUID marked event: 'bus cycles' unavailable
Mar 16 17:14:47 prady-Precision-WorkStation-T3500 kernel: [    0.032000] ... version:                3
Mar 16 17:14:47 prady-Precision-WorkStation-T3500 systemd[1]: Starting Permit User Sessions...
Mar 16 17:14:47 prady-Precision-WorkStation-T3500 kernel: [    0.032000] ... bit width:              48
Mar 16 17:14:47 prady-Precision-WorkStation-T3500 kernel: [    0.032000] ... generic registers:      4
Mar 16 17:14:47 prady-Precision-WorkStation-T3500 kernel: [    0.032000] ... value mask:             0000ffffffffffff
Mar 16 17:14:47 prady-Precision-WorkStation-T3500 kernel: [    0.032000] ... max period:             000000007fffffff
Mar 16 17:14:47 prady-Precision-WorkStation-T3500 kernel: [    0.032000] ... fixed-purpose events:   3
Mar 16 17:14:47 prady-Precision-WorkStation-T3500 systemd[1]: Starting Avahi mDNS/DNS-SD Stack...
Mar 16 17:14:47 prady-Precision-WorkStation-T3500 kernel: [    0.032000] ... event mask:             000000070000000f
Mar 16 17:14:47 prady-Precision-WorkStation-T3500 kernel: [    0.032000] Hierarchical SRCU implementation.
Mar 16 17:14:47 prady-Precision-WorkStation-T3500 systemd[1]: Starting LSB: Speech Dispatcher...
Mar 16 17:14:47 prady-Precision-WorkStation-T3500 kernel: [    0.032000] smp: Bringing up secondary CPUs ...
Mar 16 17:14:47 prady-Precision-WorkStation-T3500 kernel: [    0.032000] x86: Booting SMP configuration:
Mar 16 17:14:47 prady-Precision-WorkStation-T3500 kernel: [    0.032000] .... node  #0, CPUs:        #1
Mar 16 17:14:47 prady-Precision-WorkStation-T3500 systemd[1]: Starting LSB: automatic crash report generation...
Mar 16 17:14:47 prady-Precision-WorkStation-T3500 kernel: [    0.032891] NMI watchdog: Enabled. Permanently consumes one hw-PMU counter.
Mar 16 17:14:47 prady-Precision-WorkStation-T3500 systemd[1]: Started CUPS Scheduler.
Mar 16 17:14:47 prady-Precision-WorkStation-T3500 kernel: [    0.032922]   #2  #3
Mar 16 17:14:47 prady-Precision-WorkStation-T3500 kernel: [    0.040031] smp: Brought up 1 node, 4 CPUs
Mar 16 17:14:47 prady-Precision-WorkStation-T3500 kernel: [    0.040031] smpboot: Max logical packages: 8
Mar 16 17:14:47 prady-Precision-WorkStation-T3500 systemd[1]: Reached target Printer.
Mar 16 17:14:47 prady-Precision-WorkStation-T3500 kernel: [    0.040031] smpboot: Total of 4 processors activated (25599.26 BogoMIPS)
Mar 16 17:14:47 prady-Precision-WorkStation-T3500 kernel: [    0.042580] devtmpfs: initialized
Mar 16 17:14:47 prady-Precision-WorkStation-T3500 kernel: [    0.042580] x86/mm: Memory block size: 128MB
Mar 16 17:14:47 prady-Precision-WorkStation-T3500 systemd[1]: Started ACPI event daemon.
Mar 16 17:14:47 prady-Precision-WorkStation-T3500 kernel: [    0.044216] evm: security.selinux
Mar 16 17:14:47 prady-Precision-WorkStation-T3500 kernel: [    0.044217] evm: security.SMACK64
Mar 16 17:14:47 prady-Precision-WorkStation-T3500 kernel: [    0.044217] evm: security.SMACK64EXEC
Mar 16 17:14:47 prady-Precision-WorkStation-T3500 systemd[1]: Starting Save/Restore Sound Card State...
Mar 16 17:14:47 prady-Precision-WorkStation-T3500 kernel: [    0.044218] evm: security.SMACK64TRANSMUTE
Mar 16 17:14:47 prady-Precision-WorkStation-T3500 kernel: [    0.044218] evm: security.SMACK64MMAP
Mar 16 17:14:47 prady-Precision-WorkStation-T3500 systemd[1]: Starting Restore /etc/resolv.conf if the system crashed before the ppp link was shut down...
Mar 16 17:14:47 prady-Precision-WorkStation-T3500 kernel: [    0.044219] evm: security.apparmor
Mar 16 17:14:47 prady-Precision-WorkStation-T3500 systemd[1]: Starting LSB: daemon to balance interrupts for SMP systems...
Mar 16 17:14:47 prady-Precision-WorkStation-T3500 kernel: [    0.044219] evm: security.ima
Mar 16 17:14:47 prady-Precision-WorkStation-T3500 kernel: [    0.044219] evm: security.capability
Mar 16 17:14:47 prady-Precision-WorkStation-T3500 kernel: [    0.044239] PM: Registering ACPI NVS region [mem 0xdfdf9c00-0xdfe4bbff] (335872 bytes)
Mar 16 17:14:47 prady-Precision-WorkStation-T3500 kernel: [    0.044239] clocksource: jiffies: mask: 0xffffffff max_cycles: 0xffffffff, max_idle_ns: 7645041785100000 ns
Mar 16 17:14:47 prady-Precision-WorkStation-T3500 systemd[1]: Started Regular background program processing daemon.
Mar 16 17:14:47 prady-Precision-WorkStation-T3500 kernel: [    0.044239] futex hash table entries: 8192 (order: 7, 524288 bytes)
Mar 16 17:14:47 prady-Precision-WorkStation-T3500 systemd[1]: Starting Thermal Daemon Service...
Mar 16 17:14:47 prady-Precision-WorkStation-T3500 kernel: [    0.044239] pinctrl core: initialized pinctrl subsystem
Mar 16 17:14:47 prady-Precision-WorkStation-T3500 kernel: [    0.044239] RTC time: 11:44:35, date: 03/16/19
Mar 16 17:14:47 prady-Precision-WorkStation-T3500 cron[738]: (CRON) INFO (pidfile fd = 3)
Mar 16 17:14:47 prady-Precision-WorkStation-T3500 kernel: [    0.044323] NET: Registered protocol family 16
Mar 16 17:14:47 prady-Precision-WorkStation-T3500 kernel: [    0.044394] audit: initializing netlink subsys (disabled)
Mar 16 17:14:47 prady-Precision-WorkStation-T3500 kernel: [    0.044399] audit: type=2000 audit(1552736675.044:1): state=initialized audit_enabled=0 res=1
Mar 16 17:14:47 prady-Precision-WorkStation-T3500 systemd[1]: Started D-Bus System Message Bus.
Mar 16 17:14:47 prady-Precision-WorkStation-T3500 kernel: [    0.044399] cpuidle: using governor ladder
Mar 16 17:14:47 prady-Precision-WorkStation-T3500 kernel: [    0.044399] cpuidle: using governor menu
Mar 16 17:14:47 prady-Precision-WorkStation-T3500 cron[738]: (CRON) INFO (Running @reboot jobs)
Mar 16 17:14:47 prady-Precision-WorkStation-T3500 kernel: [    0.044399] Simple Boot Flag at 0x7a set to 0x80
Mar 16 17:14:47 prady-Precision-WorkStation-T3500 kernel: [    0.044399] ACPI FADT declares the system doesn't support PCIe ASPM, so disable it
Mar 16 17:14:47 prady-Precision-WorkStation-T3500 kernel: [    0.044399] ACPI: bus type PCI registered
Mar 16 17:14:47 prady-Precision-WorkStation-T3500 kernel: [    0.044399] acpiphp: ACPI Hot Plug PCI Controller Driver version: 0.5
Mar 16 17:14:47 prady-Precision-WorkStation-T3500 kernel: [    0.044399] PCI: MMCONFIG for domain 0000 [bus 00-3f] at [mem 0xf8000000-0xfbffffff] (base 0xf8000000)
Mar 16 17:14:47 prady-Precision-WorkStation-T3500 kernel: [    0.044399] PCI: MMCONFIG at [mem 0xf8000000-0xfbffffff] reserved in E820
Mar 16 17:14:47 prady-Precision-WorkStation-T3500 kernel: [    0.044399] PCI: Using configuration type 1 for base access
Mar 16 17:14:47 prady-Precision-WorkStation-T3500 kernel: [    0.045084] HugeTLB registered 2.00 MiB page size, pre-allocated 0 pages
Mar 16 17:14:47 prady-Precision-WorkStation-T3500 kernel: [    0.045084] ACPI: Added _OSI(Module Device)
Mar 16 17:14:47 prady-Precision-WorkStation-T3500 kernel: [    0.045084] ACPI: Added _OSI(Processor Device)
Mar 16 17:14:47 prady-Precision-WorkStation-T3500 kernel: [    0.045084] ACPI: Added _OSI(3.0 _SCP Extensions)
Mar 16 17:14:47 prady-Precision-WorkStation-T3500 kernel: [    0.045084] ACPI: Added _OSI(Processor Aggregator Device)
Mar 16 17:14:47 prady-Precision-WorkStation-T3500 kernel: [    0.045084] ACPI: Added _OSI(Linux-Dell-Video)
Mar 16 17:14:47 prady-Precision-WorkStation-T3500 kernel: [    0.045084] ACPI: Added _OSI(Linux-Lenovo-NV-HDMI-Audio)
Mar 16 17:14:47 prady-Precision-WorkStation-T3500 kernel: [    0.045084] ACPI: Added _OSI(Linux-HPI-Hybrid-Graphics)
Mar 16 17:14:47 prady-Precision-WorkStation-T3500 kernel: [    0.085833] ACPI: [Firmware Bug]: BIOS _OSI(Linux) query ignored
Mar 16 17:14:47 prady-Precision-WorkStation-T3500 kernel: [    0.102444] ACPI: Interpreter enabled
Mar 16 17:14:47 prady-Precision-WorkStation-T3500 kernel: [    0.102459] ACPI: (supports S0 S3 S4 S5)
Mar 16 17:14:47 prady-Precision-WorkStation-T3500 kernel: [    0.102460] ACPI: Using IOAPIC for interrupt routing
Mar 16 17:14:47 prady-Precision-WorkStation-T3500 kernel: [    0.102573] PCI: Using host bridge windows from ACPI; if necessary, use "pci=nocrs" and report a bug
Mar 16 17:14:47 prady-Precision-WorkStation-T3500 kernel: [    0.102797] ACPI: Enabled 15 GPEs in block 00 to 3F
Mar 16 17:14:47 prady-Precision-WorkStation-T3500 kernel: [    0.228294] ACPI: PCI Root Bridge [PCI0] (domain 0000 [bus 00-ff])
Mar 16 17:14:47 prady-Precision-WorkStation-T3500 kernel: [    0.228299] acpi PNP0A03:00: _OSC: OS supports [ExtendedConfig ASPM ClockPM Segments MSI]
Mar 16 17:14:47 prady-Precision-WorkStation-T3500 kernel: [    0.228303] acpi PNP0A03:00: _OSC failed (AE_NOT_FOUND); disabling ASPM
Mar 16 17:14:47 prady-Precision-WorkStation-T3500 kernel: [    0.228311] acpi PNP0A03:00: [Firmware Info]: MMCONFIG for domain 0000 [bus 00-3f] only partially covers this bridge
Mar 16 17:14:47 prady-Precision-WorkStation-T3500 kernel: [    0.235983] PCI host bridge to bus 0000:00
Mar 16 17:14:47 prady-Precision-WorkStation-T3500 kernel: [    0.235986] pci_bus 0000:00: root bus resource [io  0x0000-0x0cf7 window]
Mar 16 17:14:47 prady-Precision-WorkStation-T3500 kernel: [    0.235987] pci_bus 0000:00: root bus resource [io  0x0d00-0xffff window]
Mar 16 17:14:47 prady-Precision-WorkStation-T3500 kernel: [    0.235988] pci_bus 0000:00: root bus resource [mem 0x000a0000-0x000bffff window]
Mar 16 17:14:47 prady-Precision-WorkStation-T3500 kernel: [    0.235989] pci_bus 0000:00: root bus resource [mem 0x000c0000-0x000effff window]
Mar 16 17:14:47 prady-Precision-WorkStation-T3500 kernel: [    0.235990] pci_bus 0000:00: root bus resource [mem 0x000f0000-0x000fffff window]
Mar 16 17:14:47 prady-Precision-WorkStation-T3500 kernel: [    0.235991] pci_bus 0000:00: root bus resource [mem 0xdff00000-0xf7ffffff window]
Mar 16 17:14:47 prady-Precision-WorkStation-T3500 kernel: [    0.235992] pci_bus 0000:00: root bus resource [mem 0xff980000-0xff980fff window]
Mar 16 17:14:47 prady-Precision-WorkStation-T3500 kernel: [    0.235993] pci_bus 0000:00: root bus resource [mem 0xff97c000-0xff97ffff window]
Mar 16 17:14:47 prady-Precision-WorkStation-T3500 kernel: [    0.235995] pci_bus 0000:00: root bus resource [mem 0xfed20000-0xfed9ffff window]
Mar 16 17:14:47 prady-Precision-WorkStation-T3500 kernel: [    0.235996] pci_bus 0000:00: root bus resource [bus 00-ff]
Mar 16 17:14:47 prady-Precision-WorkStation-T3500 kernel: [    0.236011] pci 0000:00:00.0: [8086:3405] type 00 class 0x060000
Mar 16 17:14:47 prady-Precision-WorkStation-T3500 kernel: [    0.236042] pci 0000:00:00.0: enabling Extended Tags
Mar 16 17:14:47 prady-Precision-WorkStation-T3500 kernel: [    0.236076] pci 0000:00:00.0: PME# supported from D0 D3hot D3cold
Mar 16 17:14:47 prady-Precision-WorkStation-T3500 kernel: [    0.236439] pci 0000:00:01.0: [8086:3408] type 01 class 0x060400
Mar 16 17:14:47 prady-Precision-WorkStation-T3500 kernel: [    0.236467] pci 0000:00:01.0: enabling Extended Tags
Mar 16 17:14:47 prady-Precision-WorkStation-T3500 kernel: [    0.236502] pci 0000:00:01.0: PME# supported from D0 D3hot D3cold
Mar 16 17:14:47 prady-Precision-WorkStation-T3500 kernel: [    0.236868] pci 0000:00:03.0: [8086:340a] type 01 class 0x060400
Mar 16 17:14:47 prady-Precision-WorkStation-T3500 kernel: [    0.236896] pci 0000:00:03.0: enabling Extended Tags
Mar 16 17:14:47 prady-Precision-WorkStation-T3500 kernel: [    0.236931] pci 0000:00:03.0: PME# supported from D0 D3hot D3cold
Mar 16 17:14:47 prady-Precision-WorkStation-T3500 kernel: [    0.237297] pci 0000:00:07.0: [8086:340e] type 01 class 0x060400
Mar 16 17:14:47 prady-Precision-WorkStation-T3500 kernel: [    0.237325] pci 0000:00:07.0: enabling Extended Tags
Mar 16 17:14:47 prady-Precision-WorkStation-T3500 kernel: [    0.237360] pci 0000:00:07.0: PME# supported from D0 D3hot D3cold
Mar 16 17:14:47 prady-Precision-WorkStation-T3500 kernel: [    0.237729] pci 0000:00:14.0: [8086:342e] type 00 class 0x080000
Mar 16 17:14:47 prady-Precision-WorkStation-T3500 kernel: [    0.238124] pci 0000:00:14.1: [8086:3422] type 00 class 0x080000
Mar 16 17:14:47 prady-Precision-WorkStation-T3500 kernel: [    0.238519] pci 0000:00:14.2: [8086:3423] type 00 class 0x080000
Mar 16 17:14:47 prady-Precision-WorkStation-T3500 kernel: [    0.238918] pci 0000:00:1a.0: [8086:3a37] type 00 class 0x0c0300
Mar 16 17:14:47 prady-Precision-WorkStation-T3500 kernel: [    0.238959] pci 0000:00:1a.0: reg 0x20: [io  0xff20-0xff3f]
Mar 16 17:14:47 prady-Precision-WorkStation-T3500 kernel: [    0.239342] pci 0000:00:1a.1: [8086:3a38] type 00 class 0x0c0300
Mar 16 17:14:47 prady-Precision-WorkStation-T3500 kernel: [    0.239382] pci 0000:00:1a.1: reg 0x20: [io  0xff00-0xff1f]
Mar 16 17:14:47 prady-Precision-WorkStation-T3500 kernel: [    0.239767] pci 0000:00:1a.2: [8086:3a39] type 00 class 0x0c0300
Mar 16 17:14:47 prady-Precision-WorkStation-T3500 kernel: [    0.239807] pci 0000:00:1a.2: reg 0x20: [io  0xfc00-0xfc1f]
Mar 16 17:14:47 prady-Precision-WorkStation-T3500 kernel: [    0.240202] pci 0000:00:1a.7: [8086:3a3c] type 00 class 0x0c0320
Mar 16 17:14:47 prady-Precision-WorkStation-T3500 kernel: [    0.240222] pci 0000:00:1a.7: reg 0x10: [mem 0xf7ffa000-0xf7ffa3ff]
Mar 16 17:14:47 prady-Precision-WorkStation-T3500 kernel: [    0.240299] pci 0000:00:1a.7: PME# supported from D0 D3hot D3cold
Mar 16 17:14:47 prady-Precision-WorkStation-T3500 kernel: [    0.240653] pci 0000:00:1b.0: [8086:3a3e] type 00 class 0x040300
Mar 16 17:14:47 prady-Precision-WorkStation-T3500 kernel: [    0.240672] pci 0000:00:1b.0: reg 0x10: [mem 0xf7ffc000-0xf7ffffff 64bit]
Mar 16 17:14:47 prady-Precision-WorkStation-T3500 kernel: [    0.240739] pci 0000:00:1b.0: PME# supported from D0 D3hot D3cold
Mar 16 17:14:47 prady-Precision-WorkStation-T3500 kernel: [    0.241096] pci 0000:00:1c.0: [8086:3a40] type 01 class 0x060400
Mar 16 17:14:47 prady-Precision-WorkStation-T3500 kernel: [    0.241166] pci 0000:00:1c.0: PME# supported from D0 D3hot D3cold
Mar 16 17:14:47 prady-Precision-WorkStation-T3500 kernel: [    0.241531] pci 0000:00:1c.5: [8086:3a4a] type 01 class 0x060400
Mar 16 17:14:47 prady-Precision-WorkStation-T3500 kernel: [    0.241600] pci 0000:00:1c.5: PME# supported from D0 D3hot D3cold
Mar 16 17:14:47 prady-Precision-WorkStation-T3500 kernel: [    0.241964] pci 0000:00:1d.0: [8086:3a34] type 00 class 0x0c0300
Mar 16 17:14:47 prady-Precision-WorkStation-T3500 kernel: [    0.242005] pci 0000:00:1d.0: reg 0x20: [io  0xff80-0xff9f]
Mar 16 17:14:47 prady-Precision-WorkStation-T3500 kernel: [    0.242391] pci 0000:00:1d.1: [8086:3a35] type 00 class 0x0c0300
Mar 16 17:14:47 prady-Precision-WorkStation-T3500 kernel: [    0.242431] pci 0000:00:1d.1: reg 0x20: [io  0xff60-0xff7f]
Mar 16 17:14:47 prady-Precision-WorkStation-T3500 kernel: [    0.242817] pci 0000:00:1d.2: [8086:3a36] type 00 class 0x0c0300
Mar 16 17:14:47 prady-Precision-WorkStation-T3500 kernel: [    0.242857] pci 0000:00:1d.2: reg 0x20: [io  0xff40-0xff5f]
Mar 16 17:14:47 prady-Precision-WorkStation-T3500 kernel: [    0.243248] pci 0000:00:1d.7: [8086:3a3a] type 00 class 0x0c0320
Mar 16 17:14:47 prady-Precision-WorkStation-T3500 kernel: [    0.243268] pci 0000:00:1d.7: reg 0x10: [mem 0xff980000-0xff9803ff]
Mar 16 17:14:47 prady-Precision-WorkStation-T3500 kernel: [    0.243344] pci 0000:00:1d.7: PME# supported from D0 D3hot D3cold
Mar 16 17:14:47 prady-Precision-WorkStation-T3500 kernel: [    0.243694] pci 0000:00:1e.0: [8086:244e] type 01 class 0x060401
Mar 16 17:14:47 prady-Precision-WorkStation-T3500 kernel: [    0.244091] pci 0000:00:1f.0: [8086:3a16] type 00 class 0x060100
Mar 16 17:14:47 prady-Precision-WorkStation-T3500 kernel: [    0.244168] pci 0000:00:1f.0: quirk: [io  0x0800-0x087f] claimed by ICH6 ACPI/GPIO/TCO
Mar 16 17:14:47 prady-Precision-WorkStation-T3500 kernel: [    0.244172] pci 0000:00:1f.0: quirk: [io  0x0880-0x08bf] claimed by ICH6 GPIO
Mar 16 17:14:47 prady-Precision-WorkStation-T3500 kernel: [    0.244175] pci 0000:00:1f.0: ICH7 LPC Generic IO decode 1 PIO at 0c00 (mask 007f)
Mar 16 17:14:47 prady-Precision-WorkStation-T3500 kernel: [    0.244177] pci 0000:00:1f.0: ICH7 LPC Generic IO decode 2 PIO at 00e0 (mask 0007)
Mar 16 17:14:47 prady-Precision-WorkStation-T3500 kernel: [    0.244179] pci 0000:00:1f.0: ICH7 LPC Generic IO decode 3 PIO at 0900 (mask 003f)
Mar 16 17:14:47 prady-Precision-WorkStation-T3500 kernel: [    0.244559] pci 0000:00:1f.2: [8086:2822] type 00 class 0x010400
Mar 16 17:14:47 prady-Precision-WorkStation-T3500 kernel: [    0.244575] pci 0000:00:1f.2: reg 0x10: [io  0xfe00-0xfe07]
Mar 16 17:14:47 prady-Precision-WorkStation-T3500 kernel: [    0.244582] pci 0000:00:1f.2: reg 0x14: [io  0xfe10-0xfe13]
Mar 16 17:14:47 prady-Precision-WorkStation-T3500 kernel: [    0.244588] pci 0000:00:1f.2: reg 0x18: [io  0xfe20-0xfe27]
Mar 16 17:14:47 prady-Precision-WorkStation-T3500 kernel: [    0.244594] pci 0000:00:1f.2: reg 0x1c: [io  0xfe30-0xfe33]
Mar 16 17:14:47 prady-Precision-WorkStation-T3500 kernel: [    0.244601] pci 0000:00:1f.2: reg 0x20: [io  0xfec0-0xfedf]
Mar 16 17:14:47 prady-Precision-WorkStation-T3500 kernel: [    0.244607] pci 0000:00:1f.2: reg 0x24: [mem 0xff970000-0xff9707ff]
Mar 16 17:14:47 prady-Precision-WorkStation-T3500 kernel: [    0.244645] pci 0000:00:1f.2: PME# supported from D3hot
Mar 16 17:14:47 prady-Precision-WorkStation-T3500 kernel: [    0.244994] pci 0000:00:1f.3: [8086:3a30] type 00 class 0x0c0500
Mar 16 17:14:47 prady-Precision-WorkStation-T3500 kernel: [    0.245011] pci 0000:00:1f.3: reg 0x10: [mem 0xf7ffb000-0xf7ffb0ff 64bit]
Mar 16 17:14:47 prady-Precision-WorkStation-T3500 kernel: [    0.245028] pci 0000:00:1f.3: reg 0x20: [io  0xece0-0xecff]
Mar 16 17:14:47 prady-Precision-WorkStation-T3500 kernel: [    0.245420] pci 0000:00:01.0: PCI bridge to [bus 01]
Mar 16 17:14:47 prady-Precision-WorkStation-T3500 kernel: [    0.245424] pci 0000:00:01.0:   bridge window [mem 0xf3e00000-0xf3efffff]
Mar 16 17:14:47 prady-Precision-WorkStation-T3500 kernel: [    0.245466] pci 0000:02:00.0: [10de:0dd8] type 00 class 0x030000
Mar 16 17:14:47 prady-Precision-WorkStation-T3500 kernel: [    0.245481] pci 0000:02:00.0: reg 0x10: [mem 0xf4000000-0xf5ffffff]
Mar 16 17:14:47 prady-Precision-WorkStation-T3500 kernel: [    0.245490] pci 0000:02:00.0: reg 0x14: [mem 0xe0000000-0xe7ffffff 64bit pref]
Mar 16 17:14:47 prady-Precision-WorkStation-T3500 kernel: [    0.245499] pci 0000:02:00.0: reg 0x1c: [mem 0xe8000000-0xebffffff 64bit pref]
Mar 16 17:14:47 prady-Precision-WorkStation-T3500 kernel: [    0.245505] pci 0000:02:00.0: reg 0x24: [io  0xdc80-0xdcff]
Mar 16 17:14:47 prady-Precision-WorkStation-T3500 kernel: [    0.245511] pci 0000:02:00.0: reg 0x30: [mem 0xf7e00000-0xf7e7ffff pref]
Mar 16 17:14:47 prady-Precision-WorkStation-T3500 kernel: [    0.245517] pci 0000:02:00.0: enabling Extended Tags
Mar 16 17:14:47 prady-Precision-WorkStation-T3500 kernel: [    0.245596] pci 0000:02:00.1: [10de:0be9] type 00 class 0x040300
Mar 16 17:14:47 prady-Precision-WorkStation-T3500 kernel: [    0.245609] pci 0000:02:00.1: reg 0x10: [mem 0xf7dfc000-0xf7dfffff]
Mar 16 17:14:47 prady-Precision-WorkStation-T3500 kernel: [    0.245643] pci 0000:02:00.1: enabling Extended Tags
Mar 16 17:14:47 prady-Precision-WorkStation-T3500 kernel: [    0.256024] pci 0000:00:03.0: PCI bridge to [bus 02]
Mar 16 17:14:47 prady-Precision-WorkStation-T3500 kernel: [    0.256027] pci 0000:00:03.0:   bridge window [io  0xd000-0xdfff]
Mar 16 17:14:47 prady-Precision-WorkStation-T3500 kernel: [    0.256029] pci 0000:00:03.0:   bridge window [mem 0xf4000000-0xf7efffff]
Mar 16 17:14:47 prady-Precision-WorkStation-T3500 kernel: [    0.256033] pci 0000:00:03.0:   bridge window [mem 0xe0000000-0xebffffff 64bit pref]
Mar 16 17:14:47 prady-Precision-WorkStation-T3500 kernel: [    0.256065] pci 0000:00:07.0: PCI bridge to [bus 03]
Mar 16 17:14:47 prady-Precision-WorkStation-T3500 kernel: [    0.256069] pci 0000:00:07.0:   bridge window [mem 0xf3f00000-0xf3ffffff]
Mar 16 17:14:47 prady-Precision-WorkStation-T3500 kernel: [    0.256105] pci 0000:00:1c.0: PCI bridge to [bus 04]
Mar 16 17:14:47 prady-Precision-WorkStation-T3500 kernel: [    0.256165] pci 0000:05:00.0: [14e4:1681] type 00 class 0x020000
Mar 16 17:14:47 prady-Precision-WorkStation-T3500 kernel: [    0.256201] pci 0000:05:00.0: reg 0x10: [mem 0xf3de0000-0xf3deffff 64bit]
Mar 16 17:14:47 prady-Precision-WorkStation-T3500 kernel: [    0.256218] pci 0000:05:00.0: reg 0x18: [mem 0xf3df0000-0xf3dfffff 64bit]
Mar 16 17:14:47 prady-Precision-WorkStation-T3500 kernel: [    0.256258] pci 0000:05:00.0: enabling Extended Tags
Mar 16 17:14:47 prady-Precision-WorkStation-T3500 kernel: [    0.256348] pci 0000:05:00.0: PME# supported from D3hot D3cold
Mar 16 17:14:47 prady-Precision-WorkStation-T3500 kernel: [    0.268029] pci 0000:00:1c.5: PCI bridge to [bus 05]
Mar 16 17:14:47 prady-Precision-WorkStation-T3500 kernel: [    0.268034] pci 0000:00:1c.5:   bridge window [mem 0xf3d00000-0xf3dfffff]
Mar 16 17:14:47 prady-Precision-WorkStation-T3500 kernel: [    0.268097] pci 0000:00:1e.0: PCI bridge to [bus 06] (subtractive decode)
Mar 16 17:14:47 prady-Precision-WorkStation-T3500 kernel: [    0.268105] pci 0000:00:1e.0:   bridge window [io  0x0000-0x0cf7 window] (subtractive decode)
Mar 16 17:14:47 prady-Precision-WorkStation-T3500 kernel: [    0.268106] pci 0000:00:1e.0:   bridge window [io  0x0d00-0xffff window] (subtractive decode)
Mar 16 17:14:47 prady-Precision-WorkStation-T3500 kernel: [    0.268107] pci 0000:00:1e.0:   bridge window [mem 0x000a0000-0x000bffff window] (subtractive decode)
Mar 16 17:14:47 prady-Precision-WorkStation-T3500 kernel: [    0.268108] pci 0000:00:1e.0:   bridge window [mem 0x000c0000-0x000effff window] (subtractive decode)
Mar 16 17:14:47 prady-Precision-WorkStation-T3500 kernel: [    0.268110] pci 0000:00:1e.0:   bridge window [mem 0x000f0000-0x000fffff window] (subtractive decode)
Mar 16 17:14:47 prady-Precision-WorkStation-T3500 kernel: [    0.268111] pci 0000:00:1e.0:   bridge window [mem 0xdff00000-0xf7ffffff window] (subtractive decode)
Mar 16 17:14:47 prady-Precision-WorkStation-T3500 kernel: [    0.268112] pci 0000:00:1e.0:   bridge window [mem 0xff980000-0xff980fff window] (subtractive decode)
Mar 16 17:14:47 prady-Precision-WorkStation-T3500 kernel: [    0.268113] pci 0000:00:1e.0:   bridge window [mem 0xff97c000-0xff97ffff window] (subtractive decode)
Mar 16 17:14:47 prady-Precision-WorkStation-T3500 kernel: [    0.268114] pci 0000:00:1e.0:   bridge window [mem 0xfed20000-0xfed9ffff window] (subtractive decode)
Mar 16 17:14:47 prady-Precision-WorkStation-T3500 kernel: [    0.288215] ACPI: PCI Interrupt Link [LNKA] (IRQs 3 4 5 6 7 9 10 *11 12 15)
Mar 16 17:14:47 prady-Precision-WorkStation-T3500 kernel: [    0.289151] ACPI: PCI Interrupt Link [LNKB] (IRQs 3 4 5 6 7 9 *10 11 12 15)
Mar 16 17:14:47 prady-Precision-WorkStation-T3500 kernel: [    0.290082] ACPI: PCI Interrupt Link [LNKC] (IRQs *3 4 5 6 7 9 10 11 12 15)
Mar 16 17:14:47 prady-Precision-WorkStation-T3500 kernel: [    0.291034] ACPI: PCI Interrupt Link [LNKD] (IRQs 3 4 5 6 7 9 10 11 12 15) *0, disabled.
Mar 16 17:14:47 prady-Precision-WorkStation-T3500 kernel: [    0.291969] ACPI: PCI Interrupt Link [LNKE] (IRQs *3 4 5 6 7 9 10 11 12 15)
Mar 16 17:14:47 prady-Precision-WorkStation-T3500 kernel: [    0.292923] ACPI: PCI Interrupt Link [LNKF] (IRQs 3 4 5 6 7 9 10 11 12 15) *0, disabled.
Mar 16 17:14:47 prady-Precision-WorkStation-T3500 kernel: [    0.293853] ACPI: PCI Interrupt Link [LNKG] (IRQs 3 4 5 6 7 *9 10 11 12 15)
Mar 16 17:14:47 prady-Precision-WorkStation-T3500 kernel: [    0.294786] ACPI: PCI Interrupt Link [LNKH] (IRQs 3 4 *5 6 7 9 10 11 12 15)
Mar 16 17:14:47 prady-Precision-WorkStation-T3500 kernel: [    0.295427] SCSI subsystem initialized
Mar 16 17:14:47 prady-Precision-WorkStation-T3500 kernel: [    0.295443] libata version 3.00 loaded.
Mar 16 17:14:47 prady-Precision-WorkStation-T3500 kernel: [    0.295443] pci 0000:02:00.0: vgaarb: setting as boot VGA device
Mar 16 17:14:47 prady-Precision-WorkStation-T3500 kernel: [    0.295443] pci 0000:02:00.0: vgaarb: VGA device added: decodes=io+mem,owns=io+mem,locks=none
Mar 16 17:14:47 prady-Precision-WorkStation-T3500 kernel: [    0.295443] pci 0000:02:00.0: vgaarb: bridge control possible
Mar 16 17:14:47 prady-Precision-WorkStation-T3500 kernel: [    0.295443] vgaarb: loaded
Mar 16 17:14:47 prady-Precision-WorkStation-T3500 kernel: [    0.295443] ACPI: bus type USB registered
Mar 16 17:14:47 prady-Precision-WorkStation-T3500 kernel: [    0.295443] usbcore: registered new interface driver usbfs
Mar 16 17:14:47 prady-Precision-WorkStation-T3500 kernel: [    0.295443] usbcore: registered new interface driver hub
Mar 16 17:14:47 prady-Precision-WorkStation-T3500 kernel: [    0.295443] usbcore: registered new device driver usb
Mar 16 17:14:47 prady-Precision-WorkStation-T3500 kernel: [    0.295443] EDAC MC: Ver: 3.0.0
Mar 16 17:14:47 prady-Precision-WorkStation-T3500 kernel: [    0.295443] PCI: Using ACPI for IRQ routing
Mar 16 17:14:47 prady-Precision-WorkStation-T3500 kernel: [    0.297061] PCI: Discovered peer bus 3f
Mar 16 17:14:47 prady-Precision-WorkStation-T3500 kernel: [    0.297061] PCI: root bus 3f: using default resources
Mar 16 17:14:47 prady-Precision-WorkStation-T3500 kernel: [    0.297062] PCI: Probing PCI hardware (bus 3f)
Mar 16 17:14:47 prady-Precision-WorkStation-T3500 kernel: [    0.297081] PCI host bridge to bus 0000:3f
Mar 16 17:14:47 prady-Precision-WorkStation-T3500 kernel: [    0.297082] pci_bus 0000:3f: root bus resource [io  0x0000-0xffff]
Mar 16 17:14:47 prady-Precision-WorkStation-T3500 kernel: [    0.297084] pci_bus 0000:3f: root bus resource [mem 0x00000000-0xfffffffff]
Mar 16 17:14:47 prady-Precision-WorkStation-T3500 kernel: [    0.297085] pci_bus 0000:3f: No busn resource found for root bus, will use [bus 3f-ff]
Mar 16 17:14:47 prady-Precision-WorkStation-T3500 kernel: [    0.297087] pci_bus 0000:3f: busn_res: can not insert [bus 3f-ff] under domain [bus 00-ff] (conflicts with (null) [bus 00-ff])
Mar 16 17:14:47 prady-Precision-WorkStation-T3500 kernel: [    0.297091] pci 0000:3f:00.0: [8086:2c41] type 00 class 0x060000
Mar 16 17:14:47 prady-Precision-WorkStation-T3500 kernel: [    0.297126] pci 0000:3f:00.1: [8086:2c01] type 00 class 0x060000
Mar 16 17:14:47 prady-Precision-WorkStation-T3500 kernel: [    0.297158] pci 0000:3f:02.0: [8086:2c10] type 00 class 0x060000
Mar 16 17:14:47 prady-Precision-WorkStation-T3500 kernel: [    0.297189] pci 0000:3f:02.1: [8086:2c11] type 00 class 0x060000
Mar 16 17:14:47 prady-Precision-WorkStation-T3500 kernel: [    0.297223] pci 0000:3f:03.0: [8086:2c18] type 00 class 0x060000
Mar 16 17:14:47 prady-Precision-WorkStation-T3500 kernel: [    0.297253] pci 0000:3f:03.1: [8086:2c19] type 00 class 0x060000
Mar 16 17:14:47 prady-Precision-WorkStation-T3500 kernel: [    0.297284] pci 0000:3f:03.4: [8086:2c1c] type 00 class 0x060000
Mar 16 17:14:47 prady-Precision-WorkStation-T3500 kernel: [    0.297315] pci 0000:3f:04.0: [8086:2c20] type 00 class 0x060000
Mar 16 17:14:47 prady-Precision-WorkStation-T3500 kernel: [    0.297344] pci 0000:3f:04.1: [8086:2c21] type 00 class 0x060000
Mar 16 17:14:47 prady-Precision-WorkStation-T3500 kernel: [    0.297375] pci 0000:3f:04.2: [8086:2c22] type 00 class 0x060000
Mar 16 17:14:47 prady-Precision-WorkStation-T3500 kernel: [    0.297405] pci 0000:3f:04.3: [8086:2c23] type 00 class 0x060000
Mar 16 17:14:47 prady-Precision-WorkStation-T3500 kernel: [    0.297436] pci 0000:3f:05.0: [8086:2c28] type 00 class 0x060000
Mar 16 17:14:47 prady-Precision-WorkStation-T3500 kernel: [    0.297467] pci 0000:3f:05.1: [8086:2c29] type 00 class 0x060000
Mar 16 17:14:47 prady-Precision-WorkStation-T3500 kernel: [    0.297497] pci 0000:3f:05.2: [8086:2c2a] type 00 class 0x060000
Mar 16 17:14:47 prady-Precision-WorkStation-T3500 kernel: [    0.297527] pci 0000:3f:05.3: [8086:2c2b] type 00 class 0x060000
Mar 16 17:14:47 prady-Precision-WorkStation-T3500 kernel: [    0.297559] pci 0000:3f:06.0: [8086:2c30] type 00 class 0x060000
Mar 16 17:14:47 prady-Precision-WorkStation-T3500 kernel: [    0.297589] pci 0000:3f:06.1: [8086:2c31] type 00 class 0x060000
Mar 16 17:14:47 prady-Precision-WorkStation-T3500 kernel: [    0.297619] pci 0000:3f:06.2: [8086:2c32] type 00 class 0x060000
Mar 16 17:14:47 prady-Precision-WorkStation-T3500 kernel: [    0.297649] pci 0000:3f:06.3: [8086:2c33] type 00 class 0x060000
Mar 16 17:14:47 prady-Precision-WorkStation-T3500 kernel: [    0.297686] pci_bus 0000:3f: busn_res: [bus 3f-ff] end is updated to 3f
Mar 16 17:14:47 prady-Precision-WorkStation-T3500 kernel: [    0.297688] pci_bus 0000:3f: busn_res: can not insert [bus 3f] under domain [bus 00-ff] (conflicts with (null) [bus 00-ff])
Mar 16 17:14:47 prady-Precision-WorkStation-T3500 kernel: [    0.297692] PCI: pci_cache_line_size set to 64 bytes
Mar 16 17:14:47 prady-Precision-WorkStation-T3500 kernel: [    0.297720] pci 0000:00:1f.2: can't claim BAR 5 [mem 0xff970000-0xff9707ff]: no compatible bridge window
Mar 16 17:14:47 prady-Precision-WorkStation-T3500 kernel: [    0.297753] Expanded resource Reserved due to conflict with PCI Bus 0000:00
Mar 16 17:14:47 prady-Precision-WorkStation-T3500 kernel: [    0.297754] e820: reserve RAM buffer [mem 0x00092800-0x0009ffff]
Mar 16 17:14:47 prady-Precision-WorkStation-T3500 kernel: [    0.297755] e820: reserve RAM buffer [mem 0xdfdf9c00-0xdfffffff]
Mar 16 17:14:47 prady-Precision-WorkStation-T3500 kernel: [    0.297836] NetLabel: Initializing
Mar 16 17:14:47 prady-Precision-WorkStation-T3500 kernel: [    0.297837] NetLabel:  domain hash size = 128
Mar 16 17:14:47 prady-Precision-WorkStation-T3500 kernel: [    0.297837] NetLabel:  protocols = UNLABELED CIPSOv4 CALIPSO
Mar 16 17:14:47 prady-Precision-WorkStation-T3500 kernel: [    0.297849] NetLabel:  unlabeled traffic allowed by default
Mar 16 17:14:47 prady-Precision-WorkStation-T3500 kernel: [    0.297863] HPET: 4 timers in total, 0 timers will be used for per-cpu timer
Mar 16 17:14:47 prady-Precision-WorkStation-T3500 kernel: [    0.297863] hpet0: at MMIO 0xfed00000, IRQs 2, 8, 0, 0
Mar 16 17:14:47 prady-Precision-WorkStation-T3500 kernel: [    0.297863] hpet0: 4 comparators, 64-bit 14.318180 MHz counter
Mar 16 17:14:47 prady-Precision-WorkStation-T3500 kernel: [    0.300022] clocksource: Switched to clocksource hpet
Mar 16 17:14:47 prady-Precision-WorkStation-T3500 kernel: [    0.309946] VFS: Disk quotas dquot_6.6.0
Mar 16 17:14:47 prady-Precision-WorkStation-T3500 kernel: [    0.309973] VFS: Dquot-cache hash table entries: 512 (order 0, 4096 bytes)
Mar 16 17:14:47 prady-Precision-WorkStation-T3500 kernel: [    0.310076] AppArmor: AppArmor Filesystem Enabled
Mar 16 17:14:47 prady-Precision-WorkStation-T3500 kernel: [    0.310102] pnp: PnP ACPI init
Mar 16 17:14:47 prady-Precision-WorkStation-T3500 kernel: [    0.312699] pnp 00:00: disabling [io  0x0800-0x085f] because it overlaps 0000:00:1f.0 BAR 13 [io  0x0800-0x087f]
Mar 16 17:14:47 prady-Precision-WorkStation-T3500 kernel: [    0.312701] pnp 00:00: disabling [io  0x0860-0x08ff] because it overlaps 0000:00:1f.0 BAR 13 [io  0x0800-0x087f]
Mar 16 17:14:47 prady-Precision-WorkStation-T3500 kernel: [    0.312735] system 00:00: [io  0x0c00-0x0c7f] has been reserved
Mar 16 17:14:47 prady-Precision-WorkStation-T3500 kernel: [    0.312740] system 00:00: Plug and Play ACPI device, IDs PNP0c01 (active)
Mar 16 17:14:47 prady-Precision-WorkStation-T3500 kernel: [    0.312977] pnp 00:01: Plug and Play ACPI device, IDs PNP0b00 (active)
Mar 16 17:14:47 prady-Precision-WorkStation-T3500 kernel: [    0.325332] pnp 00:02: [dma 0 disabled]
Mar 16 17:14:47 prady-Precision-WorkStation-T3500 kernel: [    0.326566] pnp 00:02: Plug and Play ACPI device, IDs PNP0401 (active)
Mar 16 17:14:47 prady-Precision-WorkStation-T3500 kernel: [    0.331680] pnp 00:03: Plug and Play ACPI device, IDs PNP0501 (active)
Mar 16 17:14:47 prady-Precision-WorkStation-T3500 kernel: [    0.343062] pnp: PnP ACPI: found 4 devices
Mar 16 17:14:47 prady-Precision-WorkStation-T3500 kernel: [    0.349023] clocksource: acpi_pm: mask: 0xffffff max_cycles: 0xffffff, max_idle_ns: 2085701024 ns
Mar 16 17:14:47 prady-Precision-WorkStation-T3500 kernel: [    0.349051] pci 0000:00:1c.0: bridge window [io  0x1000-0x0fff] to [bus 04] add_size 1000
Mar 16 17:14:47 prady-Precision-WorkStation-T3500 kernel: [    0.349053] pci 0000:00:1c.0: bridge window [mem 0x00100000-0x000fffff 64bit pref] to [bus 04] add_size 200000 add_align 100000
Mar 16 17:14:47 prady-Precision-WorkStation-T3500 kernel: [    0.349055] pci 0000:00:1c.0: bridge window [mem 0x00100000-0x000fffff] to [bus 04] add_size 200000 add_align 100000
Mar 16 17:14:47 prady-Precision-WorkStation-T3500 kernel: [    0.349074] pci 0000:00:1c.0: BAR 14: assigned [mem 0xec000000-0xec1fffff]
Mar 16 17:14:47 prady-Precision-WorkStation-T3500 kernel: [    0.349078] pci 0000:00:1c.0: BAR 15: assigned [mem 0xec200000-0xec3fffff 64bit pref]
Mar 16 17:14:47 prady-Precision-WorkStation-T3500 kernel: [    0.349080] pci 0000:00:1c.0: BAR 13: assigned [io  0x1000-0x1fff]
Mar 16 17:14:47 prady-Precision-WorkStation-T3500 kernel: [    0.349082] pci 0000:00:1f.2: BAR 5: assigned [mem 0xec400000-0xec4007ff]
Mar 16 17:14:47 prady-Precision-WorkStation-T3500 kernel: [    0.349086] pci 0000:00:01.0: PCI bridge to [bus 01]
Mar 16 17:14:47 prady-Precision-WorkStation-T3500 kernel: [    0.349090] pci 0000:00:01.0:   bridge window [mem 0xf3e00000-0xf3efffff]
Mar 16 17:14:47 prady-Precision-WorkStation-T3500 kernel: [    0.349095] pci 0000:00:03.0: PCI bridge to [bus 02]
Mar 16 17:14:47 prady-Precision-WorkStation-T3500 kernel: [    0.349097] pci 0000:00:03.0:   bridge window [io  0xd000-0xdfff]
Mar 16 17:14:47 prady-Precision-WorkStation-T3500 kernel: [    0.349099] pci 0000:00:03.0:   bridge window [mem 0xf4000000-0xf7efffff]
Mar 16 17:14:47 prady-Precision-WorkStation-T3500 kernel: [    0.349102] pci 0000:00:03.0:   bridge window [mem 0xe0000000-0xebffffff 64bit pref]
Mar 16 17:14:47 prady-Precision-WorkStation-T3500 kernel: [    0.349106] pci 0000:00:07.0: PCI bridge to [bus 03]
Mar 16 17:14:47 prady-Precision-WorkStation-T3500 kernel: [    0.349109] pci 0000:00:07.0:   bridge window [mem 0xf3f00000-0xf3ffffff]
Mar 16 17:14:47 prady-Precision-WorkStation-T3500 kernel: [    0.349114] pci 0000:00:1c.0: PCI bridge to [bus 04]
Mar 16 17:14:47 prady-Precision-WorkStation-T3500 kernel: [    0.349116] pci 0000:00:1c.0:   bridge window [io  0x1000-0x1fff]
Mar 16 17:14:47 prady-Precision-WorkStation-T3500 kernel: [    0.349119] pci 0000:00:1c.0:   bridge window [mem 0xec000000-0xec1fffff]
Mar 16 17:14:47 prady-Precision-WorkStation-T3500 kernel: [    0.349121] pci 0000:00:1c.0:   bridge window [mem 0xec200000-0xec3fffff 64bit pref]
Mar 16 17:14:47 prady-Precision-WorkStation-T3500 kernel: [    0.349126] pci 0000:00:1c.5: PCI bridge to [bus 05]
Mar 16 17:14:47 prady-Precision-WorkStation-T3500 kernel: [    0.349129] pci 0000:00:1c.5:   bridge window [mem 0xf3d00000-0xf3dfffff]
Mar 16 17:14:47 prady-Precision-WorkStation-T3500 kernel: [    0.349135] pci 0000:00:1e.0: PCI bridge to [bus 06]
Mar 16 17:14:47 prady-Precision-WorkStation-T3500 kernel: [    0.349144] pci_bus 0000:00: resource 4 [io  0x0000-0x0cf7 window]
Mar 16 17:14:47 prady-Precision-WorkStation-T3500 kernel: [    0.349145] pci_bus 0000:00: resource 5 [io  0x0d00-0xffff window]
Mar 16 17:14:47 prady-Precision-WorkStation-T3500 kernel: [    0.349146] pci_bus 0000:00: resource 6 [mem 0x000a0000-0x000bffff window]
Mar 16 17:14:47 prady-Precision-WorkStation-T3500 kernel: [    0.349147] pci_bus 0000:00: resource 7 [mem 0x000c0000-0x000effff window]
Mar 16 17:14:47 prady-Precision-WorkStation-T3500 kernel: [    0.349149] pci_bus 0000:00: resource 8 [mem 0x000f0000-0x000fffff window]
Mar 16 17:14:47 prady-Precision-WorkStation-T3500 kernel: [    0.349150] pci_bus 0000:00: resource 9 [mem 0xdff00000-0xf7ffffff window]
Mar 16 17:14:47 prady-Precision-WorkStation-T3500 kernel: [    0.349151] pci_bus 0000:00: resource 10 [mem 0xff980000-0xff980fff window]
Mar 16 17:14:47 prady-Precision-WorkStation-T3500 kernel: [    0.349152] pci_bus 0000:00: resource 11 [mem 0xff97c000-0xff97ffff window]
Mar 16 17:14:47 prady-Precision-WorkStation-T3500 kernel: [    0.349153] pci_bus 0000:00: resource 12 [mem 0xfed20000-0xfed9ffff window]
Mar 16 17:14:47 prady-Precision-WorkStation-T3500 kernel: [    0.349154] pci_bus 0000:01: resource 1 [mem 0xf3e00000-0xf3efffff]
Mar 16 17:14:47 prady-Precision-WorkStation-T3500 kernel: [    0.349156] pci_bus 0000:02: resource 0 [io  0xd000-0xdfff]
Mar 16 17:14:47 prady-Precision-WorkStation-T3500 kernel: [    0.349157] pci_bus 0000:02: resource 1 [mem 0xf4000000-0xf7efffff]
Mar 16 17:14:47 prady-Precision-WorkStation-T3500 kernel: [    0.349158] pci_bus 0000:02: resource 2 [mem 0xe0000000-0xebffffff 64bit pref]
Mar 16 17:14:47 prady-Precision-WorkStation-T3500 kernel: [    0.349159] pci_bus 0000:03: resource 1 [mem 0xf3f00000-0xf3ffffff]
Mar 16 17:14:47 prady-Precision-WorkStation-T3500 kernel: [    0.349161] pci_bus 0000:04: resource 0 [io  0x1000-0x1fff]
Mar 16 17:14:47 prady-Precision-WorkStation-T3500 kernel: [    0.349162] pci_bus 0000:04: resource 1 [mem 0xec000000-0xec1fffff]
Mar 16 17:14:47 prady-Precision-WorkStation-T3500 kernel: [    0.349163] pci_bus 0000:04: resource 2 [mem 0xec200000-0xec3fffff 64bit pref]
Mar 16 17:14:47 prady-Precision-WorkStation-T3500 kernel: [    0.349164] pci_bus 0000:05: resource 1 [mem 0xf3d00000-0xf3dfffff]
Mar 16 17:14:47 prady-Precision-WorkStation-T3500 kernel: [    0.349165] pci_bus 0000:06: resource 4 [io  0x0000-0x0cf7 window]
Mar 16 17:14:47 prady-Precision-WorkStation-T3500 kernel: [    0.349167] pci_bus 0000:06: resource 5 [io  0x0d00-0xffff window]
Mar 16 17:14:47 prady-Precision-WorkStation-T3500 kernel: [    0.349168] pci_bus 0000:06: resource 6 [mem 0x000a0000-0x000bffff window]
Mar 16 17:14:47 prady-Precision-WorkStation-T3500 kernel: [    0.349169] pci_bus 0000:06: resource 7 [mem 0x000c0000-0x000effff window]
Mar 16 17:14:47 prady-Precision-WorkStation-T3500 kernel: [    0.349170] pci_bus 0000:06: resource 8 [mem 0x000f0000-0x000fffff window]
Mar 16 17:14:47 prady-Precision-WorkStation-T3500 kernel: [    0.349171] pci_bus 0000:06: resource 9 [mem 0xdff00000-0xf7ffffff window]
Mar 16 17:14:47 prady-Precision-WorkStation-T3500 kernel: [    0.349172] pci_bus 0000:06: resource 10 [mem 0xff980000-0xff980fff window]
Mar 16 17:14:47 prady-Precision-WorkStation-T3500 kernel: [    0.349173] pci_bus 0000:06: resource 11 [mem 0xff97c000-0xff97ffff window]
Mar 16 17:14:47 prady-Precision-WorkStation-T3500 kernel: [    0.349175] pci_bus 0000:06: resource 12 [mem 0xfed20000-0xfed9ffff window]
Mar 16 17:14:47 prady-Precision-WorkStation-T3500 kernel: [    0.349198] pci_bus 0000:3f: resource 4 [io  0x0000-0xffff]
Mar 16 17:14:47 prady-Precision-WorkStation-T3500 kernel: [    0.349199] pci_bus 0000:3f: resource 5 [mem 0x00000000-0xfffffffff]
Mar 16 17:14:47 prady-Precision-WorkStation-T3500 kernel: [    0.349230] NET: Registered protocol family 2
Mar 16 17:14:47 prady-Precision-WorkStation-T3500 kernel: [    0.349442] TCP established hash table entries: 131072 (order: 8, 1048576 bytes)
Mar 16 17:14:47 prady-Precision-WorkStation-T3500 kernel: [    0.349638] TCP bind hash table entries: 65536 (order: 8, 1048576 bytes)
Mar 16 17:14:47 prady-Precision-WorkStation-T3500 kernel: [    0.349782] TCP: Hash tables configured (established 131072 bind 65536)
Mar 16 17:14:47 prady-Precision-WorkStation-T3500 kernel: [    0.349845] UDP hash table entries: 8192 (order: 6, 262144 bytes)
Mar 16 17:14:47 prady-Precision-WorkStation-T3500 kernel: [    0.349889] UDP-Lite hash table entries: 8192 (order: 6, 262144 bytes)
Mar 16 17:14:47 prady-Precision-WorkStation-T3500 kernel: [    0.349996] NET: Registered protocol family 1
Mar 16 17:14:47 prady-Precision-WorkStation-T3500 kernel: [    0.357112] pci 0000:02:00.0: Video device with shadowed ROM at [mem 0x000c0000-0x000dffff]
Mar 16 17:14:47 prady-Precision-WorkStation-T3500 kernel: [    0.357143] PCI: CLS 64 bytes, default 64
Mar 16 17:14:47 prady-Precision-WorkStation-T3500 kernel: [    0.357175] Unpacking initramfs...
Mar 16 17:14:47 prady-Precision-WorkStation-T3500 kernel: [    1.017097] Freeing initrd memory: 53216K
Mar 16 17:14:47 prady-Precision-WorkStation-T3500 kernel: [    1.017133] DMAR: Host address width 36
Mar 16 17:14:47 prady-Precision-WorkStation-T3500 kernel: [    1.017135] DMAR: DRHD base: 0x000000fedc0000 flags: 0x1
Mar 16 17:14:47 prady-Precision-WorkStation-T3500 kernel: [    1.017149] DMAR: dmar0: reg_base_addr fedc0000 ver 1:0 cap c90780106f0462 ecap f020fe
Mar 16 17:14:47 prady-Precision-WorkStation-T3500 kernel: [    1.017151] DMAR: RMRR base: 0x000000dfe58000 end: 0x000000dfe6ffff
Mar 16 17:14:47 prady-Precision-WorkStation-T3500 kernel: [    1.017152] DMAR: ATSR flags: 0x0
Mar 16 17:14:47 prady-Precision-WorkStation-T3500 kernel: [    1.017177] PCI-DMA: Using software bounce buffering for IO (SWIOTLB)
Mar 16 17:14:47 prady-Precision-WorkStation-T3500 kernel: [    1.017179] software IO TLB [mem 0xdbdf9000-0xdfdf9000] (64MB) mapped at [        (ptrval)-        (ptrval)]
Mar 16 17:14:47 prady-Precision-WorkStation-T3500 kernel: [    1.017335] Scanning for low memory corruption every 60 seconds
Mar 16 17:14:47 prady-Precision-WorkStation-T3500 kernel: [    1.018051] Initialise system trusted keyrings
Mar 16 17:14:47 prady-Precision-WorkStation-T3500 kernel: [    1.018058] Key type blacklist registered
Mar 16 17:14:47 prady-Precision-WorkStation-T3500 kernel: [    1.018086] workingset: timestamp_bits=36 max_order=22 bucket_order=0
Mar 16 17:14:47 prady-Precision-WorkStation-T3500 kernel: [    1.019058] zbud: loaded
Mar 16 17:14:47 prady-Precision-WorkStation-T3500 kernel: [    1.019513] squashfs: version 4.0 (2009/01/31) Phillip Lougher
Mar 16 17:14:47 prady-Precision-WorkStation-T3500 kernel: [    1.019624] fuse init (API version 7.26)
Mar 16 17:14:47 prady-Precision-WorkStation-T3500 kernel: [    1.020701] Key type asymmetric registered
Mar 16 17:14:47 prady-Precision-WorkStation-T3500 kernel: [    1.020702] Asymmetric key parser 'x509' registered
Mar 16 17:14:47 prady-Precision-WorkStation-T3500 kernel: [    1.020729] Block layer SCSI generic (bsg) driver version 0.4 loaded (major 246)
Mar 16 17:14:47 prady-Precision-WorkStation-T3500 kernel: [    1.020761] io scheduler noop registered
Mar 16 17:14:47 prady-Precision-WorkStation-T3500 kernel: [    1.020762] io scheduler deadline registered
Mar 16 17:14:47 prady-Precision-WorkStation-T3500 kernel: [    1.020785] io scheduler cfq registered (default)
Mar 16 17:14:47 prady-Precision-WorkStation-T3500 kernel: [    1.023433] vesafb: mode is 1600x1200x32, linelength=6400, pages=0
Mar 16 17:14:47 prady-Precision-WorkStation-T3500 kernel: [    1.023434] vesafb: scrolling: redraw
Mar 16 17:14:47 prady-Precision-WorkStation-T3500 kernel: [    1.023435] vesafb: Truecolor: size=8:8:8:8, shift=24:16:8:0
Mar 16 17:14:47 prady-Precision-WorkStation-T3500 kernel: [    1.023444] vesafb: framebuffer at 0xe9000000, mapped to 0x        (ptrval), using 7552k, total 7552k
Mar 16 17:14:47 prady-Precision-WorkStation-T3500 kernel: [    1.023509] Console: switching to colour frame buffer device 200x75
Mar 16 17:14:47 prady-Precision-WorkStation-T3500 kernel: [    1.023549] fb0: VESA VGA frame buffer device
Mar 16 17:14:47 prady-Precision-WorkStation-T3500 kernel: [    1.023559] intel_idle: MWAIT substates: 0x1120
Mar 16 17:14:47 prady-Precision-WorkStation-T3500 kernel: [    1.023560] intel_idle: v0.4.1 model 0x1A
Mar 16 17:14:47 prady-Precision-WorkStation-T3500 kernel: [    1.023666] intel_idle: lapic_timer_reliable_states 0x2
Mar 16 17:14:47 prady-Precision-WorkStation-T3500 kernel: [    1.023727] input: Power Button as /devices/LNXSYSTM:00/LNXSYBUS:00/PNP0C0C:00/input/input0
Mar 16 17:14:47 prady-Precision-WorkStation-T3500 kernel: [    1.023755] ACPI: Power Button [VBTN]
Mar 16 17:14:47 prady-Precision-WorkStation-T3500 kernel: [    1.023789] input: Power Button as /devices/LNXSYSTM:00/LNXPWRBN:00/input/input1
Mar 16 17:14:47 prady-Precision-WorkStation-T3500 kernel: [    1.023804] ACPI: Power Button [PWRF]
Mar 16 17:14:47 prady-Precision-WorkStation-T3500 kernel: [    1.024074] Serial: 8250/16550 driver, 32 ports, IRQ sharing enabled
Mar 16 17:14:47 prady-Precision-WorkStation-T3500 kernel: [    1.044531] 00:03: ttyS0 at I/O 0x3f8 (irq = 4, base_baud = 115200) is a 16550A
Mar 16 17:14:47 prady-Precision-WorkStation-T3500 kernel: [    1.047120] Linux agpgart interface v0.103
Mar 16 17:14:47 prady-Precision-WorkStation-T3500 kernel: [    1.050362] loop: module loaded
Mar 16 17:14:47 prady-Precision-WorkStation-T3500 kernel: [    1.050490] libphy: Fixed MDIO Bus: probed
Mar 16 17:14:47 prady-Precision-WorkStation-T3500 kernel: [    1.050491] tun: Universal TUN/TAP device driver, 1.6
Mar 16 17:14:47 prady-Precision-WorkStation-T3500 kernel: [    1.050575] PPP generic driver version 2.4.2
Mar 16 17:14:47 prady-Precision-WorkStation-T3500 kernel: [    1.050615] ehci_hcd: USB 2.0 'Enhanced' Host Controller (EHCI) Driver
Mar 16 17:14:47 prady-Precision-WorkStation-T3500 kernel: [    1.050617] ehci-pci: EHCI PCI platform driver
Mar 16 17:14:47 prady-Precision-WorkStation-T3500 kernel: [    1.051090] ehci-pci 0000:00:1a.7: EHCI Host Controller
Mar 16 17:14:47 prady-Precision-WorkStation-T3500 kernel: [    1.051095] ehci-pci 0000:00:1a.7: new USB bus registered, assigned bus number 1
Mar 16 17:14:47 prady-Precision-WorkStation-T3500 kernel: [    1.051105] ehci-pci 0000:00:1a.7: debug port 1
Mar 16 17:14:47 prady-Precision-WorkStation-T3500 kernel: [    1.055014] ehci-pci 0000:00:1a.7: cache line size of 64 is not supported
Mar 16 17:14:47 prady-Precision-WorkStation-T3500 kernel: [    1.055026] ehci-pci 0000:00:1a.7: irq 22, io mem 0xf7ffa000
Mar 16 17:14:47 prady-Precision-WorkStation-T3500 kernel: [    1.068270] ehci-pci 0000:00:1a.7: USB 2.0 started, EHCI 1.00
Mar 16 17:14:47 prady-Precision-WorkStation-T3500 kernel: [    1.068329] usb usb1: New USB device found, idVendor=1d6b, idProduct=0002
Mar 16 17:14:47 prady-Precision-WorkStation-T3500 kernel: [    1.068331] usb usb1: New USB device strings: Mfr=3, Product=2, SerialNumber=1
Mar 16 17:14:47 prady-Precision-WorkStation-T3500 kernel: [    1.068334] usb usb1: Product: EHCI Host Controller
Mar 16 17:14:47 prady-Precision-WorkStation-T3500 kernel: [    1.068336] usb usb1: Manufacturer: Linux 4.15.0-45-generic ehci_hcd
Mar 16 17:14:47 prady-Precision-WorkStation-T3500 kernel: [    1.068338] usb usb1: SerialNumber: 0000:00:1a.7
Mar 16 17:14:47 prady-Precision-WorkStation-T3500 kernel: [    1.068603] hub 1-0:1.0: USB hub found
Mar 16 17:14:47 prady-Precision-WorkStation-T3500 kernel: [    1.068614] hub 1-0:1.0: 6 ports detected
Mar 16 17:14:47 prady-Precision-WorkStation-T3500 kernel: [    1.069199] ehci-pci 0000:00:1d.7: EHCI Host Controller
Mar 16 17:14:47 prady-Precision-WorkStation-T3500 kernel: [    1.069202] ehci-pci 0000:00:1d.7: new USB bus registered, assigned bus number 2
Mar 16 17:14:47 prady-Precision-WorkStation-T3500 kernel: [    1.069211] ehci-pci 0000:00:1d.7: debug port 1
Mar 16 17:14:47 prady-Precision-WorkStation-T3500 kernel: [    1.073111] ehci-pci 0000:00:1d.7: cache line size of 64 is not supported
Mar 16 17:14:47 prady-Precision-WorkStation-T3500 kernel: [    1.073120] ehci-pci 0000:00:1d.7: irq 23, io mem 0xff980000
Mar 16 17:14:47 prady-Precision-WorkStation-T3500 kernel: [    1.088225] ehci-pci 0000:00:1d.7: USB 2.0 started, EHCI 1.00
Mar 16 17:14:47 prady-Precision-WorkStation-T3500 kernel: [    1.088278] usb usb2: New USB device found, idVendor=1d6b, idProduct=0002
Mar 16 17:14:47 prady-Precision-WorkStation-T3500 kernel: [    1.088281] usb usb2: New USB device strings: Mfr=3, Product=2, SerialNumber=1
Mar 16 17:14:47 prady-Precision-WorkStation-T3500 kernel: [    1.088283] usb usb2: Product: EHCI Host Controller
Mar 16 17:14:47 prady-Precision-WorkStation-T3500 kernel: [    1.088285] usb usb2: Manufacturer: Linux 4.15.0-45-generic ehci_hcd
Mar 16 17:14:47 prady-Precision-WorkStation-T3500 kernel: [    1.088287] usb usb2: SerialNumber: 0000:00:1d.7
Mar 16 17:14:47 prady-Precision-WorkStation-T3500 kernel: [    1.088582] hub 2-0:1.0: USB hub found
Mar 16 17:14:47 prady-Precision-WorkStation-T3500 kernel: [    1.088594] hub 2-0:1.0: 6 ports detected
Mar 16 17:14:47 prady-Precision-WorkStation-T3500 kernel: [    1.088735] ehci-platform: EHCI generic platform driver
Mar 16 17:14:47 prady-Precision-WorkStation-T3500 kernel: [    1.088743] ohci_hcd: USB 1.1 'Open' Host Controller (OHCI) Driver
Mar 16 17:14:47 prady-Precision-WorkStation-T3500 kernel: [    1.088752] ohci-pci: OHCI PCI platform driver
Mar 16 17:14:47 prady-Precision-WorkStation-T3500 kernel: [    1.088759] ohci-platform: OHCI generic platform driver
Mar 16 17:14:47 prady-Precision-WorkStation-T3500 kernel: [    1.088763] uhci_hcd: USB Universal Host Controller Interface driver
Mar 16 17:14:47 prady-Precision-WorkStation-T3500 kernel: [    1.089219] uhci_hcd 0000:00:1a.0: UHCI Host Controller
Mar 16 17:14:47 prady-Precision-WorkStation-T3500 kernel: [    1.089223] uhci_hcd 0000:00:1a.0: new USB bus registered, assigned bus number 3
Mar 16 17:14:47 prady-Precision-WorkStation-T3500 kernel: [    1.089228] uhci_hcd 0000:00:1a.0: detected 2 ports
Mar 16 17:14:47 prady-Precision-WorkStation-T3500 kernel: [    1.089250] uhci_hcd 0000:00:1a.0: irq 16, io base 0x0000ff20
Mar 16 17:14:47 prady-Precision-WorkStation-T3500 kernel: [    1.089282] usb usb3: New USB device found, idVendor=1d6b, idProduct=0001
Mar 16 17:14:47 prady-Precision-WorkStation-T3500 kernel: [    1.089283] usb usb3: New USB device strings: Mfr=3, Product=2, SerialNumber=1
Mar 16 17:14:47 prady-Precision-WorkStation-T3500 kernel: [    1.089285] usb usb3: Product: UHCI Host Controller
Mar 16 17:14:47 prady-Precision-WorkStation-T3500 kernel: [    1.089286] usb usb3: Manufacturer: Linux 4.15.0-45-generic uhci_hcd
Mar 16 17:14:47 prady-Precision-WorkStation-T3500 kernel: [    1.089287] usb usb3: SerialNumber: 0000:00:1a.0
Mar 16 17:14:47 prady-Precision-WorkStation-T3500 kernel: [    1.089548] hub 3-0:1.0: USB hub found
Mar 16 17:14:47 prady-Precision-WorkStation-T3500 kernel: [    1.089559] hub 3-0:1.0: 2 ports detected
Mar 16 17:14:47 prady-Precision-WorkStation-T3500 kernel: [    1.090106] uhci_hcd 0000:00:1a.1: UHCI Host Controller
Mar 16 17:14:47 prady-Precision-WorkStation-T3500 kernel: [    1.090110] uhci_hcd 0000:00:1a.1: new USB bus registered, assigned bus number 4
Mar 16 17:14:47 prady-Precision-WorkStation-T3500 kernel: [    1.090115] uhci_hcd 0000:00:1a.1: detected 2 ports
Mar 16 17:14:47 prady-Precision-WorkStation-T3500 kernel: [    1.090137] uhci_hcd 0000:00:1a.1: irq 17, io base 0x0000ff00
Mar 16 17:14:47 prady-Precision-WorkStation-T3500 kernel: [    1.090170] usb usb4: New USB device found, idVendor=1d6b, idProduct=0001
Mar 16 17:14:47 prady-Precision-WorkStation-T3500 kernel: [    1.090171] usb usb4: New USB device strings: Mfr=3, Product=2, SerialNumber=1
Mar 16 17:14:47 prady-Precision-WorkStation-T3500 kernel: [    1.090172] usb usb4: Product: UHCI Host Controller
Mar 16 17:14:47 prady-Precision-WorkStation-T3500 kernel: [    1.090173] usb usb4: Manufacturer: Linux 4.15.0-45-generic uhci_hcd
Mar 16 17:14:47 prady-Precision-WorkStation-T3500 kernel: [    1.090175] usb usb4: SerialNumber: 0000:00:1a.1
Mar 16 17:14:47 prady-Precision-WorkStation-T3500 kernel: [    1.090435] hub 4-0:1.0: USB hub found
Mar 16 17:14:47 prady-Precision-WorkStation-T3500 kernel: [    1.090446] hub 4-0:1.0: 2 ports detected
Mar 16 17:14:47 prady-Precision-WorkStation-T3500 kernel: [    1.090991] uhci_hcd 0000:00:1a.2: UHCI Host Controller
Mar 16 17:14:47 prady-Precision-WorkStation-T3500 kernel: [    1.090995] uhci_hcd 0000:00:1a.2: new USB bus registered, assigned bus number 5
Mar 16 17:14:47 prady-Precision-WorkStation-T3500 kernel: [    1.091000] uhci_hcd 0000:00:1a.2: detected 2 ports
Mar 16 17:14:47 prady-Precision-WorkStation-T3500 kernel: [    1.091017] uhci_hcd 0000:00:1a.2: irq 22, io base 0x0000fc00
Mar 16 17:14:47 prady-Precision-WorkStation-T3500 kernel: [    1.091050] usb usb5: New USB device found, idVendor=1d6b, idProduct=0001
Mar 16 17:14:47 prady-Precision-WorkStation-T3500 kernel: [    1.091052] usb usb5: New USB device strings: Mfr=3, Product=2, SerialNumber=1
Mar 16 17:14:47 prady-Precision-WorkStation-T3500 kernel: [    1.091053] usb usb5: Product: UHCI Host Controller
Mar 16 17:14:47 prady-Precision-WorkStation-T3500 kernel: [    1.091054] usb usb5: Manufacturer: Linux 4.15.0-45-generic uhci_hcd
Mar 16 17:14:47 prady-Precision-WorkStation-T3500 kernel: [    1.091055] usb usb5: SerialNumber: 0000:00:1a.2
Mar 16 17:14:47 prady-Precision-WorkStation-T3500 kernel: [    1.091317] hub 5-0:1.0: USB hub found
Mar 16 17:14:47 prady-Precision-WorkStation-T3500 kernel: [    1.091327] hub 5-0:1.0: 2 ports detected
Mar 16 17:14:47 prady-Precision-WorkStation-T3500 kernel: [    1.091874] uhci_hcd 0000:00:1d.0: UHCI Host Controller
Mar 16 17:14:47 prady-Precision-WorkStation-T3500 kernel: [    1.091878] uhci_hcd 0000:00:1d.0: new USB bus registered, assigned bus number 6
Mar 16 17:14:47 prady-Precision-WorkStation-T3500 kernel: [    1.091883] uhci_hcd 0000:00:1d.0: detected 2 ports
Mar 16 17:14:47 prady-Precision-WorkStation-T3500 kernel: [    1.091899] uhci_hcd 0000:00:1d.0: irq 23, io base 0x0000ff80
Mar 16 17:14:47 prady-Precision-WorkStation-T3500 kernel: [    1.091931] usb usb6: New USB device found, idVendor=1d6b, idProduct=0001
Mar 16 17:14:47 prady-Precision-WorkStation-T3500 kernel: [    1.091933] usb usb6: New USB device strings: Mfr=3, Product=2, SerialNumber=1
Mar 16 17:14:47 prady-Precision-WorkStation-T3500 kernel: [    1.091934] usb usb6: Product: UHCI Host Controller
Mar 16 17:14:47 prady-Precision-WorkStation-T3500 kernel: [    1.091935] usb usb6: Manufacturer: Linux 4.15.0-45-generic uhci_hcd
Mar 16 17:14:47 prady-Precision-WorkStation-T3500 kernel: [    1.091936] usb usb6: SerialNumber: 0000:00:1d.0
Mar 16 17:14:47 prady-Precision-WorkStation-T3500 kernel: [    1.092226] hub 6-0:1.0: USB hub found
Mar 16 17:14:47 prady-Precision-WorkStation-T3500 kernel: [    1.092240] hub 6-0:1.0: 2 ports detected
Mar 16 17:14:47 prady-Precision-WorkStation-T3500 kernel: [    1.092794] uhci_hcd 0000:00:1d.1: UHCI Host Controller
Mar 16 17:14:47 prady-Precision-WorkStation-T3500 kernel: [    1.092799] uhci_hcd 0000:00:1d.1: new USB bus registered, assigned bus number 7
Mar 16 17:14:47 prady-Precision-WorkStation-T3500 kernel: [    1.092804] uhci_hcd 0000:00:1d.1: detected 2 ports
Mar 16 17:14:47 prady-Precision-WorkStation-T3500 kernel: [    1.092820] uhci_hcd 0000:00:1d.1: irq 17, io base 0x0000ff60
Mar 16 17:14:47 prady-Precision-WorkStation-T3500 kernel: [    1.092856] usb usb7: New USB device found, idVendor=1d6b, idProduct=0001
Mar 16 17:14:47 prady-Precision-WorkStation-T3500 kernel: [    1.092857] usb usb7: New USB device strings: Mfr=3, Product=2, SerialNumber=1
Mar 16 17:14:47 prady-Precision-WorkStation-T3500 kernel: [    1.092858] usb usb7: Product: UHCI Host Controller
Mar 16 17:14:47 prady-Precision-WorkStation-T3500 kernel: [    1.092860] usb usb7: Manufacturer: Linux 4.15.0-45-generic uhci_hcd
Mar 16 17:14:47 prady-Precision-WorkStation-T3500 kernel: [    1.092861] usb usb7: SerialNumber: 0000:00:1d.1
Mar 16 17:14:47 prady-Precision-WorkStation-T3500 kernel: [    1.093066] hub 7-0:1.0: USB hub found
Mar 16 17:14:47 prady-Precision-WorkStation-T3500 kernel: [    1.093072] hub 7-0:1.0: 2 ports detected
Mar 16 17:14:47 prady-Precision-WorkStation-T3500 kernel: [    1.093597] uhci_hcd 0000:00:1d.2: UHCI Host Controller
Mar 16 17:14:47 prady-Precision-WorkStation-T3500 kernel: [    1.093603] uhci_hcd 0000:00:1d.2: new USB bus registered, assigned bus number 8
Mar 16 17:14:47 prady-Precision-WorkStation-T3500 kernel: [    1.093608] uhci_hcd 0000:00:1d.2: detected 2 ports
Mar 16 17:14:47 prady-Precision-WorkStation-T3500 kernel: [    1.093629] uhci_hcd 0000:00:1d.2: irq 18, io base 0x0000ff40
Mar 16 17:14:47 prady-Precision-WorkStation-T3500 kernel: [    1.093662] usb usb8: New USB device found, idVendor=1d6b, idProduct=0001
Mar 16 17:14:47 prady-Precision-WorkStation-T3500 kernel: [    1.093663] usb usb8: New USB device strings: Mfr=3, Product=2, SerialNumber=1
Mar 16 17:14:47 prady-Precision-WorkStation-T3500 kernel: [    1.093664] usb usb8: Product: UHCI Host Controller
Mar 16 17:14:47 prady-Precision-WorkStation-T3500 kernel: [    1.093665] usb usb8: Manufacturer: Linux 4.15.0-45-generic uhci_hcd
Mar 16 17:14:47 prady-Precision-WorkStation-T3500 kernel: [    1.093667] usb usb8: SerialNumber: 0000:00:1d.2
Mar 16 17:14:47 prady-Precision-WorkStation-T3500 kernel: [    1.093874] hub 8-0:1.0: USB hub found
Mar 16 17:14:47 prady-Precision-WorkStation-T3500 kernel: [    1.093880] hub 8-0:1.0: 2 ports detected
Mar 16 17:14:47 prady-Precision-WorkStation-T3500 kernel: [    1.093983] i8042: PNP: No PS/2 controller found.
Mar 16 17:14:47 prady-Precision-WorkStation-T3500 kernel: [    1.093984] i8042: Probing ports directly.
Mar 16 17:14:47 prady-Precision-WorkStation-T3500 kernel: [    1.096921] serio: i8042 KBD port at 0x60,0x64 irq 1
Mar 16 17:14:47 prady-Precision-WorkStation-T3500 kernel: [    1.096926] serio: i8042 AUX port at 0x60,0x64 irq 12
Mar 16 17:14:47 prady-Precision-WorkStation-T3500 kernel: [    1.097289] mousedev: PS/2 mouse device common for all mice
Mar 16 17:14:47 prady-Precision-WorkStation-T3500 kernel: [    1.097549] rtc_cmos 00:01: RTC can wake from S4
Mar 16 17:14:47 prady-Precision-WorkStation-T3500 kernel: [    1.097725] rtc_cmos 00:01: rtc core: registered rtc_cmos as rtc0
Mar 16 17:14:47 prady-Precision-WorkStation-T3500 kernel: [    1.097747] rtc_cmos 00:01: alarms up to one day, 242 bytes nvram, hpet irqs
Mar 16 17:14:47 prady-Precision-WorkStation-T3500 kernel: [    1.097752] i2c /dev entries driver
Mar 16 17:14:47 prady-Precision-WorkStation-T3500 kernel: [    1.097756] pcie_mp2_amd: AMD(R) PCI-E MP2 Communication Driver Version: 1.0
Mar 16 17:14:47 prady-Precision-WorkStation-T3500 kernel: [    1.097807] device-mapper: uevent: version 1.0.3
Mar 16 17:14:47 prady-Precision-WorkStation-T3500 kernel: [    1.097859] device-mapper: ioctl: 4.37.0-ioctl (2017-09-20) initialised: dm-devel@redhat.com
Mar 16 17:14:47 prady-Precision-WorkStation-T3500 kernel: [    1.098157] ledtrig-cpu: registered to indicate activity on CPUs
Mar 16 17:14:47 prady-Precision-WorkStation-T3500 kernel: [    1.098927] NET: Registered protocol family 10
Mar 16 17:14:47 prady-Precision-WorkStation-T3500 kernel: [    1.104285] Segment Routing with IPv6
Mar 16 17:14:47 prady-Precision-WorkStation-T3500 kernel: [    1.104314] NET: Registered protocol family 17
Mar 16 17:14:47 prady-Precision-WorkStation-T3500 kernel: [    1.104512] Key type dns_resolver registered
Mar 16 17:14:47 prady-Precision-WorkStation-T3500 kernel: [    1.105064] RAS: Correctable Errors collector initialized.
Mar 16 17:14:47 prady-Precision-WorkStation-T3500 kernel: [    1.105083] microcode: sig=0x106a5, pf=0x2, revision=0x1d
Mar 16 17:14:47 prady-Precision-WorkStation-T3500 kernel: [    1.105229] microcode: Microcode Update Driver: v2.2.
Mar 16 17:14:47 prady-Precision-WorkStation-T3500 kernel: [    1.105247] sched_clock: Marking stable (1105221529, 0)->(1187822546, -82601017)
Mar 16 17:14:47 prady-Precision-WorkStation-T3500 kernel: [    1.106106] registered taskstats version 1
Mar 16 17:14:47 prady-Precision-WorkStation-T3500 kernel: [    1.106122] Loading compiled-in X.509 certificates
Mar 16 17:14:47 prady-Precision-WorkStation-T3500 kernel: [    1.108211] Loaded X.509 cert 'Build time autogenerated kernel key: 35696836150e8814a73ddf797b531767553bb0f7'
Mar 16 17:14:47 prady-Precision-WorkStation-T3500 kernel: [    1.108227] zswap: loaded using pool lzo/zbud
Mar 16 17:14:47 prady-Precision-WorkStation-T3500 kernel: [    1.112655] Key type big_key registered
Mar 16 17:14:47 prady-Precision-WorkStation-T3500 kernel: [    1.112661] Key type trusted registered
Mar 16 17:14:47 prady-Precision-WorkStation-T3500 kernel: [    1.114502] Key type encrypted registered
Mar 16 17:14:47 prady-Precision-WorkStation-T3500 kernel: [    1.114506] AppArmor: AppArmor sha1 policy hashing enabled
Mar 16 17:14:47 prady-Precision-WorkStation-T3500 kernel: [    1.114509] ima: No TPM chip found, activating TPM-bypass! (rc=-19)
Mar 16 17:14:47 prady-Precision-WorkStation-T3500 kernel: [    1.114515] ima: Allocated hash algorithm: sha1
Mar 16 17:14:47 prady-Precision-WorkStation-T3500 kernel: [    1.114540] evm: HMAC attrs: 0x1
Mar 16 17:14:47 prady-Precision-WorkStation-T3500 kernel: [    1.114915]   Magic number: 11:34:732
Mar 16 17:14:47 prady-Precision-WorkStation-T3500 kernel: [    1.115130] rtc_cmos 00:01: setting system clock to 2019-03-16 11:44:36 UTC (1552736676)
Mar 16 17:14:47 prady-Precision-WorkStation-T3500 kernel: [    1.115488] BIOS EDD facility v0.16 2004-Jun-25, 0 devices found
Mar 16 17:14:47 prady-Precision-WorkStation-T3500 kernel: [    1.115489] EDD information not available.
Mar 16 17:14:47 prady-Precision-WorkStation-T3500 kernel: [    1.117846] Freeing unused kernel memory: 2408K
Mar 16 17:14:47 prady-Precision-WorkStation-T3500 kernel: [    1.132276] Write protecting the kernel read-only data: 20480k
Mar 16 17:14:47 prady-Precision-WorkStation-T3500 kernel: [    1.133520] Freeing unused kernel memory: 2008K
Mar 16 17:14:47 prady-Precision-WorkStation-T3500 kernel: [    1.137246] Freeing unused kernel memory: 1884K
Mar 16 17:14:47 prady-Precision-WorkStation-T3500 kernel: [    1.144585] x86/mm: Checked W+X mappings: passed, no W+X pages found.
Mar 16 17:14:47 prady-Precision-WorkStation-T3500 kernel: [    1.144585] x86/mm: Checking user space page tables
Mar 16 17:14:47 prady-Precision-WorkStation-T3500 kernel: [    1.151398] x86/mm: Checked W+X mappings: passed, no W+X pages found.
Mar 16 17:14:47 prady-Precision-WorkStation-T3500 kernel: [    1.164504] random: systemd-udevd: uninitialized urandom read (16 bytes read)
Mar 16 17:14:47 prady-Precision-WorkStation-T3500 kernel: [    1.164580] random: systemd-udevd: uninitialized urandom read (16 bytes read)
Mar 16 17:14:47 prady-Precision-WorkStation-T3500 kernel: [    1.164591] random: systemd-udevd: uninitialized urandom read (16 bytes read)
Mar 16 17:14:47 prady-Precision-WorkStation-T3500 kernel: [    1.211460] wmi_bus wmi_bus-PNP0C14:00: WQBC data block query control method not found
Mar 16 17:14:47 prady-Precision-WorkStation-T3500 kernel: [    1.213885] pps_core: LinuxPPS API ver. 1 registered
Mar 16 17:14:47 prady-Precision-WorkStation-T3500 kernel: [    1.213886] pps_core: Software ver. 5.3.6 - Copyright 2005-2007 Rodolfo Giometti <giometti@linux.it>
Mar 16 17:14:47 prady-Precision-WorkStation-T3500 kernel: [    1.215011] PTP clock support registered
Mar 16 17:14:47 prady-Precision-WorkStation-T3500 kernel: [    1.218013] ahci 0000:00:1f.2: version 3.0
Mar 16 17:14:47 prady-Precision-WorkStation-T3500 kernel: [    1.218366] tg3.c:v3.137 (May 11, 2014)
Mar 16 17:14:47 prady-Precision-WorkStation-T3500 kernel: [    1.219198] ahci 0000:00:1f.2: controller can't do SNTF, turning off CAP_SNTF
Mar 16 17:14:47 prady-Precision-WorkStation-T3500 kernel: [    1.219503] ahci 0000:00:1f.2: AHCI 0001.0200 32 slots 6 ports 3 Gbps 0x3f impl RAID mode
Mar 16 17:14:47 prady-Precision-WorkStation-T3500 kernel: [    1.219505] ahci 0000:00:1f.2: flags: 64bit ncq led clo pio ccc ems sxs 
Mar 16 17:14:47 prady-Precision-WorkStation-T3500 kernel: [    1.238941] tg3 0000:05:00.0 eth0: Tigon3 [partno(BCM95761) rev 5761100] (PCI Express) MAC address d4:ae:52:be:fd:10
Mar 16 17:14:47 prady-Precision-WorkStation-T3500 kernel: [    1.238943] tg3 0000:05:00.0 eth0: attached PHY is 5761 (10/100/1000Base-T Ethernet) (WireSpeed[1], EEE[0])
Mar 16 17:14:47 prady-Precision-WorkStation-T3500 kernel: [    1.238945] tg3 0000:05:00.0 eth0: RXcsums[1] LinkChgREG[0] MIirq[0] ASF[0] TSOcap[1]
Mar 16 17:14:47 prady-Precision-WorkStation-T3500 kernel: [    1.238946] tg3 0000:05:00.0 eth0: dma_rwctrl[76180000] dma_mask[64-bit]
Mar 16 17:14:47 prady-Precision-WorkStation-T3500 kernel: [    1.246312] tg3 0000:05:00.0 enp5s0: renamed from eth0
Mar 16 17:14:47 prady-Precision-WorkStation-T3500 kernel: [    1.251206] checking generic (e9000000 760000) vs hw (e0000000 8000000)
Mar 16 17:14:47 prady-Precision-WorkStation-T3500 kernel: [    1.251207] checking generic (e9000000 760000) vs hw (e8000000 4000000)
Mar 16 17:14:47 prady-Precision-WorkStation-T3500 kernel: [    1.251208] fb: switching to nouveaufb from VESA VGA
Mar 16 17:14:47 prady-Precision-WorkStation-T3500 kernel: [    1.251228] Console: switching to colour dummy device 80x25
Mar 16 17:14:47 prady-Precision-WorkStation-T3500 kernel: [    1.251595] nouveau 0000:02:00.0: NVIDIA GF106 (0c3c00a1)
Mar 16 17:14:47 prady-Precision-WorkStation-T3500 kernel: [    1.280641] scsi host0: ahci
Mar 16 17:14:47 prady-Precision-WorkStation-T3500 kernel: [    1.280872] scsi host1: ahci
Mar 16 17:14:47 prady-Precision-WorkStation-T3500 kernel: [    1.281206] scsi host2: ahci
Mar 16 17:14:47 prady-Precision-WorkStation-T3500 kernel: [    1.281338] scsi host3: ahci
Mar 16 17:14:47 prady-Precision-WorkStation-T3500 kernel: [    1.284224] scsi host4: ahci
Mar 16 17:14:47 prady-Precision-WorkStation-T3500 kernel: [    1.284312] scsi host5: ahci
Mar 16 17:14:47 prady-Precision-WorkStation-T3500 kernel: [    1.284349] ata1: SATA max UDMA/133 abar m2048@0xec400000 port 0xec400100 irq 24
Mar 16 17:14:47 prady-Precision-WorkStation-T3500 kernel: [    1.284351] ata2: SATA max UDMA/133 abar m2048@0xec400000 port 0xec400180 irq 24
Mar 16 17:14:47 prady-Precision-WorkStation-T3500 kernel: [    1.284353] ata3: SATA max UDMA/133 abar m2048@0xec400000 port 0xec400200 irq 24
Mar 16 17:14:47 prady-Precision-WorkStation-T3500 kernel: [    1.284354] ata4: SATA max UDMA/133 abar m2048@0xec400000 port 0xec400280 irq 24
Mar 16 17:14:47 prady-Precision-WorkStation-T3500 kernel: [    1.284355] ata5: SATA max UDMA/133 abar m2048@0xec400000 port 0xec400300 irq 24
Mar 16 17:14:47 prady-Precision-WorkStation-T3500 kernel: [    1.284357] ata6: SATA max UDMA/133 abar m2048@0xec400000 port 0xec400380 irq 24
Mar 16 17:14:47 prady-Precision-WorkStation-T3500 kernel: [    1.381130] nouveau 0000:02:00.0: bios: version 70.06.41.00.02
Mar 16 17:14:47 prady-Precision-WorkStation-T3500 kernel: [    1.528189] nouveau 0000:02:00.0: fb: 1024 MiB GDDR5
Mar 16 17:14:47 prady-Precision-WorkStation-T3500 kernel: [    1.560156] usb 3-1: new low-speed USB device number 2 using uhci_hcd
Mar 16 17:14:47 prady-Precision-WorkStation-T3500 kernel: [    1.600904] ata4: SATA link down (SStatus 4 SControl 300)
Mar 16 17:14:47 prady-Precision-WorkStation-T3500 kernel: [    1.600926] ata2: SATA link up 1.5 Gbps (SStatus 113 SControl 300)
Mar 16 17:14:47 prady-Precision-WorkStation-T3500 kernel: [    1.600945] ata1: SATA link up 3.0 Gbps (SStatus 123 SControl 300)
Mar 16 17:14:47 prady-Precision-WorkStation-T3500 kernel: [    1.600959] ata3: SATA link down (SStatus 4 SControl 300)
Mar 16 17:14:47 prady-Precision-WorkStation-T3500 kernel: [    1.600978] ata5: SATA link down (SStatus 4 SControl 300)
Mar 16 17:14:47 prady-Precision-WorkStation-T3500 kernel: [    1.600995] ata6: SATA link down (SStatus 0 SControl 300)
Mar 16 17:14:47 prady-Precision-WorkStation-T3500 kernel: [    1.601523] ata2.00: ATAPI: TSSTcorp DVD+/-RW SH-216AB, D300, max UDMA/100
Mar 16 17:14:47 prady-Precision-WorkStation-T3500 kernel: [    1.601526] ata2.00: applying bridge limits
Mar 16 17:14:47 prady-Precision-WorkStation-T3500 kernel: [    1.602444] ata2.00: configured for UDMA/100
Mar 16 17:14:47 prady-Precision-WorkStation-T3500 kernel: [    1.602599] ata1.00: ATA-8: WDC WD5000AAKX-753CA1, 19.01H19, max UDMA/133
Mar 16 17:14:47 prady-Precision-WorkStation-T3500 kernel: [    1.602600] ata1.00: 976773168 sectors, multi 0: LBA48 NCQ (depth 31/32), AA
Mar 16 17:14:47 prady-Precision-WorkStation-T3500 kernel: [    1.604383] ata1.00: configured for UDMA/133
Mar 16 17:14:47 prady-Precision-WorkStation-T3500 kernel: [    1.604707] scsi 0:0:0:0: Direct-Access     ATA      WDC WD5000AAKX-7 1H19 PQ: 0 ANSI: 5
Mar 16 17:14:47 prady-Precision-WorkStation-T3500 kernel: [    1.605013] sd 0:0:0:0: Attached scsi generic sg0 type 0
Mar 16 17:14:47 prady-Precision-WorkStation-T3500 kernel: [    1.605101] sd 0:0:0:0: [sda] 976773168 512-byte logical blocks: (500 GB/466 GiB)
Mar 16 17:14:47 prady-Precision-WorkStation-T3500 kernel: [    1.605111] sd 0:0:0:0: [sda] Write Protect is off
Mar 16 17:14:47 prady-Precision-WorkStation-T3500 kernel: [    1.605112] sd 0:0:0:0: [sda] Mode Sense: 00 3a 00 00
Mar 16 17:14:47 prady-Precision-WorkStation-T3500 kernel: [    1.605126] sd 0:0:0:0: [sda] Write cache: enabled, read cache: enabled, doesn't support DPO or FUA
Mar 16 17:14:47 prady-Precision-WorkStation-T3500 kernel: [    1.605786] scsi 1:0:0:0: CD-ROM            TSSTcorp DVD+-RW SH-216AB D300 PQ: 0 ANSI: 5
Mar 16 17:14:47 prady-Precision-WorkStation-T3500 kernel: [    1.639823]  sda: sda1 sda2 < sda5 >
Mar 16 17:14:47 prady-Precision-WorkStation-T3500 kernel: [    1.640410] sd 0:0:0:0: [sda] Attached SCSI disk
Mar 16 17:14:47 prady-Precision-WorkStation-T3500 kernel: [    1.710503] sr 1:0:0:0: [sr0] scsi3-mmc drive: 48x/48x writer dvd-ram cd/rw xa/form2 cdda tray
Mar 16 17:14:47 prady-Precision-WorkStation-T3500 kernel: [    1.710505] cdrom: Uniform CD-ROM driver Revision: 3.20
Mar 16 17:14:47 prady-Precision-WorkStation-T3500 kernel: [    1.710734] sr 1:0:0:0: Attached scsi CD-ROM sr0
Mar 16 17:14:47 prady-Precision-WorkStation-T3500 kernel: [    1.710791] sr 1:0:0:0: Attached scsi generic sg1 type 5
Mar 16 17:14:47 prady-Precision-WorkStation-T3500 kernel: [    1.754236] usb 3-1: New USB device found, idVendor=0461, idProduct=4e22
Mar 16 17:14:47 prady-Precision-WorkStation-T3500 kernel: [    1.754238] usb 3-1: New USB device strings: Mfr=1, Product=2, SerialNumber=0
Mar 16 17:14:47 prady-Precision-WorkStation-T3500 kernel: [    1.754239] usb 3-1: Product: USB Optical Mouse
Mar 16 17:14:47 prady-Precision-WorkStation-T3500 kernel: [    1.754240] usb 3-1: Manufacturer: PixArt
Mar 16 17:14:47 prady-Precision-WorkStation-T3500 kernel: [    1.760279] hidraw: raw HID events driver (C) Jiri Kosina
Mar 16 17:14:47 prady-Precision-WorkStation-T3500 kernel: [    1.773332] usbcore: registered new interface driver usbhid
Mar 16 17:14:47 prady-Precision-WorkStation-T3500 kernel: [    1.773333] usbhid: USB HID core driver
Mar 16 17:14:47 prady-Precision-WorkStation-T3500 kernel: [    1.775183] input: PixArt USB Optical Mouse as /devices/pci0000:00/0000:00:1a.0/usb3/3-1/3-1:1.0/0003:0461:4E22.0001/input/input5
Mar 16 17:14:47 prady-Precision-WorkStation-T3500 kernel: [    1.775252] hid-generic 0003:0461:4E22.0001: input,hidraw0: USB HID v1.11 Mouse [PixArt USB Optical Mouse] on usb-0000:00:1a.0-1/input0
Mar 16 17:14:47 prady-Precision-WorkStation-T3500 kernel: [    1.792056] random: fast init done
Mar 16 17:14:47 prady-Precision-WorkStation-T3500 kernel: [    2.044182] tsc: Refined TSC clocksource calibration: 3200.113 MHz
Mar 16 17:14:47 prady-Precision-WorkStation-T3500 kernel: [    2.044208] clocksource: tsc: mask: 0xffffffffffffffff max_cycles: 0x2e20b4b4bc2, max_idle_ns: 440795278723 ns
Mar 16 17:14:47 prady-Precision-WorkStation-T3500 kernel: [    2.408199] usb 3-2: new low-speed USB device number 3 using uhci_hcd
Mar 16 17:14:47 prady-Precision-WorkStation-T3500 kernel: [    2.739310] usb 3-2: New USB device found, idVendor=03f0, idProduct=034a
Mar 16 17:14:47 prady-Precision-WorkStation-T3500 kernel: [    2.739311] usb 3-2: New USB device strings: Mfr=1, Product=2, SerialNumber=0
Mar 16 17:14:47 prady-Precision-WorkStation-T3500 kernel: [    2.739313] usb 3-2: Product: HP Elite USB Keyboard
Mar 16 17:14:47 prady-Precision-WorkStation-T3500 kernel: [    2.739314] usb 3-2: Manufacturer: Chicony
Mar 16 17:14:47 prady-Precision-WorkStation-T3500 kernel: [    2.807540] input: Chicony HP Elite USB Keyboard as /devices/pci0000:00/0000:00:1a.0/usb3/3-2/3-2:1.0/0003:03F0:034A.0002/input/input6
Mar 16 17:14:47 prady-Precision-WorkStation-T3500 kernel: [    2.840489] [TTM] Zone  kernel: Available graphics memory: 6144988 kiB
Mar 16 17:14:47 prady-Precision-WorkStation-T3500 kernel: [    2.840491] [TTM] Zone   dma32: Available graphics memory: 2097152 kiB
Mar 16 17:14:47 prady-Precision-WorkStation-T3500 kernel: [    2.840492] [TTM] Initializing pool allocator
Mar 16 17:14:47 prady-Precision-WorkStation-T3500 kernel: [    2.840499] [TTM] Initializing DMA pool allocator
Mar 16 17:14:47 prady-Precision-WorkStation-T3500 kernel: [    2.840521] nouveau 0000:02:00.0: DRM: VRAM: 1024 MiB
Mar 16 17:14:47 prady-Precision-WorkStation-T3500 kernel: [    2.840524] nouveau 0000:02:00.0: DRM: GART: 1048576 MiB
Mar 16 17:14:47 prady-Precision-WorkStation-T3500 kernel: [    2.840529] nouveau 0000:02:00.0: DRM: TMDS table version 2.0
Mar 16 17:14:47 prady-Precision-WorkStation-T3500 kernel: [    2.840531] nouveau 0000:02:00.0: DRM: DCB version 4.0
Mar 16 17:14:47 prady-Precision-WorkStation-T3500 kernel: [    2.840535] nouveau 0000:02:00.0: DRM: DCB outp 00: 02000300 00000000
Mar 16 17:14:47 prady-Precision-WorkStation-T3500 kernel: [    2.840538] nouveau 0000:02:00.0: DRM: DCB outp 01: 01000302 00020030
Mar 16 17:14:47 prady-Precision-WorkStation-T3500 kernel: [    2.840540] nouveau 0000:02:00.0: DRM: DCB outp 02: 048113b6 0f220010
Mar 16 17:14:47 prady-Precision-WorkStation-T3500 kernel: [    2.840543] nouveau 0000:02:00.0: DRM: DCB outp 03: 04011372 00020010
Mar 16 17:14:47 prady-Precision-WorkStation-T3500 kernel: [    2.840546] nouveau 0000:02:00.0: DRM: DCB outp 04: 028223a6 0f220010
Mar 16 17:14:47 prady-Precision-WorkStation-T3500 kernel: [    2.840548] nouveau 0000:02:00.0: DRM: DCB outp 05: 02022362 00020010
Mar 16 17:14:47 prady-Precision-WorkStation-T3500 kernel: [    2.840551] nouveau 0000:02:00.0: DRM: DCB conn 00: 00001030
Mar 16 17:14:47 prady-Precision-WorkStation-T3500 kernel: [    2.840553] nouveau 0000:02:00.0: DRM: DCB conn 01: 00820146
Mar 16 17:14:47 prady-Precision-WorkStation-T3500 kernel: [    2.840555] nouveau 0000:02:00.0: DRM: DCB conn 02: 00410246
Mar 16 17:14:47 prady-Precision-WorkStation-T3500 kernel: [    2.842208] [drm] Supports vblank timestamp caching Rev 2 (21.10.2013).
Mar 16 17:14:47 prady-Precision-WorkStation-T3500 kernel: [    2.842209] [drm] Driver supports precise vblank timestamp query.
Mar 16 17:14:47 prady-Precision-WorkStation-T3500 kernel: [    2.842972] nouveau 0000:02:00.0: DRM: MM: using COPY0 for buffer copies
Mar 16 17:14:47 prady-Precision-WorkStation-T3500 kernel: [    2.864521] hid-generic 0003:03F0:034A.0002: input,hidraw1: USB HID v1.10 Keyboard [Chicony HP Elite USB Keyboard] on usb-0000:00:1a.0-2/input0
Mar 16 17:14:47 prady-Precision-WorkStation-T3500 kernel: [    2.910554] input: Chicony HP Elite USB Keyboard as /devices/pci0000:00/0000:00:1a.0/usb3/3-2/3-2:1.1/0003:03F0:034A.0003/input/input7
Mar 16 17:14:47 prady-Precision-WorkStation-T3500 kernel: [    2.940201] usb 1-4: new high-speed USB device number 4 using ehci-pci
Mar 16 17:14:47 prady-Precision-WorkStation-T3500 kernel: [    2.980463] hid-generic 0003:03F0:034A.0003: input,hidraw2: USB HID v1.10 Device [Chicony HP Elite USB Keyboard] on usb-0000:00:1a.0-2/input1
Mar 16 17:14:47 prady-Precision-WorkStation-T3500 kernel: [    3.035368] nouveau 0000:02:00.0: DRM: allocated 2560x1600 fb: 0x60000, bo         (ptrval)
Mar 16 17:14:47 prady-Precision-WorkStation-T3500 kernel: [    3.036271] fbcon: nouveaufb (fb0) is primary device
Mar 16 17:14:47 prady-Precision-WorkStation-T3500 kernel: [    3.036336] Console: switching to colour frame buffer device 320x100
Mar 16 17:14:47 prady-Precision-WorkStation-T3500 kernel: [    3.036413] nouveau 0000:02:00.0: fb0: nouveaufb frame buffer device
Mar 16 17:14:47 prady-Precision-WorkStation-T3500 kernel: [    3.080093] clocksource: Switched to clocksource tsc
Mar 16 17:14:47 prady-Precision-WorkStation-T3500 kernel: [    3.088209] [drm] Initialized nouveau 1.3.1 20120801 for 0000:02:00.0 on minor 0
Mar 16 17:14:47 prady-Precision-WorkStation-T3500 kernel: [    3.102332] usb 1-4: New USB device found, idVendor=2001, idProduct=3308
Mar 16 17:14:47 prady-Precision-WorkStation-T3500 kernel: [    3.102333] usb 1-4: New USB device strings: Mfr=1, Product=2, SerialNumber=3
Mar 16 17:14:47 prady-Precision-WorkStation-T3500 kernel: [    3.102334] usb 1-4: Product: 802.11n WLAN Adapter
Mar 16 17:14:47 prady-Precision-WorkStation-T3500 kernel: [    3.102335] usb 1-4: Manufacturer: Realtek
Mar 16 17:14:47 prady-Precision-WorkStation-T3500 kernel: [    3.102336] usb 1-4: SerialNumber: 00e04c000001
Mar 16 17:14:47 prady-Precision-WorkStation-T3500 kernel: [    3.290908] EXT4-fs (sda1): mounted filesystem with ordered data mode. Opts: (null)
Mar 16 17:14:47 prady-Precision-WorkStation-T3500 kernel: [    5.086145] random: crng init done
Mar 16 17:14:47 prady-Precision-WorkStation-T3500 kernel: [    5.086147] random: 7 urandom warning(s) missed due to ratelimiting
Mar 16 17:14:47 prady-Precision-WorkStation-T3500 kernel: [    5.216670] lp: driver loaded but no devices found
Mar 16 17:14:47 prady-Precision-WorkStation-T3500 kernel: [    5.467385] EXT4-fs (sda1): re-mounted. Opts: errors=remount-ro
Mar 16 17:14:47 prady-Precision-WorkStation-T3500 kernel: [    5.660150] ppdev: user-space parallel port driver
Mar 16 17:14:47 prady-Precision-WorkStation-T3500 kernel: [    5.916783] parport_pc 00:02: reported by Plug and Play ACPI
Mar 16 17:14:47 prady-Precision-WorkStation-T3500 kernel: [    5.916841] parport0: PC-style at 0x378 (0x778), irq 7, using FIFO [PCSPP,TRISTATE,COMPAT,EPP,ECP]
Mar 16 17:14:47 prady-Precision-WorkStation-T3500 kernel: [    6.012425] lp0: using parport0 (interrupt-driven).
Mar 16 17:14:47 prady-Precision-WorkStation-T3500 kernel: [   10.676130] shpchp: Standard Hot Plug PCI Controller Driver version: 0.4
Mar 16 17:14:47 prady-Precision-WorkStation-T3500 kernel: [   10.679064] EDAC MC0: Giving out device to module i7core_edac.c controller i7 core #0: DEV 0000:3f:03.0 (INTERRUPT)
Mar 16 17:14:47 prady-Precision-WorkStation-T3500 kernel: [   10.679090] EDAC PCI0: Giving out device to module i7core_edac controller EDAC PCI controller: DEV 0000:3f:03.0 (POLLED)
Mar 16 17:14:47 prady-Precision-WorkStation-T3500 kernel: [   10.679104] EDAC i7core: Driver loaded, 1 memory controller(s) found.
Mar 16 17:14:47 prady-Precision-WorkStation-T3500 kernel: [   10.718287] ACPI Warning: SystemIO range 0x0000000000000828-0x000000000000082F conflicts with OpRegion 0x0000000000000828-0x000000000000082D (\GLBC) (20170831/utaddress-247)
Mar 16 17:14:47 prady-Precision-WorkStation-T3500 kernel: [   10.718293] ACPI Warning: SystemIO range 0x0000000000000828-0x000000000000082F conflicts with OpRegion 0x000000000000082A-0x000000000000082A (\SACT) (20170831/utaddress-247)
Mar 16 17:14:47 prady-Precision-WorkStation-T3500 kernel: [   10.718296] ACPI Warning: SystemIO range 0x0000000000000828-0x000000000000082F conflicts with OpRegion 0x0000000000000828-0x0000000000000828 (\SSTS) (20170831/utaddress-247)
Mar 16 17:14:47 prady-Precision-WorkStation-T3500 kernel: [   10.718298] ACPI: If an ACPI driver is available for this device, you should use it instead of the native driver
Mar 16 17:14:47 prady-Precision-WorkStation-T3500 kernel: [   10.718319] lpc_ich: Resource conflict(s) found affecting gpio_ich
Mar 16 17:14:47 prady-Precision-WorkStation-T3500 kernel: [   10.742068] snd_hda_intel 0000:02:00.1: Disabling MSI
Mar 16 17:14:47 prady-Precision-WorkStation-T3500 kernel: [   10.742075] snd_hda_intel 0000:02:00.1: Handle vga_switcheroo audio client
Mar 16 17:14:47 prady-Precision-WorkStation-T3500 kernel: [   10.784445] kvm: VM_EXIT_LOAD_IA32_PERF_GLOBAL_CTRL does not work properly. Using workaround
Mar 16 17:14:47 prady-Precision-WorkStation-T3500 kernel: [   10.789158] dcdbas dcdbas: Dell Systems Management Base Driver (version 5.6.0-3.2)
Mar 16 17:14:47 prady-Precision-WorkStation-T3500 kernel: [   10.790861] dell_smbios: Unable to run on non-Dell system
Mar 16 17:14:47 prady-Precision-WorkStation-T3500 kernel: [   10.840346] gpio_ich: GPIO from 451 to 511 on gpio_ich
Mar 16 17:14:47 prady-Precision-WorkStation-T3500 kernel: [   11.008923] audit: type=1400 audit(1552736686.388:2): apparmor="STATUS" operation="profile_load" profile="unconfined" name="/sbin/dhclient" pid=570 comm="apparmor_parser"
Mar 16 17:14:47 prady-Precision-WorkStation-T3500 kernel: [   11.008926] audit: type=1400 audit(1552736686.388:3): apparmor="STATUS" operation="profile_load" profile="unconfined" name="/usr/lib/NetworkManager/nm-dhcp-client.action" pid=570 comm="apparmor_parser"
Mar 16 17:14:47 prady-Precision-WorkStation-T3500 kernel: [   11.008928] audit: type=1400 audit(1552736686.388:4): apparmor="STATUS" operation="profile_load" profile="unconfined" name="/usr/lib/NetworkManager/nm-dhcp-helper" pid=570 comm="apparmor_parser"
Mar 16 17:14:47 prady-Precision-WorkStation-T3500 kernel: [   11.008930] audit: type=1400 audit(1552736686.388:5): apparmor="STATUS" operation="profile_load" profile="unconfined" name="/usr/lib/connman/scripts/dhclient-script" pid=570 comm="apparmor_parser"
Mar 16 17:14:47 prady-Precision-WorkStation-T3500 kernel: [   11.009206] audit: type=1400 audit(1552736686.388:6): apparmor="STATUS" operation="profile_load" profile="unconfined" name="/usr/lib/lightdm/lightdm-guest-session" pid=569 comm="apparmor_parser"
Mar 16 17:14:47 prady-Precision-WorkStation-T3500 kernel: [   11.009210] audit: type=1400 audit(1552736686.388:7): apparmor="STATUS" operation="profile_load" profile="unconfined" name="/usr/lib/lightdm/lightdm-guest-session//chromium" pid=569 comm="apparmor_parser"
Mar 16 17:14:47 prady-Precision-WorkStation-T3500 kernel: [   11.010492] audit: type=1400 audit(1552736686.388:8): apparmor="STATUS" operation="profile_load" profile="unconfined" name="/usr/sbin/cups-browsed" pid=577 comm="apparmor_parser"
Mar 16 17:14:47 prady-Precision-WorkStation-T3500 kernel: [   11.013120] audit: type=1400 audit(1552736686.392:9): apparmor="STATUS" operation="profile_load" profile="unconfined" name="/usr/lib/cups/backend/cups-pdf" pid=578 comm="apparmor_parser"
Mar 16 17:14:47 prady-Precision-WorkStation-T3500 kernel: [   11.013123] audit: type=1400 audit(1552736686.392:10): apparmor="STATUS" operation="profile_load" profile="unconfined" name="/usr/sbin/cupsd" pid=578 comm="apparmor_parser"
Mar 16 17:14:47 prady-Precision-WorkStation-T3500 kernel: [   11.013125] audit: type=1400 audit(1552736686.392:11): apparmor="STATUS" operation="profile_load" profile="unconfined" name="/usr/sbin/cupsd//third_party" pid=578 comm="apparmor_parser"
Mar 16 17:14:47 prady-Precision-WorkStation-T3500 kernel: [   11.093565] dell_wmi: Unknown symbol dell_laptop_call_notifier (err 0)
Mar 16 17:14:47 prady-Precision-WorkStation-T3500 kernel: [   11.093579] dell_wmi: Unknown symbol dell_smbios_error (err 0)
Mar 16 17:14:47 prady-Precision-WorkStation-T3500 kernel: [   11.093592] dell_wmi: Unknown symbol dell_smbios_call (err 0)
Mar 16 17:14:47 prady-Precision-WorkStation-T3500 kernel: [   11.110491] snd_hda_codec_analog hdaudioC0D0: autoconfig for AD1984A: line_outs=1 (0x12/0x0/0x0/0x0/0x0) type:line
Mar 16 17:14:47 prady-Precision-WorkStation-T3500 kernel: [   11.110492] snd_hda_codec_analog hdaudioC0D0:    speaker_outs=1 (0x13/0x0/0x0/0x0/0x0)
Mar 16 17:14:47 prady-Precision-WorkStation-T3500 kernel: [   11.110494] snd_hda_codec_analog hdaudioC0D0:    hp_outs=1 (0x11/0x0/0x0/0x0/0x0)
Mar 16 17:14:47 prady-Precision-WorkStation-T3500 kernel: [   11.110495] snd_hda_codec_analog hdaudioC0D0:    mono: mono_out=0x0
Mar 16 17:14:47 prady-Precision-WorkStation-T3500 kernel: [   11.110496] snd_hda_codec_analog hdaudioC0D0:    inputs:
Mar 16 17:14:47 prady-Precision-WorkStation-T3500 kernel: [   11.110497] snd_hda_codec_analog hdaudioC0D0:      Mic=0x14
Mar 16 17:14:47 prady-Precision-WorkStation-T3500 kernel: [   11.110498] snd_hda_codec_analog hdaudioC0D0:      Line=0x15
Mar 16 17:14:47 prady-Precision-WorkStation-T3500 kernel: [   11.118268] input: HDA Intel Mic as /devices/pci0000:00/0000:00:1b.0/sound/card0/input8
Mar 16 17:14:47 prady-Precision-WorkStation-T3500 kernel: [   11.118316] input: HDA Intel Line as /devices/pci0000:00/0000:00:1b.0/sound/card0/input9
Mar 16 17:14:47 prady-Precision-WorkStation-T3500 kernel: [   11.118357] input: HDA Intel Line Out as /devices/pci0000:00/0000:00:1b.0/sound/card0/input10
Mar 16 17:14:47 prady-Precision-WorkStation-T3500 kernel: [   11.118397] input: HDA Intel Front Headphone as /devices/pci0000:00/0000:00:1b.0/sound/card0/input11
Mar 16 17:14:47 prady-Precision-WorkStation-T3500 kernel: [   11.958887] input: HDA NVidia HDMI/DP,pcm=3 as /devices/pci0000:00/0000:00:03.0/0000:02:00.1/sound/card1/input12
Mar 16 17:14:47 prady-Precision-WorkStation-T3500 kernel: [   11.959039] input: HDA NVidia HDMI/DP,pcm=7 as /devices/pci0000:00/0000:00:03.0/0000:02:00.1/sound/card1/input13
Mar 16 17:14:47 prady-Precision-WorkStation-T3500 kernel: [   11.959188] input: HDA NVidia HDMI/DP,pcm=8 as /devices/pci0000:00/0000:00:03.0/0000:02:00.1/sound/card1/input14
Mar 16 17:14:47 prady-Precision-WorkStation-T3500 kernel: [   11.959344] input: HDA NVidia HDMI/DP,pcm=9 as /devices/pci0000:00/0000:00:03.0/0000:02:00.1/sound/card1/input15
Mar 16 17:14:47 prady-Precision-WorkStation-T3500 kernel: [   11.992802] Adding 998396k swap on /dev/sda5.  Priority:-2 extents:1 across:998396k FS
Mar 16 17:14:47 prady-Precision-WorkStation-T3500 acpid: starting up with netlink and the input layer
Mar 16 17:14:47 prady-Precision-WorkStation-T3500 kernel: [   12.171797] cfg80211: Loading compiled-in X.509 certificates for regulatory database
Mar 16 17:14:47 prady-Precision-WorkStation-T3500 kernel: [   12.173859] cfg80211: Loaded X.509 cert 'sforshee: 00b28ddf47aef9cea7'
Mar 16 17:14:47 prady-Precision-WorkStation-T3500 kernel: [   12.192631] rtl8192cu: Chip version 0x10
Mar 16 17:14:47 prady-Precision-WorkStation-T3500 kernel: [   12.277252] rtl8192cu: Board Type 0
Mar 16 17:14:47 prady-Precision-WorkStation-T3500 kernel: [   12.277499] rtl_usb: rx_max_size 15360, rx_urb_num 8, in_ep 1
Mar 16 17:14:47 prady-Precision-WorkStation-T3500 kernel: [   12.277523] rtl8192cu: Loading firmware rtlwifi/rtl8192cufw_TMSC.bin
Mar 16 17:14:47 prady-Precision-WorkStation-T3500 kernel: [   12.280615] ieee80211 phy0: Selected rate control algorithm 'rtl_rc'
Mar 16 17:14:47 prady-Precision-WorkStation-T3500 kernel: [   12.280812] usbcore: registered new interface driver rtl8192cu
Mar 16 17:14:47 prady-Precision-WorkStation-T3500 kernel: [   12.283272] usbcore: registered new interface driver rtl8xxxu
Mar 16 17:14:47 prady-Precision-WorkStation-T3500 kernel: [   12.284713] rtl8192cu 1-4:1.0 wlx54b80a016852: renamed from wlan0
Mar 16 17:14:47 prady-Precision-WorkStation-T3500 anacron[717]: Normal exit (0 jobs run)
Mar 16 17:14:47 prady-Precision-WorkStation-T3500 acpid: 9 rules loaded
Mar 16 17:14:47 prady-Precision-WorkStation-T3500 acpid: waiting for events: event logging is off
Mar 16 17:14:47 prady-Precision-WorkStation-T3500 dbus[741]: [system] AppArmor D-Bus mediation is enabled
Mar 16 17:14:47 prady-Precision-WorkStation-T3500 systemd[1]: Starting Network Manager...
Mar 16 17:14:47 prady-Precision-WorkStation-T3500 systemd[1]: Starting Login Service...
Mar 16 17:14:47 prady-Precision-WorkStation-T3500 systemd[1]: Starting Accounts Service...
Mar 16 17:14:47 prady-Precision-WorkStation-T3500 systemd[1]: Starting Snappy daemon...
Mar 16 17:14:47 prady-Precision-WorkStation-T3500 systemd[1]: Started System Logging Service.
Mar 16 17:14:47 prady-Precision-WorkStation-T3500 avahi-daemon[724]: Found user 'avahi' (UID 111) and group 'avahi' (GID 120).
Mar 16 17:14:47 prady-Precision-WorkStation-T3500 avahi-daemon[724]: Successfully dropped root privileges.
Mar 16 17:14:47 prady-Precision-WorkStation-T3500 avahi-daemon[724]: avahi-daemon 0.6.32-rc starting up.
Mar 16 17:14:47 prady-Precision-WorkStation-T3500 systemd[1]: Started Permit User Sessions.
Mar 16 17:14:47 prady-Precision-WorkStation-T3500 systemd[1]: Started Restore /etc/resolv.conf if the system crashed before the ppp link was shut down.
Mar 16 17:14:47 prady-Precision-WorkStation-T3500 avahi-daemon[724]: Successfully called chroot().
Mar 16 17:14:47 prady-Precision-WorkStation-T3500 avahi-daemon[724]: Successfully dropped remaining capabilities.
Mar 16 17:14:47 prady-Precision-WorkStation-T3500 systemd[1]: Started Save/Restore Sound Card State.
Mar 16 17:14:47 prady-Precision-WorkStation-T3500 avahi-daemon[724]: No service file found in /etc/avahi/services.
Mar 16 17:14:47 prady-Precision-WorkStation-T3500 systemd[1]: Started Avahi mDNS/DNS-SD Stack.
Mar 16 17:14:47 prady-Precision-WorkStation-T3500 systemd[1]: Started Make remote CUPS printers available locally.
Mar 16 17:14:47 prady-Precision-WorkStation-T3500 systemd[1]: Starting Load/Save RF Kill Switch Status...
Mar 16 17:14:47 prady-Precision-WorkStation-T3500 systemd[1]: Started Login Service.
Mar 16 17:14:47 prady-Precision-WorkStation-T3500 systemd[1]: Started Load/Save RF Kill Switch Status.
Mar 16 17:14:47 prady-Precision-WorkStation-T3500 avahi-daemon[724]: Network interface enumeration completed.
Mar 16 17:14:47 prady-Precision-WorkStation-T3500 avahi-daemon[724]: Server startup complete. Host name is prady-Precision-WorkStation-T3500.local. Local service cookie is 2660986408.
Mar 16 17:14:47 prady-Precision-WorkStation-T3500 gpu-manager[720]: /etc/modprobe.d is not a file
Mar 16 17:14:47 prady-Precision-WorkStation-T3500 gpu-manager[720]: message repeated 4 times: [ /etc/modprobe.d is not a file]
Mar 16 17:14:47 prady-Precision-WorkStation-T3500 gpu-manager[720]: Error: can't open /lib/modules/4.15.0-45-generic/updates/dkms
Mar 16 17:14:47 prady-Precision-WorkStation-T3500 gpu-manager[720]: Error: can't open /lib/modules/4.15.0-45-generic/updates/dkms
Mar 16 17:14:48 prady-Precision-WorkStation-T3500 gpu-manager[720]: update-alternatives: error: no alternatives for x86_64-linux-gnu_gfxcore_conf
Mar 16 17:14:48 prady-Precision-WorkStation-T3500 systemd[1]: Started Detect the available GPUs and deal with any system changes.
Mar 16 17:14:48 prady-Precision-WorkStation-T3500 systemd[1]: Starting Light Display Manager...
Mar 16 17:14:48 prady-Precision-WorkStation-T3500 systemd[1]: Started Thermal Daemon Service.
Mar 16 17:14:48 prady-Precision-WorkStation-T3500 thermald[740]: NO RAPL sysfs present
Mar 16 17:14:48 prady-Precision-WorkStation-T3500 thermald[740]: 11 CPUID levels; family:model:stepping 0x6:1a:5 (6:26:5)
Mar 16 17:14:48 prady-Precision-WorkStation-T3500 thermald[740]:  Need Linux PowerCap sysfs
Mar 16 17:14:49 prady-Precision-WorkStation-T3500 thermald[740]: Unsupported cpu model, use thermal-conf.xml file or run with --ignore-cpuid-check
Mar 16 17:14:49 prady-Precision-WorkStation-T3500 thermald[740]: THD engine start failed
Mar 16 17:14:49 prady-Precision-WorkStation-T3500 NetworkManager[774]: <info>  [1552736689.4472] NetworkManager (version 1.2.6) is starting...
Mar 16 17:14:49 prady-Precision-WorkStation-T3500 NetworkManager[774]: <info>  [1552736689.4472] Read config: /etc/NetworkManager/NetworkManager.conf (etc: default-wifi-powersave-on.conf)
Mar 16 17:14:49 prady-Precision-WorkStation-T3500 NetworkManager[774]: <info>  [1552736689.5458] manager[0x1388200]: monitoring kernel firmware directory '/lib/firmware'.
Mar 16 17:14:49 prady-Precision-WorkStation-T3500 NetworkManager[774]: <info>  [1552736689.5459] monitoring ifupdown state file '/run/network/ifstate'.
Mar 16 17:14:49 prady-Precision-WorkStation-T3500 NetworkManager[774]: <info>  [1552736689.5488] dns-mgr[0x1381140]: init: dns=dnsmasq, rc-manager=resolvconf, plugin=dnsmasq
Mar 16 17:14:49 prady-Precision-WorkStation-T3500 NetworkManager[774]: <info>  [1552736689.6311] rfkill0: found WiFi radio killswitch (at /sys/devices/pci0000:00/0000:00:1a.7/usb1/1-4/1-4:1.0/ieee80211/phy0/rfkill0) (driver rtl8192cu)
Mar 16 17:14:49 prady-Precision-WorkStation-T3500 systemd[1]: Started Network Manager.
Mar 16 17:14:49 prady-Precision-WorkStation-T3500 systemd[1]: Starting Network Manager Wait Online...
Mar 16 17:14:49 prady-Precision-WorkStation-T3500 systemd[1]: Reached target Network.
Mar 16 17:14:49 prady-Precision-WorkStation-T3500 systemd[1]: Started Unattended Upgrades Shutdown.
Mar 16 17:14:49 prady-Precision-WorkStation-T3500 dbus[741]: [system] Activating via systemd: service name='org.freedesktop.nm_dispatcher' unit='dbus-org.freedesktop.nm-dispatcher.service'
Mar 16 17:14:49 prady-Precision-WorkStation-T3500 systemd[1]: Starting Network Manager Script Dispatcher Service...
Mar 16 17:14:49 prady-Precision-WorkStation-T3500 dbus[741]: [system] Activating via systemd: service name='org.freedesktop.PolicyKit1' unit='polkitd.service'
Mar 16 17:14:49 prady-Precision-WorkStation-T3500 systemd[1]: Starting Authenticate and Authorize Users to Run Privileged Tasks...
Mar 16 17:14:49 prady-Precision-WorkStation-T3500 systemd[1]: Started LSB: Set the CPU Frequency Scaling governor to "ondemand".
Mar 16 17:14:49 prady-Precision-WorkStation-T3500 speech-dispatcher[726]:  * speech-dispatcher disabled; edit /etc/default/speech-dispatcher
Mar 16 17:14:49 prady-Precision-WorkStation-T3500 systemd[1]: Started LSB: Speech Dispatcher.
Mar 16 17:14:49 prady-Precision-WorkStation-T3500 irqbalance[737]:  * Starting SMP IRQ Balancer: irqbalance
Mar 16 17:14:49 prady-Precision-WorkStation-T3500 apport[727]:  * Starting automatic crash report generation: apport
Mar 16 17:14:49 prady-Precision-WorkStation-T3500 apport[727]:    ...done.
Mar 16 17:14:49 prady-Precision-WorkStation-T3500 systemd[1]: Started LSB: automatic crash report generation.
Mar 16 17:14:49 prady-Precision-WorkStation-T3500 irqbalance[737]:    ...done.
Mar 16 17:14:49 prady-Precision-WorkStation-T3500 systemd[1]: Started LSB: daemon to balance interrupts for SMP systems.
Mar 16 17:14:49 prady-Precision-WorkStation-T3500 polkitd[828]: started daemon version 0.105 using authority implementation `local' version `0.105'
Mar 16 17:14:49 prady-Precision-WorkStation-T3500 dbus[741]: [system] Successfully activated service 'org.freedesktop.PolicyKit1'
Mar 16 17:14:49 prady-Precision-WorkStation-T3500 systemd[1]: Started Authenticate and Authorize Users to Run Privileged Tasks.
Mar 16 17:14:49 prady-Precision-WorkStation-T3500 accounts-daemon[776]: started daemon version 0.6.40
Mar 16 17:14:49 prady-Precision-WorkStation-T3500 systemd[1]: Started Accounts Service.
Mar 16 17:14:49 prady-Precision-WorkStation-T3500 dbus[741]: [system] Successfully activated service 'org.freedesktop.nm_dispatcher'
Mar 16 17:14:49 prady-Precision-WorkStation-T3500 systemd[1]: Started Network Manager Script Dispatcher Service.
Mar 16 17:14:49 prady-Precision-WorkStation-T3500 NetworkManager[774]: <info>  [1552736689.9987] init!
Mar 16 17:14:49 prady-Precision-WorkStation-T3500 NetworkManager[774]: <info>  [1552736689.9989] management mode: unmanaged
Mar 16 17:14:49 prady-Precision-WorkStation-T3500 NetworkManager[774]: <info>  [1552736689.9993] devices added (path: /sys/devices/pci0000:00/0000:00:1a.7/usb1/1-4/1-4:1.0/net/wlx54b80a016852, iface: wlx54b80a016852)
