 19:14:22 pradyum-Precision-WorkStation-T3500 kernel: [    0.000000] BIOS-e820: [mem 0x00000000ffb00000-0x00000000ffffffff] reserved
Mar 25 19:14:22 pradyum-Precision-WorkStation-T3500 kernel: [    0.000000] BIOS-e820: [mem 0x0000000100000000-0x000000031fffffff] usable
Mar 25 19:14:22 pradyum-Precision-WorkStation-T3500 kernel: [    0.000000] NX (Execute Disable) protection: active
Mar 25 19:14:22 pradyum-Precision-WorkStation-T3500 kernel: [    0.000000] SMBIOS 2.5 present.
Mar 25 19:14:22 pradyum-Precision-WorkStation-T3500 kernel: [    0.000000] DMI: Dell Inc. Precision WorkStation T3500  /09KPNV, BIOS A17 05/28/2013
Mar 25 19:14:22 pradyum-Precision-WorkStation-T3500 kernel: [    0.000000] e820: update [mem 0x00000000-0x00000fff] usable ==> reserved
Mar 25 19:14:22 pradyum-Precision-WorkStation-T3500 kernel: [    0.000000] e820: remove [mem 0x000a0000-0x000fffff] usable
Mar 25 19:14:22 pradyum-Precision-WorkStation-T3500 kernel: [    0.000000] e820: last_pfn = 0x320000 max_arch_pfn = 0x400000000
Mar 25 19:14:22 pradyum-Precision-WorkStation-T3500 kernel: [    0.000000] MTRR default type: write-back
Mar 25 19:14:22 pradyum-Precision-WorkStation-T3500 kernel: [    0.000000] MTRR fixed ranges enabled:
Mar 25 19:14:22 pradyum-Precision-WorkStation-T3500 kernel: [    0.000000]   00000-9FFFF write-back
Mar 25 19:14:22 pradyum-Precision-WorkStation-T3500 kernel: [    0.000000]   A0000-BFFFF uncachable
Mar 25 19:14:22 pradyum-Precision-WorkStation-T3500 kernel: [    0.000000]   C0000-DFFFF write-protect
Mar 25 19:14:22 pradyum-Precision-WorkStation-T3500 kernel: [    0.000000]   E0000-EFFFF uncachable
Mar 25 19:14:22 pradyum-Precision-WorkStation-T3500 kernel: [    0.000000]   F0000-FFFFF write-protect
Mar 25 19:14:22 pradyum-Precision-WorkStation-T3500 kernel: [    0.000000] MTRR variable ranges enabled:
Mar 25 19:14:22 pradyum-Precision-WorkStation-T3500 kernel: [    0.000000]   0 base 0DFF00000 mask FFFF00000 uncachable
Mar 25 19:14:22 pradyum-Precision-WorkStation-T3500 kernel: [    0.000000]   1 base 0E0000000 mask FE0000000 uncachable
Mar 25 19:14:22 pradyum-Precision-WorkStation-T3500 kernel: [    0.000000]   2 disabled
Mar 25 19:14:22 pradyum-Precision-WorkStation-T3500 kernel: [    0.000000]   3 disabled
Mar 25 19:14:22 pradyum-Precision-WorkStation-T3500 kernel: [    0.000000]   4 disabled
Mar 25 19:14:22 pradyum-Precision-WorkStation-T3500 kernel: [    0.000000]   5 disabled
Mar 25 19:14:22 pradyum-Precision-WorkStation-T3500 kernel: [    0.000000]   6 disabled
Mar 25 19:14:22 pradyum-Precision-WorkStation-T3500 kernel: [    0.000000]   7 disabled
Mar 25 19:14:22 pradyum-Precision-WorkStation-T3500 kernel: [    0.000000] x86/PAT: Configuration [0-7]: WB  WC  UC- UC  WB  WP  UC- WT  
Mar 25 19:14:22 pradyum-Precision-WorkStation-T3500 kernel: [    0.000000] e820: last_pfn = 0xdfdf9 max_arch_pfn = 0x400000000
Mar 25 19:14:22 pradyum-Precision-WorkStation-T3500 kernel: [    0.000000] Scanning 1 areas for low memory corruption
Mar 25 19:14:22 pradyum-Precision-WorkStation-T3500 kernel: [    0.000000] Base memory trampoline at [        (ptrval)] 8c000 size 24576
Mar 25 19:14:22 pradyum-Precision-WorkStation-T3500 kernel: [    0.000000] BRK [0x25913f000, 0x25913ffff] PGTABLE
Mar 25 19:14:22 pradyum-Precision-WorkStation-T3500 kernel: [    0.000000] BRK [0x259140000, 0x259140fff] PGTABLE
Mar 25 19:14:22 pradyum-Precision-WorkStation-T3500 kernel: [    0.000000] BRK [0x259141000, 0x259141fff] PGTABLE
Mar 25 19:14:22 pradyum-Precision-WorkStation-T3500 kernel: [    0.000000] BRK [0x259142000, 0x259142fff] PGTABLE
Mar 25 19:14:22 pradyum-Precision-WorkStation-T3500 kernel: [    0.000000] BRK [0x259143000, 0x259143fff] PGTABLE
Mar 25 19:14:22 pradyum-Precision-WorkStation-T3500 kernel: [    0.000000] BRK [0x259144000, 0x259144fff] PGTABLE
Mar 25 19:14:22 pradyum-Precision-WorkStation-T3500 kernel: [    0.000000] BRK [0x259145000, 0x259145fff] PGTABLE
Mar 25 19:14:22 pradyum-Precision-WorkStation-T3500 kernel: [    0.000000] BRK [0x259146000, 0x259146fff] PGTABLE
Mar 25 19:14:22 pradyum-Precision-WorkStation-T3500 kernel: [    0.000000] BRK [0x259147000, 0x259147fff] PGTABLE
Mar 25 19:14:22 pradyum-Precision-WorkStation-T3500 kernel: [    0.000000] RAMDISK: [mem 0x317fa000-0x34bf4fff]
Mar 25 19:14:22 pradyum-Precision-WorkStation-T3500 kernel: [    0.000000] ACPI: Early table checksum verification disabled
Mar 25 19:14:22 pradyum-Precision-WorkStation-T3500 kernel: [    0.000000] ACPI: RSDP 0x00000000000FEC30 000024 (v02 DELL  )
Mar 25 19:14:22 pradyum-Precision-WorkStation-T3500 kernel: [    0.000000] ACPI: XSDT 0x00000000000FCCC7 00007C (v01 DELL   B10K     00000015 ASL  00000061)
Mar 25 19:14:22 pradyum-Precision-WorkStation-T3500 kernel: [    0.000000] ACPI: FACP 0x00000000000FCDB7 0000F4 (v03 DELL   B10K     00000015 ASL  00000061)
Mar 25 19:14:22 pradyum-Precision-WorkStation-T3500 kernel: [    0.000000] ACPI BIOS Warning (bug): 32/64X length mismatch in FADT/Gpe0Block: 128/64 (20170831/tbfadt-603)
Mar 25 19:14:22 pradyum-Precision-WorkStation-T3500 kernel: [    0.000000] ACPI: DSDT 0x00000000FFE9E952 004A74 (v01 DELL   dt_ex    00001000 INTL 20050624)
Mar 25 19:14:22 pradyum-Precision-WorkStation-T3500 kernel: [    0.000000] ACPI: FACS 0x00000000DFDF9C00 000040
Mar 25 19:14:22 pradyum-Precision-WorkStation-T3500 kernel: [    0.000000] ACPI: FACS 0x00000000DFDF9C00 000040
Mar 25 19:14:22 pradyum-Precision-WorkStation-T3500 kernel: [    0.000000] ACPI: SSDT 0x00000000FFEA34D7 00009C (v01 DELL   st_ex    00001000 INTL 20050624)
Mar 25 19:14:22 pradyum-Precision-WorkStation-T3500 kernel: [    0.000000] ACPI: APIC 0x00000000000FCEAB 00015E (v01 DELL   B10K     00000015 ASL  00000061)
Mar 25 19:14:22 pradyum-Precision-WorkStation-T3500 kernel: [    0.000000] ACPI: BOOT 0x00000000000FD009 000028 (v01 DELL   B10K     00000015 ASL  00000061)
Mar 25 19:14:22 pradyum-Precision-WorkStation-T3500 kernel: [    0.000000] ACPI: ASF! 0x00000000000FD031 000096 (v32 DELL   B10K     00000015 ASL  00000061)
Mar 25 19:14:22 pradyum-Precision-WorkStation-T3500 kernel: [    0.000000] ACPI: MCFG 0x00000000000FD0C7 00003C (v01 DELL   B10K     00000015 ASL  00000061)
Mar 25 19:14:22 pradyum-Precision-WorkStation-T3500 kernel: [    0.000000] ACPI: HPET 0x00000000000FD103 000038 (v01 DELL   B10K     00000015 ASL  00000061)
Mar 25 19:14:22 pradyum-Precision-WorkStation-T3500 kernel: [    0.000000] ACPI: TCPA 0x00000000000FD35F 000032 (v01 DELL   B10K     00000015 ASL  00000061)
Mar 25 19:14:22 pradyum-Precision-WorkStation-T3500 kernel: [    0.000000] ACPI: DMAR 0x00000000000FD391 0000C8 (v01 DELL   B10K     00000015 ASL  00000061)
Mar 25 19:14:22 pradyum-Precision-WorkStation-T3500 kernel: [    0.000000] ACPI: SLIC 0x00000000000FD13B 000176 (v01 DELL   B10K     00000015 ASL  00000061)
Mar 25 19:14:22 pradyum-Precision-WorkStation-T3500 kernel: [    0.000000] ACPI: SSDT 0x00000000DFE4DC00 000AF4 (v01 INTEL  PPM RCM  80000001 INTL 20061109)
Mar 25 19:14:22 pradyum-Precision-WorkStation-T3500 kernel: [    0.000000] ACPI: Local APIC address 0xfee00000
Mar 25 19:14:22 pradyum-Precision-WorkStation-T3500 kernel: [    0.000000] No NUMA configuration found
Mar 25 19:14:22 pradyum-Precision-WorkStation-T3500 kernel: [    0.000000] Faking a node at [mem 0x0000000000000000-0x000000031fffffff]
Mar 25 19:14:22 pradyum-Precision-WorkStation-T3500 kernel: [    0.000000] NODE_DATA(0) allocated [mem 0x31ffcd000-0x31fff7fff]
Mar 25 19:14:22 pradyum-Precision-WorkStation-T3500 kernel: [    0.000000] tsc: Fast TSC calibration using PIT
Mar 25 19:14:22 pradyum-Precision-WorkStation-T3500 kernel: [    0.000000] Zone ranges:
Mar 25 19:14:22 pradyum-Precision-WorkStation-T3500 kernel: [    0.000000]   DMA      [mem 0x0000000000001000-0x0000000000ffffff]
Mar 25 19:14:22 pradyum-Precision-WorkStation-T3500 kernel: [    0.000000]   DMA32    [mem 0x0000000001000000-0x00000000ffffffff]
Mar 25 19:14:22 pradyum-Precision-WorkStation-T3500 kernel: [    0.000000]   Normal   [mem 0x0000000100000000-0x000000031fffffff]
Mar 25 19:14:22 pradyum-Precision-WorkStation-T3500 kernel: [    0.000000]   Device   empty
Mar 25 19:14:22 pradyum-Precision-WorkStation-T3500 kernel: [    0.000000] Movable zone start for each node
Mar 25 19:14:22 pradyum-Precision-WorkStation-T3500 kernel: [    0.000000] Early memory node ranges
Mar 25 19:14:22 pradyum-Precision-WorkStation-T3500 kernel: [    0.000000]   node   0: [mem 0x0000000000001000-0x0000000000091fff]
Mar 25 19:14:22 pradyum-Precision-WorkStation-T3500 kernel: [    0.000000]   node   0: [mem 0x0000000000100000-0x00000000dfdf8fff]
Mar 25 19:14:22 pradyum-Precision-WorkStation-T3500 kernel: [    0.000000]   node   0: [mem 0x0000000100000000-0x000000031fffffff]
Mar 25 19:14:22 pradyum-Precision-WorkStation-T3500 kernel: [    0.000000] Reserved but unavailable: 630 pages
Mar 25 19:14:22 pradyum-Precision-WorkStation-T3500 kernel: [    0.000000] Initmem setup node 0 [mem 0x0000000000001000-0x000000031fffffff]
Mar 25 19:14:22 pradyum-Precision-WorkStation-T3500 kernel: [    0.000000] On node 0 totalpages: 3145098
Mar 25 19:14:22 pradyum-Precision-WorkStation-T3500 kernel: [    0.000000]   DMA zone: 64 pages used for memmap
Mar 25 19:14:22 pradyum-Precision-WorkStation-T3500 kernel: [    0.000000]   DMA zone: 21 pages reserved
Mar 25 19:14:22 pradyum-Precision-WorkStation-T3500 kernel: [    0.000000]   DMA zone: 3985 pages, LIFO batch:0
Mar 25 19:14:22 pradyum-Precision-WorkStation-T3500 kernel: [    0.000000]   DMA32 zone: 14264 pages used for memmap
Mar 25 19:14:22 pradyum-Precision-WorkStation-T3500 kernel: [    0.000000]   DMA32 zone: 912889 pages, LIFO batch:31
Mar 25 19:14:22 pradyum-Precision-WorkStation-T3500 kernel: [    0.000000]   Normal zone: 34816 pages used for memmap
Mar 25 19:14:22 pradyum-Precision-WorkStation-T3500 kernel: [    0.000000]   Normal zone: 2228224 pages, LIFO batch:31
Mar 25 19:14:22 pradyum-Precision-WorkStation-T3500 kernel: [    0.000000] ACPI: PM-Timer IO Port: 0x808
Mar 25 19:14:22 pradyum-Precision-WorkStation-T3500 kernel: [    0.000000] ACPI: Local APIC address 0xfee00000
Mar 25 19:14:22 pradyum-Precision-WorkStation-T3500 kernel: [    0.000000] ACPI: LAPIC_NMI (acpi_id[0xff] high level lint[0x1])
Mar 25 19:14:22 pradyum-Precision-WorkStation-T3500 kernel: [    0.000000] IOAPIC[0]: apic_id 8, version 32, address 0xfec00000, GSI 0-23
Mar 25 19:14:22 pradyum-Precision-WorkStation-T3500 kernel: [    0.000000] IOAPIC[1]: apic_id 9, version 32, address 0xfec80000, GSI 24-47
Mar 25 19:14:22 pradyum-Precision-WorkStation-T3500 kernel: [    0.000000] ACPI: INT_SRC_OVR (bus 0 bus_irq 0 global_irq 2 dfl dfl)
Mar 25 19:14:22 pradyum-Precision-WorkStation-T3500 kernel: [    0.000000] ACPI: INT_SRC_OVR (bus 0 bus_irq 9 global_irq 9 high level)
Mar 25 19:14:22 pradyum-Precision-WorkStation-T3500 kernel: [    0.000000] ACPI: IRQ0 used by override.
Mar 25 19:14:22 pradyum-Precision-WorkStation-T3500 kernel: [    0.000000] ACPI: IRQ9 used by override.
Mar 25 19:14:22 pradyum-Precision-WorkStation-T3500 kernel: [    0.000000] Using ACPI (MADT) for SMP configuration information
Mar 25 19:14:22 pradyum-Precision-WorkStation-T3500 kernel: [    0.000000] ACPI: HPET id: 0x8086a301 base: 0xfed00000
Mar 25 19:14:22 pradyum-Precision-WorkStation-T3500 kernel: [    0.000000] smpboot: Allowing 32 CPUs, 28 hotplug CPUs
Mar 25 19:14:22 pradyum-Precision-WorkStation-T3500 kernel: [    0.000000] PM: Registered nosave memory: [mem 0x00000000-0x00000fff]
Mar 25 19:14:22 pradyum-Precision-WorkStation-T3500 kernel: [    0.000000] PM: Registered nosave memory: [mem 0x00092000-0x000effff]
Mar 25 19:14:22 pradyum-Precision-WorkStation-T3500 kernel: [    0.000000] PM: Registered nosave memory: [mem 0x000f0000-0x000fffff]
Mar 25 19:14:22 pradyum-Precision-WorkStation-T3500 kernel: [    0.000000] PM: Registered nosave memory: [mem 0xdfdf9000-0xdfdf9fff]
Mar 25 19:14:22 pradyum-Precision-WorkStation-T3500 kernel: [    0.000000] PM: Registered nosave memory: [mem 0xdfdfa000-0xdfe4afff]
Mar 25 19:14:22 pradyum-Precision-WorkStation-T3500 kernel: [    0.000000] PM: Registered nosave memory: [mem 0xdfe4b000-0xdfe4bfff]
Mar 25 19:14:22 pradyum-Precision-WorkStation-T3500 kernel: [    0.000000] PM: Registered nosave memory: [mem 0xdfe4c000-0xdfe4cfff]
Mar 25 19:14:22 pradyum-Precision-WorkStation-T3500 systemd-modules-load[257]: Inserted module 'lp'
Mar 25 19:14:22 pradyum-Precision-WorkStation-T3500 systemd-modules-load[257]: Inserted module 'ppdev'
Mar 25 19:14:22 pradyum-Precision-WorkStation-T3500 kernel: [    0.000000] PM: Registered nosave memory: [mem 0xdfe4d000-0xdfe4dfff]
Mar 25 19:14:22 pradyum-Precision-WorkStation-T3500 systemd-modules-load[257]: Inserted module 'parport_pc'
Mar 25 19:14:22 pradyum-Precision-WorkStation-T3500 kernel: [    0.000000] PM: Registered nosave memory: [mem 0xdfe4e000-0xdfffffff]
Mar 25 19:14:22 pradyum-Precision-WorkStation-T3500 kernel: [    0.000000] PM: Registered nosave memory: [mem 0xe0000000-0xf7ffffff]
Mar 25 19:14:22 pradyum-Precision-WorkStation-T3500 kernel: [    0.000000] PM: Registered nosave memory: [mem 0xf8000000-0xfcffffff]
Mar 25 19:14:22 pradyum-Precision-WorkStation-T3500 kernel: [    0.000000] PM: Registered nosave memory: [mem 0xfd000000-0xfdffffff]
Mar 25 19:14:22 pradyum-Precision-WorkStation-T3500 systemd[1]: Starting Flush Journal to Persistent Storage...
Mar 25 19:14:22 pradyum-Precision-WorkStation-T3500 loadkeys[260]: Loading /etc/console-setup/cached.kmap.gz
Mar 25 19:14:22 pradyum-Precision-WorkStation-T3500 ureadahead[259]: ureadahead:/var/lib/apt/lists/security.ubuntu.com_ubuntu_dists_xenial-security_main_binary-amd64_Packages: No such file or directory
Mar 25 19:14:22 pradyum-Precision-WorkStation-T3500 ureadahead[259]: ureadahead:/var/lib/apt/lists/security.ubuntu.com_ubuntu_dists_xenial-security_main_binary-i386_Packages: No such file or directory
Mar 25 19:14:22 pradyum-Precision-WorkStation-T3500 ureadahead[259]: ureadahead:/var/lib/apt/lists/security.ubuntu.com_ubuntu_dists_xenial-security_main_i18n_Translation-en: No such file or directory
Mar 25 19:14:22 pradyum-Precision-WorkStation-T3500 ureadahead[259]: ureadahead:/var/lib/apt/lists/security.ubuntu.com_ubuntu_dists_xenial-security_restricted_binary-amd64_Packages: No such file or directory
Mar 25 19:14:22 pradyum-Precision-WorkStation-T3500 ureadahead[259]: ureadahead:/var/lib/apt/lists/security.ubuntu.com_ubuntu_dists_xenial-security_restricted_i18n_Translation-en: No such file or directory
Mar 25 19:14:22 pradyum-Precision-WorkStation-T3500 ureadahead[259]: ureadahead:/var/lib/apt/lists/in.archive.ubuntu.com_ubuntu_dists_xenial-backports_main_binary-amd64_Packages: No such file or directory
Mar 25 19:14:22 pradyum-Precision-WorkStation-T3500 ureadahead[259]: ureadahead:/var/lib/apt/lists/in.archive.ubuntu.com_ubuntu_dists_xenial-backports_main_binary-i386_Packages: No such file or directory
Mar 25 19:14:22 pradyum-Precision-WorkStation-T3500 ureadahead[259]: ureadahead:/var/lib/apt/lists/in.archive.ubuntu.com_ubuntu_dists_xenial-backports_main_i18n_Translation-en: No such file or directory
Mar 25 19:14:22 pradyum-Precision-WorkStation-T3500 kernel: [    0.000000] PM: Registered nosave memory: [mem 0xfe000000-0xfecfffff]
Mar 25 19:14:22 pradyum-Precision-WorkStation-T3500 ureadahead[259]: ureadahead:/var/lib/apt/lists/in.archive.ubuntu.com_ubuntu_dists_xenial-updates_main_binary-amd64_Packages: No such file or directory
Mar 25 19:14:22 pradyum-Precision-WorkStation-T3500 kernel: [    0.000000] PM: Registered nosave memory: [mem 0xfed00000-0xfedfffff]
Mar 25 19:14:22 pradyum-Precision-WorkStation-T3500 kernel: [    0.000000] PM: Registered nosave memory: [mem 0xfee00000-0xfeefffff]
Mar 25 19:14:22 pradyum-Precision-WorkStation-T3500 kernel: [    0.000000] PM: Registered nosave memory: [mem 0xfef00000-0xffafffff]
Mar 25 19:14:22 pradyum-Precision-WorkStation-T3500 kernel: [    0.000000] PM: Registered nosave memory: [mem 0xffb00000-0xffffffff]
Mar 25 19:14:22 pradyum-Precision-WorkStation-T3500 kernel: [    0.000000] e820: [mem 0xe0000000-0xf7ffffff] available for PCI devices
Mar 25 19:14:22 pradyum-Precision-WorkStation-T3500 ureadahead[259]: ureadahead:/var/lib/apt/lists/in.archive.ubuntu.com_ubuntu_dists_xenial-updates_main_binary-i386_Packages: No such file or directory
Mar 25 19:14:22 pradyum-Precision-WorkStation-T3500 kernel: [    0.000000] Booting paravirtualized kernel on bare hardware
Mar 25 19:14:22 pradyum-Precision-WorkStation-T3500 kernel: [    0.000000] clocksource: refined-jiffies: mask: 0xffffffff max_cycles: 0xffffffff, max_idle_ns: 7645519600211568 ns
Mar 25 19:14:22 pradyum-Precision-WorkStation-T3500 ureadahead[259]: ureadahead:/var/lib/apt/lists/in.archive.ubuntu.com_ubuntu_dists_xenial-updates_main_i18n_Translation-en: No such file or directory
Mar 25 19:14:22 pradyum-Precision-WorkStation-T3500 kernel: [    0.000000] random: get_random_bytes called from start_kernel+0x99/0x51b with crng_init=0
Mar 25 19:14:22 pradyum-Precision-WorkStation-T3500 ureadahead[259]: ureadahead:/var/lib/apt/lists/in.archive.ubuntu.com_ubuntu_dists_xenial-updates_multiverse_binary-amd64_Packages: No such file or directory
Mar 25 19:14:22 pradyum-Precision-WorkStation-T3500 kernel: [    0.000000] setup_percpu: NR_CPUS:8192 nr_cpumask_bits:32 nr_cpu_ids:32 nr_node_ids:1
Mar 25 19:14:22 pradyum-Precision-WorkStation-T3500 kernel: [    0.000000] percpu: Embedded 46 pages/cpu @        (ptrval) s151552 r8192 d28672 u262144
Mar 25 19:14:22 pradyum-Precision-WorkStation-T3500 kernel: [    0.000000] pcpu-alloc: s151552 r8192 d28672 u262144 alloc=1*2097152
Mar 25 19:14:22 pradyum-Precision-WorkStation-T3500 ureadahead[259]: ureadahead:/var/lib/apt/lists/in.archive.ubuntu.com_ubuntu_dists_xenial-updates_multiverse_binary-i386_Packages: No such file or directory
Mar 25 19:14:22 pradyum-Precision-WorkStation-T3500 kernel: [    0.000000] pcpu-alloc: [0] 00 01 02 03 04 05 06 07 [0] 08 09 10 11 12 13 14 15 
Mar 25 19:14:22 pradyum-Precision-WorkStation-T3500 kernel: [    0.000000] pcpu-alloc: [0] 16 17 18 19 20 21 22 23 [0] 24 25 26 27 28 29 30 31 
Mar 25 19:14:22 pradyum-Precision-WorkStation-T3500 kernel: [    0.000000] Built 1 zonelists, mobility grouping on.  Total pages: 3095933
Mar 25 19:14:22 pradyum-Precision-WorkStation-T3500 kernel: [    0.000000] Policy zone: Normal
Mar 25 19:14:22 pradyum-Precision-WorkStation-T3500 kernel: [    0.000000] Kernel command line: BOOT_IMAGE=/boot/vmlinuz-4.15.0-46-generic root=UUID=5a69c766-db92-4c5c-ae4c-7c9a4cff421e ro quiet splash vt.handoff=7
Mar 25 19:14:22 pradyum-Precision-WorkStation-T3500 ureadahead[259]: ureadahead:/var/lib/apt/lists/in.archive.ubuntu.com_ubuntu_dists_xenial-updates_multiverse_i18n_Translation-en: No such file or directory
Mar 25 19:14:22 pradyum-Precision-WorkStation-T3500 kernel: [    0.000000] Calgary: detecting Calgary via BIOS EBDA area
Mar 25 19:14:22 pradyum-Precision-WorkStation-T3500 kernel: [    0.000000] Calgary: Unable to locate Rio Grande table in EBDA - bailing!
Mar 25 19:14:22 pradyum-Precision-WorkStation-T3500 kernel: [    0.000000] Memory: 12230412K/12580392K available (12300K kernel code, 2472K rwdata, 4264K rodata, 2408K init, 2416K bss, 349980K reserved, 0K cma-reserved)
Mar 25 19:14:22 pradyum-Precision-WorkStation-T3500 kernel: [    0.000000] SLUB: HWalign=64, Order=0-3, MinObjects=0, CPUs=32, Nodes=1
Mar 25 19:14:22 pradyum-Precision-WorkStation-T3500 kernel: [    0.000000] Kernel/User page tables isolation: enabled
Mar 25 19:14:22 pradyum-Precision-WorkStation-T3500 ureadahead[259]: ureadahead:/var/lib/apt/lists/in.archive.ubuntu.com_ubuntu_dists_xenial-updates_restricted_binary-amd64_Packages: No such file or directory
Mar 25 19:14:22 pradyum-Precision-WorkStation-T3500 kernel: [    0.000000] ftrace: allocating 39204 entries in 154 pages
Mar 25 19:14:22 pradyum-Precision-WorkStation-T3500 kernel: [    0.000000] Hierarchical RCU implementation.
Mar 25 19:14:22 pradyum-Precision-WorkStation-T3500 ureadahead[259]: ureadahead:/var/lib/apt/lists/in.archive.ubuntu.com_ubuntu_dists_xenial-updates_restricted_binary-i386_Packages: No such file or directory
Mar 25 19:14:22 pradyum-Precision-WorkStation-T3500 kernel: [    0.000000] 	RCU restricting CPUs from NR_CPUS=8192 to nr_cpu_ids=32.
Mar 25 19:14:22 pradyum-Precision-WorkStation-T3500 kernel: [    0.000000] 	Tasks RCU enabled.
Mar 25 19:14:22 pradyum-Precision-WorkStation-T3500 kernel: [    0.000000] RCU: Adjusting geometry for rcu_fanout_leaf=16, nr_cpu_ids=32
Mar 25 19:14:22 pradyum-Precision-WorkStation-T3500 kernel: [    0.000000] NR_IRQS: 524544, nr_irqs: 1088, preallocated irqs: 16
Mar 25 19:14:22 pradyum-Precision-WorkStation-T3500 ureadahead[259]: ureadahead:/var/lib/apt/lists/in.archive.ubuntu.com_ubuntu_dists_xenial-updates_restricted_i18n_Translation-en: No such file or directory
Mar 25 19:14:22 pradyum-Precision-WorkStation-T3500 kernel: [    0.000000] vt handoff: transparent VT on vt#7
Mar 25 19:14:22 pradyum-Precision-WorkStation-T3500 kernel: [    0.000000] Console: colour dummy device 80x25
Mar 25 19:14:22 pradyum-Precision-WorkStation-T3500 kernel: [    0.000000] console [tty0] enabled
Mar 25 19:14:22 pradyum-Precision-WorkStation-T3500 kernel: [    0.000000] ACPI: Core revision 20170831
Mar 25 19:14:22 pradyum-Precision-WorkStation-T3500 ureadahead[259]: ureadahead:/var/lib/apt/lists/in.archive.ubuntu.com_ubuntu_dists_xenial-updates_universe_binary-amd64_Packages: No such file or directory
Mar 25 19:14:22 pradyum-Precision-WorkStation-T3500 kernel: [    0.000000] ACPI: 3 ACPI AML tables successfully acquired and loaded
Mar 25 19:14:22 pradyum-Precision-WorkStation-T3500 kernel: [    0.000000] clocksource: hpet: mask: 0xffffffff max_cycles: 0xffffffff, max_idle_ns: 133484882848 ns
Mar 25 19:14:22 pradyum-Precision-WorkStation-T3500 kernel: [    0.000000] hpet clockevent registered
Mar 25 19:14:22 pradyum-Precision-WorkStation-T3500 ureadahead[259]: ureadahead:/var/lib/apt/lists/in.archive.ubuntu.com_ubuntu_dists_xenial-updates_universe_binary-i386_Packages: No such file or directory
Mar 25 19:14:22 pradyum-Precision-WorkStation-T3500 kernel: [    0.000000] APIC: Switch to symmetric I/O mode setup
Mar 25 19:14:22 pradyum-Precision-WorkStation-T3500 kernel: [    0.000000] DMAR-IR: This system BIOS has enabled interrupt remapping
Mar 25 19:14:22 pradyum-Precision-WorkStation-T3500 kernel: [    0.000000] on a chipset that contains an erratum making that
Mar 25 19:14:22 pradyum-Precision-WorkStation-T3500 ureadahead[259]: ureadahead:/var/lib/apt/lists/in.archive.ubuntu.com_ubuntu_dists_xenial-updates_universe_i18n_Translation-en: No such file or directory
Mar 25 19:14:22 pradyum-Precision-WorkStation-T3500 kernel: [    0.000000] feature unstable.  To maintain system stability
Mar 25 19:14:22 pradyum-Precision-WorkStation-T3500 kernel: [    0.000000] interrupt remapping is being disabled.  Please
Mar 25 19:14:22 pradyum-Precision-WorkStation-T3500 kernel: [    0.000000] contact your BIOS vendor for an update
Mar 25 19:14:22 pradyum-Precision-WorkStation-T3500 kernel: [    0.000000] Switched APIC routing to physical flat.
Mar 25 19:14:22 pradyum-Precision-WorkStation-T3500 ureadahead[259]: ureadahead:/var/lib/apt/lists/in.archive.ubuntu.com_ubuntu_dists_xenial_main_binary-amd64_Packages: No such file or directory
Mar 25 19:14:22 pradyum-Precision-WorkStation-T3500 kernel: [    0.000000] ..TIMER: vector=0x30 apic1=0 pin1=2 apic2=-1 pin2=-1
Mar 25 19:14:22 pradyum-Precision-WorkStation-T3500 kernel: [    0.020000] tsc: Fast TSC calibration using PIT
Mar 25 19:14:22 pradyum-Precision-WorkStation-T3500 ureadahead[259]: ureadahead:/var/lib/apt/lists/in.archive.ubuntu.com_ubuntu_dists_xenial_main_binary-i386_Packages: No such file or directory
Mar 25 19:14:22 pradyum-Precision-WorkStation-T3500 kernel: [    0.024000] tsc: Detected 3199.761 MHz processor
Mar 25 19:14:22 pradyum-Precision-WorkStation-T3500 kernel: [    0.024000] Calibrating delay loop (skipped), value calculated using timer frequency.. 6399.52 BogoMIPS (lpj=12799044)
Mar 25 19:14:22 pradyum-Precision-WorkStation-T3500 kernel: [    0.024000] pid_max: default: 32768 minimum: 301
Mar 25 19:14:22 pradyum-Precision-WorkStation-T3500 kernel: [    0.024000] Security Framework initialized
Mar 25 19:14:22 pradyum-Precision-WorkStation-T3500 kernel: [    0.024000] Yama: becoming mindful.
Mar 25 19:14:22 pradyum-Precision-WorkStation-T3500 ureadahead[259]: ureadahead:/var/lib/apt/lists/in.archive.ubuntu.com_ubuntu_dists_xenial_main_i18n_Translation-en: No such file or directory
Mar 25 19:14:22 pradyum-Precision-WorkStation-T3500 kernel: [    0.024000] AppArmor: AppArmor initialized
Mar 25 19:14:22 pradyum-Precision-WorkStation-T3500 kernel: [    0.028141] Dentry cache hash table entries: 2097152 (order: 12, 16777216 bytes)
Mar 25 19:14:22 pradyum-Precision-WorkStation-T3500 ureadahead[259]: ureadahead:/var/lib/apt/lists/in.archive.ubuntu.com_ubuntu_dists_xenial_multiverse_binary-amd64_Packages: No such file or directory
Mar 25 19:14:22 pradyum-Precision-WorkStation-T3500 kernel: [    0.029331] Inode-cache hash table entries: 1048576 (order: 11, 8388608 bytes)
Mar 25 19:14:22 pradyum-Precision-WorkStation-T3500 kernel: [    0.029390] Mount-cache hash table entries: 32768 (order: 6, 262144 bytes)
Mar 25 19:14:22 pradyum-Precision-WorkStation-T3500 kernel: [    0.029428] Mountpoint-cache hash table entries: 32768 (order: 6, 262144 bytes)
Mar 25 19:14:22 pradyum-Precision-WorkStation-T3500 ureadahead[259]: ureadahead:/var/lib/apt/lists/in.archive.ubuntu.com_ubuntu_dists_xenial_multiverse_binary-i386_Packages: No such file or directory
Mar 25 19:14:22 pradyum-Precision-WorkStation-T3500 kernel: [    0.029653] mce: CPU supports 9 MCE banks
Mar 25 19:14:22 pradyum-Precision-WorkStation-T3500 ureadahead[259]: ureadahead:/var/lib/apt/lists/in.archive.ubuntu.com_ubuntu_dists_xenial_multiverse_i18n_Translation-en: No such file or directory
Mar 25 19:14:22 pradyum-Precision-WorkStation-T3500 kernel: [    0.029659] CPU0: Thermal monitoring enabled (TM1)
Mar 25 19:14:22 pradyum-Precision-WorkStation-T3500 kernel: [    0.029666] process: using mwait in idle threads
Mar 25 19:14:22 pradyum-Precision-WorkStation-T3500 ureadahead[259]: ureadahead:/var/lib/apt/lists/in.archive.ubuntu.com_ubuntu_dists_xenial_restricted_binary-amd64_Packages: No such file or directory
Mar 25 19:14:22 pradyum-Precision-WorkStation-T3500 kernel: [    0.029668] Last level iTLB entries: 4KB 512, 2MB 7, 4MB 7
Mar 25 19:14:22 pradyum-Precision-WorkStation-T3500 kernel: [    0.029669] Last level dTLB entries: 4KB 512, 2MB 32, 4MB 32, 1GB 0
Mar 25 19:14:22 pradyum-Precision-WorkStation-T3500 ureadahead[259]: ureadahead:/var/lib/apt/lists/in.archive.ubuntu.com_ubuntu_dists_xenial_restricted_binary-i386_Packages: No such file or directory
Mar 25 19:14:22 pradyum-Precision-WorkStation-T3500 kernel: [    0.029670] Spectre V2 : Mitigation: Full generic retpoline
Mar 25 19:14:22 pradyum-Precision-WorkStation-T3500 kernel: [    0.029671] Spectre V2 : Spectre v2 / SpectreRSB mitigation: Filling RSB on context switch
Mar 25 19:14:22 pradyum-Precision-WorkStation-T3500 ureadahead[259]: ureadahead:/var/lib/apt/lists/in.archive.ubuntu.com_ubuntu_dists_xenial_restricted_i18n_Translation-en: No such file or directory
Mar 25 19:14:22 pradyum-Precision-WorkStation-T3500 kernel: [    0.029671] Spectre V2 : Spectre v2 mitigation: Enabling Indirect Branch Prediction Barrier
Mar 25 19:14:22 pradyum-Precision-WorkStation-T3500 kernel: [    0.029671] Spectre V2 : Enabling Restricted Speculation for firmware calls
Mar 25 19:14:22 pradyum-Precision-WorkStation-T3500 kernel: [    0.029672] Speculative Store Bypass: Mitigation: Speculative Store Bypass disabled via prctl and seccomp
Mar 25 19:14:22 pradyum-Precision-WorkStation-T3500 kernel: [    0.029759] Freeing SMP alternatives memory: 36K
Mar 25 19:14:22 pradyum-Precision-WorkStation-T3500 ureadahead[259]: ureadahead:/var/lib/apt/lists/in.archive.ubuntu.com_ubuntu_dists_xenial_universe_binary-amd64_Packages: No such file or directory
Mar 25 19:14:22 pradyum-Precision-WorkStation-T3500 kernel: [    0.032000] smpboot: CPU0: Intel(R) Xeon(R) CPU           W3565  @ 3.20GHz (family: 0x6, model: 0x1a, stepping: 0x5)
Mar 25 19:14:22 pradyum-Precision-WorkStation-T3500 ureadahead[259]: ureadahead:/var/lib/apt/lists/in.archive.ubuntu.com_ubuntu_dists_xenial_universe_binary-i386_Packages: No such file or directory
Mar 25 19:14:22 pradyum-Precision-WorkStation-T3500 kernel: [    0.032000] Performance Events: PEBS fmt1+, Nehalem events, 16-deep LBR, Intel PMU driver.
Mar 25 19:14:22 pradyum-Precision-WorkStation-T3500 kernel: [    0.032000] core: CPU erratum AAJ80 worked around
Mar 25 19:14:22 pradyum-Precision-WorkStation-T3500 kernel: [    0.032000] core: CPUID marked event: 'bus cycles' unavailable
Mar 25 19:14:22 pradyum-Precision-WorkStation-T3500 ureadahead[259]: ureadahead:/var/lib/apt/lists/in.archive.ubuntu.com_ubuntu_dists_xenial_universe_i18n_Translation-en: No such file or directory
Mar 25 19:14:22 pradyum-Precision-WorkStation-T3500 kernel: [    0.032000] ... version:                3
Mar 25 19:14:22 pradyum-Precision-WorkStation-T3500 kernel: [    0.032000] ... bit width:              48
Mar 25 19:14:22 pradyum-Precision-WorkStation-T3500 ureadahead[259]: ureadahead:/var/lib/apt/lists/security.ubuntu.com_ubuntu_dists_xenial-security_multiverse_binary-amd64_Packages: No such file or directory
Mar 25 19:14:22 pradyum-Precision-WorkStation-T3500 kernel: [    0.032000] ... generic registers:      4
Mar 25 19:14:22 pradyum-Precision-WorkStation-T3500 kernel: [    0.032000] ... value mask:             0000ffffffffffff
Mar 25 19:14:22 pradyum-Precision-WorkStation-T3500 kernel: [    0.032000] ... max period:             000000007fffffff
Mar 25 19:14:22 pradyum-Precision-WorkStation-T3500 kernel: [    0.032000] ... fixed-purpose events:   3
Mar 25 19:14:22 pradyum-Precision-WorkStation-T3500 kernel: [    0.032000] ... event mask:             000000070000000f
Mar 25 19:14:22 pradyum-Precision-WorkStation-T3500 ureadahead[259]: ureadahead:/var/lib/apt/lists/security.ubuntu.com_ubuntu_dists_xenial-security_multiverse_binary-i386_Packages: No such file or directory
Mar 25 19:14:22 pradyum-Precision-WorkStation-T3500 kernel: [    0.032000] Hierarchical SRCU implementation.
Mar 25 19:14:22 pradyum-Precision-WorkStation-T3500 ureadahead[259]: ureadahead:/var/lib/apt/lists/security.ubuntu.com_ubuntu_dists_xenial-security_multiverse_i18n_Translation-en: No such file or directory
Mar 25 19:14:22 pradyum-Precision-WorkStation-T3500 kernel: [    0.032000] smp: Bringing up secondary CPUs ...
Mar 25 19:14:22 pradyum-Precision-WorkStation-T3500 kernel: [    0.032000] x86: Booting SMP configuration:
Mar 25 19:14:22 pradyum-Precision-WorkStation-T3500 kernel: [    0.032000] .... node  #0, CPUs:        #1
Mar 25 19:14:22 pradyum-Precision-WorkStation-T3500 kernel: [    0.032764] NMI watchdog: Enabled. Permanently consumes one hw-PMU counter.
Mar 25 19:14:22 pradyum-Precision-WorkStation-T3500 ureadahead[259]: ureadahead:/var/lib/apt/lists/security.ubuntu.com_ubuntu_dists_xenial-security_restricted_binary-i386_Packages: No such file or directory
Mar 25 19:14:22 pradyum-Precision-WorkStation-T3500 kernel: [    0.032793]   #2  #3
Mar 25 19:14:22 pradyum-Precision-WorkStation-T3500 kernel: [    0.040030] smp: Brought up 1 node, 4 CPUs
Mar 25 19:14:22 pradyum-Precision-WorkStation-T3500 ureadahead[259]: ureadahead:/var/lib/apt/lists/security.ubuntu.com_ubuntu_dists_xenial-security_universe_binary-amd64_Packages: No such file or directory
Mar 25 19:14:22 pradyum-Precision-WorkStation-T3500 kernel: [    0.040030] smpboot: Max logical packages: 8
Mar 25 19:14:22 pradyum-Precision-WorkStation-T3500 kernel: [    0.040030] smpboot: Total of 4 processors activated (25598.08 BogoMIPS)
Mar 25 19:14:22 pradyum-Precision-WorkStation-T3500 kernel: [    0.042583] devtmpfs: initialized
Mar 25 19:14:22 pradyum-Precision-WorkStation-T3500 kernel: [    0.042583] x86/mm: Memory block size: 128MB
Mar 25 19:14:22 pradyum-Precision-WorkStation-T3500 ureadahead[259]: ureadahead:/var/lib/apt/lists/in.archive.ubuntu.com_ubuntu_dists_xenial-backports_universe_binary-amd64_Packages: No such file or directory
Mar 25 19:14:22 pradyum-Precision-WorkStation-T3500 kernel: [    0.044196] evm: security.selinux
Mar 25 19:14:22 pradyum-Precision-WorkStation-T3500 ureadahead[259]: ureadahead:/var/lib/apt/lists/in.archive.ubuntu.com_ubuntu_dists_xenial-backports_universe_binary-i386_Packages: No such file or directory
Mar 25 19:14:22 pradyum-Precision-WorkStation-T3500 kernel: [    0.044196] evm: security.SMACK64
Mar 25 19:14:22 pradyum-Precision-WorkStation-T3500 kernel: [    0.044197] evm: security.SMACK64EXEC
Mar 25 19:14:22 pradyum-Precision-WorkStation-T3500 kernel: [    0.044197] evm: security.SMACK64TRANSMUTE
Mar 25 19:14:22 pradyum-Precision-WorkStation-T3500 kernel: [    0.044197] evm: security.SMACK64MMAP
Mar 25 19:14:22 pradyum-Precision-WorkStation-T3500 ureadahead[259]: ureadahead:/var/lib/apt/lists/in.archive.ubuntu.com_ubuntu_dists_xenial-backports_universe_i18n_Translation-en: No such file or directory
Mar 25 19:14:22 pradyum-Precision-WorkStation-T3500 kernel: [    0.044198] evm: security.apparmor
Mar 25 19:14:22 pradyum-Precision-WorkStation-T3500 kernel: [    0.044198] evm: security.ima
Mar 25 19:14:22 pradyum-Precision-WorkStation-T3500 ureadahead[259]: ureadahead:/var/lib/apt/lists/security.ubuntu.com_ubuntu_dists_xenial-security_universe_binary-i386_Packages: No such file or directory
Mar 25 19:14:22 pradyum-Precision-WorkStation-T3500 kernel: [    0.044199] evm: security.capability
Mar 25 19:14:22 pradyum-Precision-WorkStation-T3500 kernel: [    0.044218] PM: Registering ACPI NVS region [mem 0xdfdf9c00-0xdfe4bbff] (335872 bytes)
Mar 25 19:14:22 pradyum-Precision-WorkStation-T3500 kernel: [    0.044218] clocksource: jiffies: mask: 0xffffffff max_cycles: 0xffffffff, max_idle_ns: 7645041785100000 ns
Mar 25 19:14:22 pradyum-Precision-WorkStation-T3500 ureadahead[259]: ureadahead:/var/lib/apt/lists/security.ubuntu.com_ubuntu_dists_xenial-security_universe_i18n_Translation-en: No such file or directory
Mar 25 19:14:22 pradyum-Precision-WorkStation-T3500 kernel: [    0.044218] futex hash table entries: 8192 (order: 7, 524288 bytes)
Mar 25 19:14:22 pradyum-Precision-WorkStation-T3500 kernel: [    0.044218] pinctrl core: initialized pinctrl subsystem
Mar 25 19:14:22 pradyum-Precision-WorkStation-T3500 ureadahead[259]: ureadahead:/home/pradyum/.cache/upstart/gnome-keyring-ssh.log: No such file or directory
Mar 25 19:14:22 pradyum-Precision-WorkStation-T3500 kernel: [    0.044226] RTC time: 13:43:58, date: 03/25/19
Mar 25 19:14:22 pradyum-Precision-WorkStation-T3500 kernel: [    0.044324] NET: Registered protocol family 16
Mar 25 19:14:22 pradyum-Precision-WorkStation-T3500 ureadahead[259]: ureadahead:/home/pradyum/.cache/upstart/gpg-agent.log: No such file or directory
Mar 25 19:14:22 pradyum-Precision-WorkStation-T3500 kernel: [    0.044395] audit: initializing netlink subsys (disabled)
Mar 25 19:14:22 pradyum-Precision-WorkStation-T3500 kernel: [    0.044401] audit: type=2000 audit(1553521438.044:1): state=initialized audit_enabled=0 res=1
Mar 25 19:14:22 pradyum-Precision-WorkStation-T3500 ureadahead[259]: ureadahead:/home/pradyum/.cache/upstart/upstart-event-bridge.log: No such file or directory
Mar 25 19:14:22 pradyum-Precision-WorkStation-T3500 kernel: [    0.044401] cpuidle: using governor ladder
Mar 25 19:14:22 pradyum-Precision-WorkStation-T3500 kernel: [    0.044401] cpuidle: using governor menu
Mar 25 19:14:22 pradyum-Precision-WorkStation-T3500 ureadahead[259]: ureadahead:/home/pradyum/.cache/upstart/ssh-agent.log: No such file or directory
Mar 25 19:14:22 pradyum-Precision-WorkStation-T3500 kernel: [    0.044401] Simple Boot Flag at 0x7a set to 0x80
Mar 25 19:14:22 pradyum-Precision-WorkStation-T3500 kernel: [    0.044401] ACPI FADT declares the system doesn't support PCIe ASPM, so disable it
Mar 25 19:14:22 pradyum-Precision-WorkStation-T3500 kernel: [    0.044401] ACPI: bus type PCI registered
Mar 25 19:14:22 pradyum-Precision-WorkStation-T3500 ureadahead[259]: ureadahead:/home/pradyum/.cache/upstart/update-notifier-release.log: No such file or directory
Mar 25 19:14:22 pradyum-Precision-WorkStation-T3500 kernel: [    0.044401] acpiphp: ACPI Hot Plug PCI Controller Driver version: 0.5
Mar 25 19:14:22 pradyum-Precision-WorkStation-T3500 ureadahead[259]: ureadahead:/home/pradyum/.cache/upstart/window-stack-bridge.log: No such file or directory
Mar 25 19:14:22 pradyum-Precision-WorkStation-T3500 kernel: [    0.044401] PCI: MMCONFIG for domain 0000 [bus 00-3f] at [mem 0xf8000000-0xfbffffff] (base 0xf8000000)
Mar 25 19:14:22 pradyum-Precision-WorkStation-T3500 kernel: [    0.044401] PCI: MMCONFIG at [mem 0xf8000000-0xfbffffff] reserved in E820
Mar 25 19:14:22 pradyum-Precision-WorkStation-T3500 kernel: [    0.044401] PCI: Using configuration type 1 for base access
Mar 25 19:14:22 pradyum-Precision-WorkStation-T3500 systemd[1]: Started Apply Kernel Variables.
Mar 25 19:14:22 pradyum-Precision-WorkStation-T3500 systemd[1]: Started Flush Journal to Persistent Storage.
Mar 25 19:14:22 pradyum-Precision-WorkStation-T3500 systemd[1]: Started Create Static Device Nodes in /dev.
Mar 25 19:14:22 pradyum-Precision-WorkStation-T3500 systemd[1]: Starting udev Kernel Device Manager...
Mar 25 19:14:22 pradyum-Precision-WorkStation-T3500 systemd[1]: Reached target Local File Systems (Pre).
Mar 25 19:14:22 pradyum-Precision-WorkStation-T3500 systemd[1]: Reached target Local File Systems.
Mar 25 19:14:22 pradyum-Precision-WorkStation-T3500 systemd[1]: Starting LSB: AppArmor initialization...
Mar 25 19:14:22 pradyum-Precision-WorkStation-T3500 systemd[1]: Starting Create Volatile Files and Directories...
Mar 25 19:14:22 pradyum-Precision-WorkStation-T3500 systemd[1]: Starting Set console font and keymap...
Mar 25 19:14:22 pradyum-Precision-WorkStation-T3500 systemd[1]: Starting Tell Plymouth To Write Out Runtime Data...
Mar 25 19:14:22 pradyum-Precision-WorkStation-T3500 systemd[1]: Starting Clean up any mess left by 0dns-up...
Mar 25 19:14:22 pradyum-Precision-WorkStation-T3500 systemd-tmpfiles[303]: [/usr/lib/tmpfiles.d/var.conf:14] Duplicate line for path "/var/log", ignoring.
Mar 25 19:14:22 pradyum-Precision-WorkStation-T3500 systemd[1]: Started Clean up any mess left by 0dns-up.
Mar 25 19:14:22 pradyum-Precision-WorkStation-T3500 systemd[1]: Starting Nameserver information manager...
Mar 25 19:14:22 pradyum-Precision-WorkStation-T3500 kernel: [    0.045082] HugeTLB registered 2.00 MiB page size, pre-allocated 0 pages
Mar 25 19:14:22 pradyum-Precision-WorkStation-T3500 kernel: [    0.045082] ACPI: Added _OSI(Module Device)
Mar 25 19:14:22 pradyum-Precision-WorkStation-T3500 systemd[1]: Started Nameserver information manager.
Mar 25 19:14:22 pradyum-Precision-WorkStation-T3500 kernel: [    0.045082] ACPI: Added _OSI(Processor Device)
Mar 25 19:14:22 pradyum-Precision-WorkStation-T3500 kernel: [    0.045082] ACPI: Added _OSI(3.0 _SCP Extensions)
Mar 25 19:14:22 pradyum-Precision-WorkStation-T3500 systemd[1]: Reached target Network (Pre).
Mar 25 19:14:22 pradyum-Precision-WorkStation-T3500 kernel: [    0.045082] ACPI: Added _OSI(Processor Aggregator Device)
Mar 25 19:14:22 pradyum-Precision-WorkStation-T3500 kernel: [    0.045082] ACPI: Added _OSI(Linux-Dell-Video)
Mar 25 19:14:22 pradyum-Precision-WorkStation-T3500 kernel: [    0.045082] ACPI: Added _OSI(Linux-Lenovo-NV-HDMI-Audio)
Mar 25 19:14:22 pradyum-Precision-WorkStation-T3500 systemd[1]: Started udev Kernel Device Manager.
Mar 25 19:14:22 pradyum-Precision-WorkStation-T3500 kernel: [    0.045082] ACPI: Added _OSI(Linux-HPI-Hybrid-Graphics)
Mar 25 19:14:22 pradyum-Precision-WorkStation-T3500 kernel: [    0.085831] ACPI: [Firmware Bug]: BIOS _OSI(Linux) query ignored
Mar 25 19:14:22 pradyum-Precision-WorkStation-T3500 kernel: [    0.102445] ACPI: Interpreter enabled
Mar 25 19:14:22 pradyum-Precision-WorkStation-T3500 systemd[1]: Starting Show Plymouth Boot Screen...
Mar 25 19:14:22 pradyum-Precision-WorkStation-T3500 kernel: [    0.102460] ACPI: (supports S0 S3 S4 S5)
Mar 25 19:14:22 pradyum-Precision-WorkStation-T3500 kernel: [    0.102461] ACPI: Using IOAPIC for interrupt routing
Mar 25 19:14:22 pradyum-Precision-WorkStation-T3500 systemd[1]: Started Tell Plymouth To Write Out Runtime Data.
Mar 25 19:14:22 pradyum-Precision-WorkStation-T3500 kernel: [    0.102574] PCI: Using host bridge windows from ACPI; if necessary, use "pci=nocrs" and report a bug
Mar 25 19:14:22 pradyum-Precision-WorkStation-T3500 kernel: [    0.102796] ACPI: Enabled 15 GPEs in block 00 to 3F
Mar 25 19:14:22 pradyum-Precision-WorkStation-T3500 kernel: [    0.228339] ACPI: PCI Root Bridge [PCI0] (domain 0000 [bus 00-ff])
Mar 25 19:14:22 pradyum-Precision-WorkStation-T3500 systemd[1]: Listening on Load/Save RF Kill Switch Status /dev/rfkill Watch.
Mar 25 19:14:22 pradyum-Precision-WorkStation-T3500 kernel: [    0.228344] acpi PNP0A03:00: _OSC: OS supports [ExtendedConfig ASPM ClockPM Segments MSI]
Mar 25 19:14:22 pradyum-Precision-WorkStation-T3500 kernel: [    0.228348] acpi PNP0A03:00: _OSC failed (AE_NOT_FOUND); disabling ASPM
Mar 25 19:14:22 pradyum-Precision-WorkStation-T3500 kernel: [    0.228356] acpi PNP0A03:00: [Firmware Info]: MMCONFIG for domain 0000 [bus 00-3f] only partially covers this bridge
Mar 25 19:14:22 pradyum-Precision-WorkStation-T3500 systemd[1]: Started Braille Device Support.
Mar 25 19:14:22 pradyum-Precision-WorkStation-T3500 kernel: [    0.236041] PCI host bridge to bus 0000:00
Mar 25 19:14:22 pradyum-Precision-WorkStation-T3500 kernel: [    0.236043] pci_bus 0000:00: root bus resource [io  0x0000-0x0cf7 window]
Mar 25 19:14:22 pradyum-Precision-WorkStation-T3500 kernel: [    0.236044] pci_bus 0000:00: root bus resource [io  0x0d00-0xffff window]
Mar 25 19:14:22 pradyum-Precision-WorkStation-T3500 kernel: [    0.236045] pci_bus 0000:00: root bus resource [mem 0x000a0000-0x000bffff window]
Mar 25 19:14:22 pradyum-Precision-WorkStation-T3500 systemd[1]: Starting Tell Plymouth To Write Out Runtime Data...
Mar 25 19:14:22 pradyum-Precision-WorkStation-T3500 kernel: [    0.236046] pci_bus 0000:00: root bus resource [mem 0x000c0000-0x000effff window]
Mar 25 19:14:22 pradyum-Precision-WorkStation-T3500 systemd[1]: Started Tell Plymouth To Write Out Runtime Data.
Mar 25 19:14:22 pradyum-Precision-WorkStation-T3500 kernel: [    0.236048] pci_bus 0000:00: root bus resource [mem 0x000f0000-0x000fffff window]
Mar 25 19:14:22 pradyum-Precision-WorkStation-T3500 kernel: [    0.236049] pci_bus 0000:00: root bus resource [mem 0xdff00000-0xf7ffffff window]
Mar 25 19:14:22 pradyum-Precision-WorkStation-T3500 kernel: [    0.236050] pci_bus 0000:00: root bus resource [mem 0xff980000-0xff980fff window]
Mar 25 19:14:22 pradyum-Precision-WorkStation-T3500 systemd[1]: Started Set console font and keymap.
Mar 25 19:14:22 pradyum-Precision-WorkStation-T3500 kernel: [    0.236051] pci_bus 0000:00: root bus resource [mem 0xff97c000-0xff97ffff window]
Mar 25 19:14:22 pradyum-Precision-WorkStation-T3500 kernel: [    0.236052] pci_bus 0000:00: root bus resource [mem 0xfed20000-0xfed9ffff window]
Mar 25 19:14:22 pradyum-Precision-WorkStation-T3500 kernel: [    0.236053] pci_bus 0000:00: root bus resource [bus 00-ff]
Mar 25 19:14:22 pradyum-Precision-WorkStation-T3500 systemd[1]: Created slice system-getty.slice.
Mar 25 19:14:22 pradyum-Precision-WorkStation-T3500 kernel: [    0.236064] pci 0000:00:00.0: [8086:3405] type 00 class 0x060000
Mar 25 19:14:22 pradyum-Precision-WorkStation-T3500 apparmor[302]:  * Starting AppArmor profiles
Mar 25 19:14:22 pradyum-Precision-WorkStation-T3500 kernel: [    0.236096] pci 0000:00:00.0: enabling Extended Tags
Mar 25 19:14:22 pradyum-Precision-WorkStation-T3500 kernel: [    0.236129] pci 0000:00:00.0: PME# supported from D0 D3hot D3cold
Mar 25 19:14:22 pradyum-Precision-WorkStation-T3500 kernel: [    0.236493] pci 0000:00:01.0: [8086:3408] type 01 class 0x060400
Mar 25 19:14:22 pradyum-Precision-WorkStation-T3500 mtp-probe: checking bus 4, device 2: "/sys/devices/pci0000:00/0000:00:1a.1/usb4/4-2"
Mar 25 19:14:22 pradyum-Precision-WorkStation-T3500 kernel: [    0.236521] pci 0000:00:01.0: enabling Extended Tags
Mar 25 19:14:22 pradyum-Precision-WorkStation-T3500 kernel: [    0.236557] pci 0000:00:01.0: PME# supported from D0 D3hot D3cold
Mar 25 19:14:22 pradyum-Precision-WorkStation-T3500 mtp-probe: checking bus 1, device 3: "/sys/devices/pci0000:00/0000:00:1a.7/usb1/1-3"
Mar 25 19:14:22 pradyum-Precision-WorkStation-T3500 kernel: [    0.236925] pci 0000:00:03.0: [8086:340a] type 01 class 0x060400
Mar 25 19:14:22 pradyum-Precision-WorkStation-T3500 kernel: [    0.236953] pci 0000:00:03.0: enabling Extended Tags
Mar 25 19:14:22 pradyum-Precision-WorkStation-T3500 kernel: [    0.236987] pci 0000:00:03.0: PME# supported from D0 D3hot D3cold
Mar 25 19:14:22 pradyum-Precision-WorkStation-T3500 kernel: [    0.237353] pci 0000:00:07.0: [8086:340e] type 01 class 0x060400
Mar 25 19:14:22 pradyum-Precision-WorkStation-T3500 mtp-probe: checking bus 3, device 2: "/sys/devices/pci0000:00/0000:00:1a.0/usb3/3-2"
Mar 25 19:14:22 pradyum-Precision-WorkStation-T3500 kernel: [    0.237381] pci 0000:00:07.0: enabling Extended Tags
Mar 25 19:14:22 pradyum-Precision-WorkStation-T3500 kernel: [    0.237416] pci 0000:00:07.0: PME# supported from D0 D3hot D3cold
Mar 25 19:14:22 pradyum-Precision-WorkStation-T3500 mtp-probe: bus: 1, device: 3 was not an MTP device
Mar 25 19:14:22 pradyum-Precision-WorkStation-T3500 kernel: [    0.237786] pci 0000:00:14.0: [8086:342e] type 00 class 0x080000
Mar 25 19:14:22 pradyum-Precision-WorkStation-T3500 kernel: [    0.238180] pci 0000:00:14.1: [8086:3422] type 00 class 0x080000
Mar 25 19:14:22 pradyum-Precision-WorkStation-T3500 kernel: [    0.238576] pci 0000:00:14.2: [8086:3423] type 00 class 0x080000
Mar 25 19:14:22 pradyum-Precision-WorkStation-T3500 mtp-probe: bus: 4, device: 2 was not an MTP device
Mar 25 19:14:22 pradyum-Precision-WorkStation-T3500 kernel: [    0.238976] pci 0000:00:1a.0: [8086:3a37] type 00 class 0x0c0300
Mar 25 19:14:22 pradyum-Precision-WorkStation-T3500 mtp-probe: bus: 3, device: 2 was not an MTP device
Mar 25 19:14:22 pradyum-Precision-WorkStation-T3500 kernel: [    0.239016] pci 0000:00:1a.0: reg 0x20: [io  0xff20-0xff3f]
Mar 25 19:14:22 pradyum-Precision-WorkStation-T3500 kernel: [    0.239401] pci 0000:00:1a.1: [8086:3a38] type 00 class 0x0c0300
Mar 25 19:14:22 pradyum-Precision-WorkStation-T3500 kernel: [    0.239441] pci 0000:00:1a.1: reg 0x20: [io  0xff00-0xff1f]
Mar 25 19:14:22 pradyum-Precision-WorkStation-T3500 kernel: [    0.239826] pci 0000:00:1a.2: [8086:3a39] type 00 class 0x0c0300
Mar 25 19:14:22 pradyum-Precision-WorkStation-T3500 systemd[1]: Reached target Sound Card.
Mar 25 19:14:22 pradyum-Precision-WorkStation-T3500 kernel: [    0.239866] pci 0000:00:1a.2: reg 0x20: [io  0xfc00-0xfc1f]
Mar 25 19:14:22 pradyum-Precision-WorkStation-T3500 systemd[1]: Started Show Plymouth Boot Screen.
Mar 25 19:14:22 pradyum-Precision-WorkStation-T3500 kernel: [    0.240260] pci 0000:00:1a.7: [8086:3a3c] type 00 class 0x0c0320
Mar 25 19:14:22 pradyum-Precision-WorkStation-T3500 kernel: [    0.240281] pci 0000:00:1a.7: reg 0x10: [mem 0xf7ffa000-0xf7ffa3ff]
Mar 25 19:14:22 pradyum-Precision-WorkStation-T3500 systemd[1]: Started Forward Password Requests to Plymouth Directory Watch.
Mar 25 19:14:22 pradyum-Precision-WorkStation-T3500 kernel: [    0.240357] pci 0000:00:1a.7: PME# supported from D0 D3hot D3cold
Mar 25 19:14:22 pradyum-Precision-WorkStation-T3500 kernel: [    0.240712] pci 0000:00:1b.0: [8086:3a3e] type 00 class 0x040300
Mar 25 19:14:22 pradyum-Precision-WorkStation-T3500 apparmor[302]: Skipping profile in /etc/apparmor.d/disable: usr.bin.firefox
Mar 25 19:14:22 pradyum-Precision-WorkStation-T3500 kernel: [    0.240731] pci 0000:00:1b.0: reg 0x10: [mem 0xf7ffc000-0xf7ffffff 64bit]
Mar 25 19:14:22 pradyum-Precision-WorkStation-T3500 kernel: [    0.240797] pci 0000:00:1b.0: PME# supported from D0 D3hot D3cold
Mar 25 19:14:22 pradyum-Precision-WorkStation-T3500 apparmor[302]: Skipping profile in /etc/apparmor.d/disable: usr.sbin.rsyslogd
Mar 25 19:14:22 pradyum-Precision-WorkStation-T3500 kernel: [    0.241155] pci 0000:00:1c.0: [8086:3a40] type 01 class 0x060400
Mar 25 19:14:22 pradyum-Precision-WorkStation-T3500 kernel: [    0.241224] pci 0000:00:1c.0: PME# supported from D0 D3hot D3cold
Mar 25 19:14:22 pradyum-Precision-WorkStation-T3500 apparmor[302]:    ...done.
Mar 25 19:14:22 pradyum-Precision-WorkStation-T3500 kernel: [    0.241589] pci 0000:00:1c.5: [8086:3a4a] type 01 class 0x060400
Mar 25 19:14:22 pradyum-Precision-WorkStation-T3500 kernel: [    0.241658] pci 0000:00:1c.5: PME# supported from D0 D3hot D3cold
Mar 25 19:14:22 pradyum-Precision-WorkStation-T3500 kernel: [    0.242023] pci 0000:00:1d.0: [8086:3a34] type 00 class 0x0c0300
Mar 25 19:14:22 pradyum-Precision-WorkStation-T3500 systemd[1]: Started LSB: AppArmor initialization.
Mar 25 19:14:22 pradyum-Precision-WorkStation-T3500 kernel: [    0.242063] pci 0000:00:1d.0: reg 0x20: [io  0xff80-0xff9f]
Mar 25 19:14:22 pradyum-Precision-WorkStation-T3500 systemd[1]: Starting Raise network interfaces...
Mar 25 19:14:22 pradyum-Precision-WorkStation-T3500 kernel: [    0.242449] pci 0000:00:1d.1: [8086:3a35] type 00 class 0x0c0300
Mar 25 19:14:22 pradyum-Precision-WorkStation-T3500 kernel: [    0.242489] pci 0000:00:1d.1: reg 0x20: [io  0xff60-0xff7f]
Mar 25 19:14:22 pradyum-Precision-WorkStation-T3500 kernel: [    0.242875] pci 0000:00:1d.2: [8086:3a36] type 00 class 0x0c0300
Mar 25 19:14:22 pradyum-Precision-WorkStation-T3500 kernel: [    0.242916] pci 0000:00:1d.2: reg 0x20: [io  0xff40-0xff5f]
Mar 25 19:14:22 pradyum-Precision-WorkStation-T3500 systemd[1]: Started Create Volatile Files and Directories.
Mar 25 19:14:22 pradyum-Precision-WorkStation-T3500 kernel: [    0.243306] pci 0000:00:1d.7: [8086:3a3a] type 00 class 0x0c0320
Mar 25 19:14:22 pradyum-Precision-WorkStation-T3500 systemd[1]: Starting Network Time Synchronization...
Mar 25 19:14:22 pradyum-Precision-WorkStation-T3500 kernel: [    0.243326] pci 0000:00:1d.7: reg 0x10: [mem 0xff980000-0xff9803ff]
Mar 25 19:14:22 pradyum-Precision-WorkStation-T3500 kernel: [    0.243403] pci 0000:00:1d.7: PME# supported from D0 D3hot D3cold
Mar 25 19:14:22 pradyum-Precision-WorkStation-T3500 systemd[1]: Starting Update UTMP about System Boot/Shutdown...
Mar 25 19:14:22 pradyum-Precision-WorkStation-T3500 kernel: [    0.243753] pci 0000:00:1e.0: [8086:244e] type 01 class 0x060401
Mar 25 19:14:22 pradyum-Precision-WorkStation-T3500 kernel: [    0.244153] pci 0000:00:1f.0: [8086:3a16] type 00 class 0x060100
Mar 25 19:14:22 pradyum-Precision-WorkStation-T3500 kernel: [    0.244230] pci 0000:00:1f.0: quirk: [io  0x0800-0x087f] claimed by ICH6 ACPI/GPIO/TCO
Mar 25 19:14:22 pradyum-Precision-WorkStation-T3500 systemd[1]: Started Network Time Synchronization.
Mar 25 19:14:22 pradyum-Precision-WorkStation-T3500 kernel: [    0.244233] pci 0000:00:1f.0: quirk: [io  0x0880-0x08bf] claimed by ICH6 GPIO
Mar 25 19:14:22 pradyum-Precision-WorkStation-T3500 kernel: [    0.244236] pci 0000:00:1f.0: ICH7 LPC Generic IO decode 1 PIO at 0c00 (mask 007f)
Mar 25 19:14:22 pradyum-Precision-WorkStation-T3500 systemd[1]: Reached target System Time Synchronized.
Mar 25 19:14:22 pradyum-Precision-WorkStation-T3500 kernel: [    0.244238] pci 0000:00:1f.0: ICH7 LPC Generic IO decode 2 PIO at 00e0 (mask 0007)
Mar 25 19:14:22 pradyum-Precision-WorkStation-T3500 kernel: [    0.244241] pci 0000:00:1f.0: ICH7 LPC Generic IO decode 3 PIO at 0900 (mask 003f)
Mar 25 19:14:22 pradyum-Precision-WorkStation-T3500 kernel: [    0.244620] pci 0000:00:1f.2: [8086:2822] type 00 class 0x010400
Mar 25 19:14:22 pradyum-Precision-WorkStation-T3500 kernel: [    0.244637] pci 0000:00:1f.2: reg 0x10: [io  0xfe00-0xfe07]
Mar 25 19:14:22 pradyum-Precision-WorkStation-T3500 systemd[1]: Started Raise network interfaces.
Mar 25 19:14:22 pradyum-Precision-WorkStation-T3500 kernel: [    0.244643] pci 0000:00:1f.2: reg 0x14: [io  0xfe10-0xfe13]
Mar 25 19:14:22 pradyum-Precision-WorkStation-T3500 kernel: [    0.244649] pci 0000:00:1f.2: reg 0x18: [io  0xfe20-0xfe27]
Mar 25 19:14:22 pradyum-Precision-WorkStation-T3500 systemd[1]: Starting Load/Save RF Kill Switch Status...
Mar 25 19:14:22 pradyum-Precision-WorkStation-T3500 kernel: [    0.244656] pci 0000:00:1f.2: reg 0x1c: [io  0xfe30-0xfe33]
Mar 25 19:14:22 pradyum-Precision-WorkStation-T3500 kernel: [    0.244662] pci 0000:00:1f.2: reg 0x20: [io  0xfec0-0xfedf]
Mar 25 19:14:22 pradyum-Precision-WorkStation-T3500 systemd[1]: Started Load/Save RF Kill Switch Status.
Mar 25 19:14:22 pradyum-Precision-WorkStation-T3500 kernel: [    0.244669] pci 0000:00:1f.2: reg 0x24: [mem 0xff970000-0xff9707ff]
Mar 25 19:14:22 pradyum-Precision-WorkStation-T3500 systemd[1]: Started Update UTMP about System Boot/Shutdown.
Mar 25 19:14:22 pradyum-Precision-WorkStation-T3500 kernel: [    0.244706] pci 0000:00:1f.2: PME# supported from D3hot
Mar 25 19:14:22 pradyum-Precision-WorkStation-T3500 kernel: [    0.245056] pci 0000:00:1f.3: [8086:3a30] type 00 class 0x0c0500
Mar 25 19:14:22 pradyum-Precision-WorkStation-T3500 kernel: [    0.245072] pci 0000:00:1f.3: reg 0x10: [mem 0xf7ffb000-0xf7ffb0ff 64bit]
Mar 25 19:14:22 pradyum-Precision-WorkStation-T3500 kernel: [    0.245090] pci 0000:00:1f.3: reg 0x20: [io  0xece0-0xecff]
Mar 25 19:14:22 pradyum-Precision-WorkStation-T3500 kernel: [    0.245482] pci 0000:00:01.0: PCI bridge to [bus 01]
Mar 25 19:14:22 pradyum-Precision-WorkStation-T3500 systemd[1]: Found device WDC_WD5000AAKX-753CA1 5.
Mar 25 19:14:22 pradyum-Precision-WorkStation-T3500 kernel: [    0.245487] pci 0000:00:01.0:   bridge window [mem 0xf3e00000-0xf3efffff]
Mar 25 19:14:22 pradyum-Precision-WorkStation-T3500 systemd[1]: Activating swap /dev/disk/by-uuid/79bfb93d-a22e-46c6-b496-44c93880e17c...
Mar 25 19:14:22 pradyum-Precision-WorkStation-T3500 kernel: [    0.245528] pci 0000:02:00.0: [10de:0dd8] type 00 class 0x030000
Mar 25 19:14:22 pradyum-Precision-WorkStation-T3500 kernel: [    0.245543] pci 0000:02:00.0: reg 0x10: [mem 0xf4000000-0xf5ffffff]
Mar 25 19:14:22 pradyum-Precision-WorkStation-T3500 kernel: [    0.245552] pci 0000:02:00.0: reg 0x14: [mem 0xe0000000-0xe7ffffff 64bit pref]
Mar 25 19:14:22 pradyum-Precision-WorkStation-T3500 kernel: [    0.245561] pci 0000:02:00.0: reg 0x1c: [mem 0xe8000000-0xebffffff 64bit pref]
Mar 25 19:14:22 pradyum-Precision-WorkStation-T3500 systemd[1]: Activated swap /dev/disk/by-uuid/79bfb93d-a22e-46c6-b496-44c93880e17c.
Mar 25 19:14:22 pradyum-Precision-WorkStation-T3500 kernel: [    0.245567] pci 0000:02:00.0: reg 0x24: [io  0xdc80-0xdcff]
Mar 25 19:14:22 pradyum-Precision-WorkStation-T3500 systemd[1]: Reached target Swap.
Mar 25 19:14:22 pradyum-Precision-WorkStation-T3500 kernel: [    0.245573] pci 0000:02:00.0: reg 0x30: [mem 0xf7e00000-0xf7e7ffff pref]
Mar 25 19:14:22 pradyum-Precision-WorkStation-T3500 kernel: [    0.245579] pci 0000:02:00.0: enabling Extended Tags
Mar 25 19:14:22 pradyum-Precision-WorkStation-T3500 kernel: [    0.245659] pci 0000:02:00.1: [10de:0be9] type 00 class 0x040300
Mar 25 19:14:22 pradyum-Precision-WorkStation-T3500 systemd[1]: Reached target System Initialization.
Mar 25 19:14:22 pradyum-Precision-WorkStation-T3500 kernel: [    0.245672] pci 0000:02:00.1: reg 0x10: [mem 0xf7dfc000-0xf7dfffff]
Mar 25 19:14:22 pradyum-Precision-WorkStation-T3500 kernel: [    0.245706] pci 0000:02:00.1: enabling Extended Tags
Mar 25 19:14:22 pradyum-Precision-WorkStation-T3500 systemd[1]: Started CUPS Scheduler.
Mar 25 19:14:22 pradyum-Precision-WorkStation-T3500 kernel: [    0.256024] pci 0000:00:03.0: PCI bridge to [bus 02]
Mar 25 19:14:22 pradyum-Precision-WorkStation-T3500 kernel: [    0.256028] pci 0000:00:03.0:   bridge window [io  0xd000-0xdfff]
Mar 25 19:14:22 pradyum-Precision-WorkStation-T3500 kernel: [    0.256032] pci 0000:00:03.0:   bridge window [mem 0xf4000000-0xf7efffff]
Mar 25 19:14:22 pradyum-Precision-WorkStation-T3500 kernel: [    0.256038] pci 0000:00:03.0:   bridge window [mem 0xe0000000-0xebffffff 64bit pref]
Mar 25 19:14:22 pradyum-Precision-WorkStation-T3500 systemd[1]: Listening on CUPS Scheduler.
Mar 25 19:14:22 pradyum-Precision-WorkStation-T3500 kernel: [    0.256074] pci 0000:00:07.0: PCI bridge to [bus 03]
Mar 25 19:14:22 pradyum-Precision-WorkStation-T3500 kernel: [    0.256078] pci 0000:00:07.0:   bridge window [mem 0xf3f00000-0xf3ffffff]
Mar 25 19:14:22 pradyum-Precision-WorkStation-T3500 systemd[1]: Listening on ACPID Listen Socket.
Mar 25 19:14:22 pradyum-Precision-WorkStation-T3500 kernel: [    0.256114] pci 0000:00:1c.0: PCI bridge to [bus 04]
Mar 25 19:14:22 pradyum-Precision-WorkStation-T3500 kernel: [    0.256174] pci 0000:05:00.0: [14e4:1681] type 00 class 0x020000
Mar 25 19:14:22 pradyum-Precision-WorkStation-T3500 systemd[1]: Starting Socket activation for snappy daemon.
Mar 25 19:14:22 pradyum-Precision-WorkStation-T3500 kernel: [    0.256210] pci 0000:05:00.0: reg 0x10: [mem 0xf3de0000-0xf3deffff 64bit]
Mar 25 19:14:22 pradyum-Precision-WorkStation-T3500 kernel: [    0.256227] pci 0000:05:00.0: reg 0x18: [mem 0xf3df0000-0xf3dfffff 64bit]
Mar 25 19:14:22 pradyum-Precision-WorkStation-T3500 kernel: [    0.256267] pci 0000:05:00.0: enabling Extended Tags
Mar 25 19:14:22 pradyum-Precision-WorkStation-T3500 systemd[1]: Listening on UUID daemon activation socket.
Mar 25 19:14:22 pradyum-Precision-WorkStation-T3500 kernel: [    0.256357] pci 0000:05:00.0: PME# supported from D3hot D3cold
Mar 25 19:14:22 pradyum-Precision-WorkStation-T3500 systemd[1]: Listening on Avahi mDNS/DNS-SD Stack Activation Socket.
Mar 25 19:14:22 pradyum-Precision-WorkStation-T3500 kernel: [    0.268029] pci 0000:00:1c.5: PCI bridge to [bus 05]
Mar 25 19:14:22 pradyum-Precision-WorkStation-T3500 systemd[1]: Started Daily Cleanup of Temporary Directories.
Mar 25 19:14:22 pradyum-Precision-WorkStation-T3500 systemd[1]: Listening on D-Bus System Message Bus Socket.
Mar 25 19:14:22 pradyum-Precision-WorkStation-T3500 systemd[1]: Started ACPI Events Check.
Mar 25 19:14:22 pradyum-Precision-WorkStation-T3500 systemd[1]: Reached target Paths.
Mar 25 19:14:22 pradyum-Precision-WorkStation-T3500 systemd[1]: Started Daily apt download activities.
Mar 25 19:14:22 pradyum-Precision-WorkStation-T3500 systemd[1]: Started Daily apt upgrade and clean activities.
Mar 25 19:14:22 pradyum-Precision-WorkStation-T3500 systemd[1]: Reached target Timers.
Mar 25 19:14:22 pradyum-Precision-WorkStation-T3500 systemd[1]: Listening on Socket activation for snappy daemon.
Mar 25 19:14:22 pradyum-Precision-WorkStation-T3500 systemd[1]: Reached target Sockets.
Mar 25 19:14:22 pradyum-Precision-WorkStation-T3500 systemd[1]: Reached target Basic System.
Mar 25 19:14:22 pradyum-Precision-WorkStation-T3500 systemd[1]: Starting LSB: Record successful boot for GRUB...
Mar 25 19:14:22 pradyum-Precision-WorkStation-T3500 systemd[1]: Starting LSB: automatic crash report generation...
Mar 25 19:14:22 pradyum-Precision-WorkStation-T3500 kernel: [    0.268036] pci 0000:00:1c.5:   bridge window [mem 0xf3d00000-0xf3dfffff]
Mar 25 19:14:22 pradyum-Precision-WorkStation-T3500 systemd[1]: Starting LSB: Set the CPU Frequency Scaling governor to "ondemand"...
Mar 25 19:14:22 pradyum-Precision-WorkStation-T3500 kernel: [    0.268104] pci 0000:00:1e.0: PCI bridge to [bus 06] (subtractive decode)
Mar 25 19:14:22 pradyum-Precision-WorkStation-T3500 kernel: [    0.268111] pci 0000:00:1e.0:   bridge window [io  0x0000-0x0cf7 window] (subtractive decode)
Mar 25 19:14:22 pradyum-Precision-WorkStation-T3500 kernel: [    0.268113] pci 0000:00:1e.0:   bridge window [io  0x0d00-0xffff window] (subtractive decode)
Mar 25 19:14:22 pradyum-Precision-WorkStation-T3500 systemd[1]: Starting Detect the available GPUs and deal with any system changes...
Mar 25 19:14:22 pradyum-Precision-WorkStation-T3500 kernel: [    0.268114] pci 0000:00:1e.0:   bridge window [mem 0x000a0000-0x000bffff window] (subtractive decode)
Mar 25 19:14:22 pradyum-Precision-WorkStation-T3500 kernel: [    0.268115] pci 0000:00:1e.0:   bridge window [mem 0x000c0000-0x000effff window] (subtractive decode)
Mar 25 19:14:22 pradyum-Precision-WorkStation-T3500 kernel: [    0.268116] pci 0000:00:1e.0:   bridge window [mem 0x000f0000-0x000fffff window] (subtractive decode)
Mar 25 19:14:22 pradyum-Precision-WorkStation-T3500 kernel: [    0.268117] pci 0000:00:1e.0:   bridge window [mem 0xdff00000-0xf7ffffff window] (subtractive decode)
Mar 25 19:14:22 pradyum-Precision-WorkStation-T3500 systemd[1]: Starting Accounts Service...
Mar 25 19:14:22 pradyum-Precision-WorkStation-T3500 kernel: [    0.268118] pci 0000:00:1e.0:   bridge window [mem 0xff980000-0xff980fff window] (subtractive decode)
Mar 25 19:14:22 pradyum-Precision-WorkStation-T3500 systemd[1]: Started ACPI event daemon.
Mar 25 19:14:22 pradyum-Precision-WorkStation-T3500 kernel: [    0.268119] pci 0000:00:1e.0:   bridge window [mem 0xff97c000-0xff97ffff window] (subtractive decode)
Mar 25 19:14:22 pradyum-Precision-WorkStation-T3500 kernel: [    0.268120] pci 0000:00:1e.0:   bridge window [mem 0xfed20000-0xfed9ffff window] (subtractive decode)
Mar 25 19:14:22 pradyum-Precision-WorkStation-T3500 kernel: [    0.288224] ACPI: PCI Interrupt Link [LNKA] (IRQs 3 4 5 6 7 9 10 *11 12 15)
Mar 25 19:14:22 pradyum-Precision-WorkStation-T3500 systemd[1]: Starting Login Service...
Mar 25 19:14:22 pradyum-Precision-WorkStation-T3500 kernel: [    0.289160] ACPI: PCI Interrupt Link [LNKB] (IRQs 3 4 5 6 7 9 *10 11 12 15)
Mar 25 19:14:22 pradyum-Precision-WorkStation-T3500 systemd[1]: Started D-Bus System Message Bus.
Mar 25 19:14:22 pradyum-Precision-WorkStation-T3500 kernel: [    0.290092] ACPI: PCI Interrupt Link [LNKC] (IRQs *3 4 5 6 7 9 10 11 12 15)
Mar 25 19:14:22 pradyum-Precision-WorkStation-T3500 kernel: [    0.291044] ACPI: PCI Interrupt Link [LNKD] (IRQs 3 4 5 6 7 9 10 11 12 15) *0, disabled.
Mar 25 19:14:22 pradyum-Precision-WorkStation-T3500 kernel: [    0.291980] ACPI: PCI Interrupt Link [LNKE] (IRQs *3 4 5 6 7 9 10 11 12 15)
Mar 25 19:14:22 pradyum-Precision-WorkStation-T3500 kernel: [    0.292937] ACPI: PCI Interrupt Link [LNKF] (IRQs 3 4 5 6 7 9 10 11 12 15) *0, disabled.
Mar 25 19:14:22 pradyum-Precision-WorkStation-T3500 kernel: [    0.293868] ACPI: PCI Interrupt Link [LNKG] (IRQs 3 4 5 6 7 *9 10 11 12 15)
Mar 25 19:14:22 pradyum-Precision-WorkStation-T3500 kernel: [    0.294801] ACPI: PCI Interrupt Link [LNKH] (IRQs 3 4 *5 6 7 9 10 11 12 15)
Mar 25 19:14:22 pradyum-Precision-WorkStation-T3500 gpu-manager[748]: /etc/modprobe.d is not a file
Mar 25 19:14:22 pradyum-Precision-WorkStation-T3500 kernel: [    0.295444] SCSI subsystem initialized
Mar 25 19:14:22 pradyum-Precision-WorkStation-T3500 kernel: [    0.295460] libata version 3.00 loaded.
Mar 25 19:14:22 pradyum-Precision-WorkStation-T3500 kernel: [    0.295460] pci 0000:02:00.0: vgaarb: setting as boot VGA device
Mar 25 19:14:22 pradyum-Precision-WorkStation-T3500 kernel: [    0.295460] pci 0000:02:00.0: vgaarb: VGA device added: decodes=io+mem,owns=io+mem,locks=none
Mar 25 19:14:22 pradyum-Precision-WorkStation-T3500 kernel: [    0.295460] pci 0000:02:00.0: vgaarb: bridge control possible
Mar 25 19:14:22 pradyum-Precision-WorkStation-T3500 kernel: [    0.295460] vgaarb: loaded
Mar 25 19:14:22 pradyum-Precision-WorkStation-T3500 kernel: [    0.295460] ACPI: bus type USB registered
Mar 25 19:14:22 pradyum-Precision-WorkStation-T3500 kernel: [    0.295460] usbcore: registered new interface driver usbfs
Mar 25 19:14:22 pradyum-Precision-WorkStation-T3500 kernel: [    0.295460] usbcore: registered new interface driver hub
Mar 25 19:14:22 pradyum-Precision-WorkStation-T3500 kernel: [    0.295460] usbcore: registered new device driver usb
Mar 25 19:14:22 pradyum-Precision-WorkStation-T3500 kernel: [    0.295460] EDAC MC: Ver: 3.0.0
Mar 25 19:14:22 pradyum-Precision-WorkStation-T3500 kernel: [    0.295460] PCI: Using ACPI for IRQ routing
Mar 25 19:14:22 pradyum-Precision-WorkStation-T3500 kernel: [    0.297048] PCI: Discovered peer bus 3f
Mar 25 19:14:22 pradyum-Precision-WorkStation-T3500 kernel: [    0.297049] PCI: root bus 3f: using default resources
Mar 25 19:14:22 pradyum-Precision-WorkStation-T3500 kernel: [    0.297049] PCI: Probing PCI hardware (bus 3f)
Mar 25 19:14:22 pradyum-Precision-WorkStation-T3500 kernel: [    0.297068] PCI host bridge to bus 0000:3f
Mar 25 19:14:22 pradyum-Precision-WorkStation-T3500 kernel: [    0.297069] pci_bus 0000:3f: root bus resource [io  0x0000-0xffff]
Mar 25 19:14:22 pradyum-Precision-WorkStation-T3500 kernel: [    0.297071] pci_bus 0000:3f: root bus resource [mem 0x00000000-0xfffffffff]
Mar 25 19:14:22 pradyum-Precision-WorkStation-T3500 gpu-manager[748]: message repeated 4 times: [ /etc/modprobe.d is not a file]
Mar 25 19:14:22 pradyum-Precision-WorkStation-T3500 gpu-manager[748]: Error: can't open /lib/modules/4.15.0-46-generic/updates/dkms
Mar 25 19:14:22 pradyum-Precision-WorkStation-T3500 kernel: [    0.297072] pci_bus 0000:3f: No busn resource found for root bus, will use [bus 3f-ff]
Mar 25 19:14:22 pradyum-Precision-WorkStation-T3500 kernel: [    0.297074] pci_bus 0000:3f: busn_res: can not insert [bus 3f-ff] under domain [bus 00-ff] (conflicts with (null) [bus 00-ff])
Mar 25 19:14:22 pradyum-Precision-WorkStation-T3500 kernel: [    0.297078] pci 0000:3f:00.0: [8086:2c41] type 00 class 0x060000
Mar 25 19:14:22 pradyum-Precision-WorkStation-T3500 kernel: [    0.297112] pci 0000:3f:00.1: [8086:2c01] type 00 class 0x060000
Mar 25 19:14:22 pradyum-Precision-WorkStation-T3500 kernel: [    0.297145] pci 0000:3f:02.0: [8086:2c10] type 00 class 0x060000
Mar 25 19:14:22 pradyum-Precision-WorkStation-T3500 kernel: [    0.297176] pci 0000:3f:02.1: [8086:2c11] type 00 class 0x060000
Mar 25 19:14:22 pradyum-Precision-WorkStation-T3500 kernel: [    0.297210] pci 0000:3f:03.0: [8086:2c18] type 00 class 0x060000
Mar 25 19:14:22 pradyum-Precision-WorkStation-T3500 kernel: [    0.297239] pci 0000:3f:03.1: [8086:2c19] type 00 class 0x060000
Mar 25 19:14:22 pradyum-Precision-WorkStation-T3500 kernel: [    0.297270] pci 0000:3f:03.4: [8086:2c1c] type 00 class 0x060000
Mar 25 19:14:22 pradyum-Precision-WorkStation-T3500 kernel: [    0.297300] pci 0000:3f:04.0: [8086:2c20] type 00 class 0x060000
Mar 25 19:14:22 pradyum-Precision-WorkStation-T3500 kernel: [    0.297330] pci 0000:3f:04.1: [8086:2c21] type 00 class 0x060000
Mar 25 19:14:22 pradyum-Precision-WorkStation-T3500 kernel: [    0.297361] pci 0000:3f:04.2: [8086:2c22] type 00 class 0x060000
Mar 25 19:14:22 pradyum-Precision-WorkStation-T3500 gpu-manager[748]: Error: can't open /lib/modules/4.15.0-46-generic/updates/dkms
Mar 25 19:14:22 pradyum-Precision-WorkStation-T3500 kernel: [    0.297391] pci 0000:3f:04.3: [8086:2c23] type 00 class 0x060000
Mar 25 19:14:22 pradyum-Precision-WorkStation-T3500 acpid: starting up with netlink and the input layer
Mar 25 19:14:22 pradyum-Precision-WorkStation-T3500 kernel: [    0.297422] pci 0000:3f:05.0: [8086:2c28] type 00 class 0x060000
Mar 25 19:14:22 pradyum-Precision-WorkStation-T3500 gpu-manager[748]: update-alternatives: error: no alternatives for x86_64-linux-gnu_gfxcore_conf
Mar 25 19:14:22 pradyum-Precision-WorkStation-T3500 kernel: [    0.297453] pci 0000:3f:05.1: [8086:2c29] type 00 class 0x060000
Mar 25 19:14:22 pradyum-Precision-WorkStation-T3500 kernel: [    0.297483] pci 0000:3f:05.2: [8086:2c2a] type 00 class 0x060000
Mar 25 19:14:22 pradyum-Precision-WorkStation-T3500 kernel: [    0.297513] pci 0000:3f:05.3: [8086:2c2b] type 00 class 0x060000
Mar 25 19:14:22 pradyum-Precision-WorkStation-T3500 kernel: [    0.297545] pci 0000:3f:06.0: [8086:2c30] type 00 class 0x060000
Mar 25 19:14:22 pradyum-Precision-WorkStation-T3500 dbus[756]: [system] AppArmor D-Bus mediation is enabled
Mar 25 19:14:22 pradyum-Precision-WorkStation-T3500 kernel: [    0.297575] pci 0000:3f:06.1: [8086:2c31] type 00 class 0x060000
Mar 25 19:14:22 pradyum-Precision-WorkStation-T3500 kernel: [    0.297605] pci 0000:3f:06.2: [8086:2c32] type 00 class 0x060000
Mar 25 19:14:22 pradyum-Precision-WorkStation-T3500 dbus[756]: [system] Successfully activated service 'org.freedesktop.systemd1'
Mar 25 19:14:22 pradyum-Precision-WorkStation-T3500 kernel: [    0.297635] pci 0000:3f:06.3: [8086:2c33] type 00 class 0x060000
Mar 25 19:14:22 pradyum-Precision-WorkStation-T3500 kernel: [    0.297672] pci_bus 0000:3f: busn_res: [bus 3f-ff] end is updated to 3f
Mar 25 19:14:22 pradyum-Precision-WorkStation-T3500 kernel: [    0.297674] pci_bus 0000:3f: busn_res: can not insert [bus 3f] under domain [bus 00-ff] (conflicts with (null) [bus 00-ff])
Mar 25 19:14:22 pradyum-Precision-WorkStation-T3500 kernel: [    0.297678] PCI: pci_cache_line_size set to 64 bytes
Mar 25 19:14:22 pradyum-Precision-WorkStation-T3500 systemd[1]: Starting System Logging Service...
Mar 25 19:14:22 pradyum-Precision-WorkStation-T3500 kernel: [    0.297706] pci 0000:00:1f.2: can't claim BAR 5 [mem 0xff970000-0xff9707ff]: no compatible bridge window
Mar 25 19:14:22 pradyum-Precision-WorkStation-T3500 systemd[1]: Starting Restore /etc/resolv.conf if the system crashed before the ppp link was shut down...
Mar 25 19:14:22 pradyum-Precision-WorkStation-T3500 kernel: [    0.297739] Expanded resource Reserved due to conflict with PCI Bus 0000:00
Mar 25 19:14:22 pradyum-Precision-WorkStation-T3500 kernel: [    0.297741] e820: reserve RAM buffer [mem 0x00092800-0x0009ffff]
Mar 25 19:14:22 pradyum-Precision-WorkStation-T3500 kernel: [    0.297742] e820: reserve RAM buffer [mem 0xdfdf9c00-0xdfffffff]
Mar 25 19:14:22 pradyum-Precision-WorkStation-T3500 kernel: [    0.297823] NetLabel: Initializing
Mar 25 19:14:22 pradyum-Precision-WorkStation-T3500 systemd[1]: Starting Thermal Daemon Service...
Mar 25 19:14:22 pradyum-Precision-WorkStation-T3500 kernel: [    0.297823] NetLabel:  domain hash size = 128
Mar 25 19:14:22 pradyum-Precision-WorkStation-T3500 systemd[1]: Starting Save/Restore Sound Card State...
Mar 25 19:14:22 pradyum-Precision-WorkStation-T3500 kernel: [    0.297824] NetLabel:  protocols = UNLABELED CIPSOv4 CALIPSO
Mar 25 19:14:22 pradyum-Precision-WorkStation-T3500 kernel: [    0.297836] NetLabel:  unlabeled traffic allowed by default
Mar 25 19:14:22 pradyum-Precision-WorkStation-T3500 kernel: [    0.297849] HPET: 4 timers in total, 0 timers will be used for per-cpu timer
Mar 25 19:14:22 pradyum-Precision-WorkStation-T3500 systemd[1]: Starting LSB: daemon to balance interrupts for SMP systems...
Mar 25 19:14:22 pradyum-Precision-WorkStation-T3500 kernel: [    0.297849] hpet0: at MMIO 0xfed00000, IRQs 2, 8, 0, 0
Mar 25 19:14:22 pradyum-Precision-WorkStation-T3500 kernel: [    0.297849] hpet0: 4 comparators, 64-bit 14.318180 MHz counter
Mar 25 19:14:22 pradyum-Precision-WorkStation-T3500 kernel: [    0.300022] clocksource: Switched to clocksource hpet
Mar 25 19:14:22 pradyum-Precision-WorkStation-T3500 systemd[1]: Started Regular background program processing daemon.
Mar 25 19:14:22 pradyum-Precision-WorkStation-T3500 kernel: [    0.309771] VFS: Disk quotas dquot_6.6.0
Mar 25 19:14:22 pradyum-Precision-WorkStation-T3500 kernel: [    0.309797] VFS: Dquot-cache hash table entries: 512 (order 0, 4096 bytes)
Mar 25 19:14:22 pradyum-Precision-WorkStation-T3500 cron[787]: (CRON) INFO (pidfile fd = 3)
Mar 25 19:14:22 pradyum-Precision-WorkStation-T3500 kernel: [    0.309901] AppArmor: AppArmor Filesystem Enabled
Mar 25 19:14:22 pradyum-Precision-WorkStation-T3500 kernel: [    0.309927] pnp: PnP ACPI init
Mar 25 19:14:22 pradyum-Precision-WorkStation-T3500 kernel: [    0.312525] pnp 00:00: disabling [io  0x0800-0x085f] because it overlaps 0000:00:1f.0 BAR 13 [io  0x0800-0x087f]
Mar 25 19:14:22 pradyum-Precision-WorkStation-T3500 systemd[1]: Started Run anacron jobs.
Mar 25 19:14:22 pradyum-Precision-WorkStation-T3500 kernel: [    0.312527] pnp 00:00: disabling [io  0x0860-0x08ff] because it overlaps 0000:00:1f.0 BAR 13 [io  0x0800-0x087f]
Mar 25 19:14:22 pradyum-Precision-WorkStation-T3500 systemd[1]: Starting Network Manager...
Mar 25 19:14:22 pradyum-Precision-WorkStation-T3500 kernel: [    0.312561] system 00:00: [io  0x0c00-0x0c7f] has been reserved
Mar 25 19:14:22 pradyum-Precision-WorkStation-T3500 kernel: [    0.312566] system 00:00: Plug and Play ACPI device, IDs PNP0c01 (active)
Mar 25 19:14:22 pradyum-Precision-WorkStation-T3500 kernel: [    0.312803] pnp 00:01: Plug and Play ACPI device, IDs PNP0b00 (active)
Mar 25 19:14:22 pradyum-Precision-WorkStation-T3500 kernel: [    0.325166] pnp 00:02: [dma 0 disabled]
Mar 25 19:14:22 pradyum-Precision-WorkStation-T3500 anacron[789]: Anacron 2.3 started on 2019-03-25
Mar 25 19:14:22 pradyum-Precision-WorkStation-T3500 kernel: [    0.326402] pnp 00:02: Plug and Play ACPI device, IDs PNP0401 (active)
Mar 25 19:14:22 pradyum-Precision-WorkStation-T3500 kernel: [    0.331521] pnp 00:03: Plug and Play ACPI device, IDs PNP0501 (active)
Mar 25 19:14:22 pradyum-Precision-WorkStation-T3500 systemd[1]: Starting Avahi mDNS/DNS-SD Stack...
Mar 25 19:14:22 pradyum-Precision-WorkStation-T3500 kernel: [    0.342902] pnp: PnP ACPI: found 4 devices
Mar 25 19:14:22 pradyum-Precision-WorkStation-T3500 kernel: [    0.348873] clocksource: acpi_pm: mask: 0xffffff max_cycles: 0xffffff, max_idle_ns: 2085701024 ns
Mar 25 19:14:22 pradyum-Precision-WorkStation-T3500 kernel: [    0.348902] pci 0000:00:1c.0: bridge window [io  0x1000-0x0fff] to [bus 04] add_size 1000
Mar 25 19:14:22 pradyum-Precision-WorkStation-T3500 systemd[1]: Starting Permit User Sessions...
Mar 25 19:14:22 pradyum-Precision-WorkStation-T3500 kernel: [    0.348904] pci 0000:00:1c.0: bridge window [mem 0x00100000-0x000fffff 64bit pref] to [bus 04] add_size 200000 add_align 100000
Mar 25 19:14:22 pradyum-Precision-WorkStation-T3500 systemd[1]: Started CUPS Scheduler.
Mar 25 19:14:22 pradyum-Precision-WorkStation-T3500 kernel: [    0.348905] pci 0000:00:1c.0: bridge window [mem 0x00100000-0x000fffff] to [bus 04] add_size 200000 add_align 100000
Mar 25 19:14:22 pradyum-Precision-WorkStation-T3500 kernel: [    0.348925] pci 0000:00:1c.0: BAR 14: assigned [mem 0xec000000-0xec1fffff]
Mar 25 19:14:22 pradyum-Precision-WorkStation-T3500 systemd[1]: Reached target Printer.
Mar 25 19:14:22 pradyum-Precision-WorkStation-T3500 kernel: [    0.348929] pci 0000:00:1c.0: BAR 15: assigned [mem 0xec200000-0xec3fffff 64bit pref]
Mar 25 19:14:22 pradyum-Precision-WorkStation-T3500 kernel: [    0.348931] pci 0000:00:1c.0: BAR 13: assigned [io  0x1000-0x1fff]
Mar 25 19:14:22 pradyum-Precision-WorkStation-T3500 kernel: [    0.348933] pci 0000:00:1f.2: BAR 5: assigned [mem 0xec400000-0xec4007ff]
Mar 25 19:14:22 pradyum-Precision-WorkStation-T3500 systemd[1]: Starting LSB: Speech Dispatcher...
Mar 25 19:14:22 pradyum-Precision-WorkStation-T3500 kernel: [    0.348937] pci 0000:00:01.0: PCI bridge to [bus 01]
Mar 25 19:14:22 pradyum-Precision-WorkStation-T3500 kernel: [    0.348941] pci 0000:00:01.0:   bridge window [mem 0xf3e00000-0xf3efffff]
Mar 25 19:14:22 pradyum-Precision-WorkStation-T3500 kernel: [    0.348946] pci 0000:00:03.0: PCI bridge to [bus 02]
Mar 25 19:14:22 pradyum-Precision-WorkStation-T3500 kernel: [    0.348948] pci 0000:00:03.0:   bridge window [io  0xd000-0xdfff]
Mar 25 19:14:22 pradyum-Precision-WorkStation-T3500 kernel: [    0.348951] pci 0000:00:03.0:   bridge window [mem 0xf4000000-0xf7efffff]
Mar 25 19:14:22 pradyum-Precision-WorkStation-T3500 systemd[1]: Starting Snappy daemon...
Mar 25 19:14:22 pradyum-Precision-WorkStation-T3500 kernel: [    0.348953] pci 0000:00:03.0:   bridge window [mem 0xe0000000-0xebffffff 64bit pref]
Mar 25 19:14:22 pradyum-Precision-WorkStation-T3500 systemd[1]: Started Detect the available GPUs and deal with any system changes.
Mar 25 19:14:22 pradyum-Precision-WorkStation-T3500 kernel: [    0.348957] pci 0000:00:07.0: PCI bridge to [bus 03]
Mar 25 19:14:22 pradyum-Precision-WorkStation-T3500 kernel: [    0.348960] pci 0000:00:07.0:   bridge window [mem 0xf3f00000-0xf3ffffff]
Mar 25 19:14:22 pradyum-Precision-WorkStation-T3500 kernel: [    0.348965] pci 0000:00:1c.0: PCI bridge to [bus 04]
Mar 25 19:14:22 pradyum-Precision-WorkStation-T3500 kernel: [    0.348967] pci 0000:00:1c.0:   bridge window [io  0x1000-0x1fff]
Mar 25 19:14:22 pradyum-Precision-WorkStation-T3500 kernel: [    0.348970] pci 0000:00:1c.0:   bridge window [mem 0xec000000-0xec1fffff]
Mar 25 19:14:22 pradyum-Precision-WorkStation-T3500 systemd[1]: Started Restore /etc/resolv.conf if the system crashed before the ppp link was shut down.
Mar 25 19:14:22 pradyum-Precision-WorkStation-T3500 systemd[1]: Started Permit User Sessions.
Mar 25 19:14:22 pradyum-Precision-WorkStation-T3500 systemd[1]: Started Save/Restore Sound Card State.
Mar 25 19:14:22 pradyum-Precision-WorkStation-T3500 cron[787]: (CRON) INFO (Running @reboot jobs)
Mar 25 19:14:22 pradyum-Precision-WorkStation-T3500 systemd[1]: Starting Light Display Manager...
Mar 25 19:14:22 pradyum-Precision-WorkStation-T3500 systemd[1]: Started Login Service.
Mar 25 19:14:22 pradyum-Precision-WorkStation-T3500 acpid: 9 rules loaded
Mar 25 19:14:22 pradyum-Precision-WorkStation-T3500 acpid: waiting for events: event logging is off
Mar 25 19:14:22 pradyum-Precision-WorkStation-T3500 systemd[1]: Started System Logging Service.
Mar 25 19:14:22 pradyum-Precision-WorkStation-T3500 kernel: [    0.348973] pci 0000:00:1c.0:   bridge window [mem 0xec200000-0xec3fffff 64bit pref]
Mar 25 19:14:22 pradyum-Precision-WorkStation-T3500 kernel: [    0.348977] pci 0000:00:1c.5: PCI bridge to [bus 05]
Mar 25 19:14:22 pradyum-Precision-WorkStation-T3500 kernel: [    0.348980] pci 0000:00:1c.5:   bridge window [mem 0xf3d00000-0xf3dfffff]
Mar 25 19:14:22 pradyum-Precision-WorkStation-T3500 kernel: [    0.348986] pci 0000:00:1e.0: PCI bridge to [bus 06]
Mar 25 19:14:22 pradyum-Precision-WorkStation-T3500 kernel: [    0.348995] pci_bus 0000:00: resource 4 [io  0x0000-0x0cf7 window]
Mar 25 19:14:22 pradyum-Precision-WorkStation-T3500 kernel: [    0.348996] pci_bus 0000:00: resource 5 [io  0x0d00-0xffff window]
Mar 25 19:14:22 pradyum-Precision-WorkStation-T3500 kernel: [    0.348997] pci_bus 0000:00: resource 6 [mem 0x000a0000-0x000bffff window]
Mar 25 19:14:22 pradyum-Precision-WorkStation-T3500 kernel: [    0.348998] pci_bus 0000:00: resource 7 [mem 0x000c0000-0x000effff window]
Mar 25 19:14:22 pradyum-Precision-WorkStation-T3500 kernel: [    0.348999] pci_bus 0000:00: resource 8 [mem 0x000f0000-0x000fffff window]
Mar 25 19:14:22 pradyum-Precision-WorkStation-T3500 kernel: [    0.349000] pci_bus 0000:00: resource 9 [mem 0xdff00000-0xf7ffffff window]
Mar 25 19:14:22 pradyum-Precision-WorkStation-T3500 kernel: [    0.349002] pci_bus 0000:00: resource 10 [mem 0xff980000-0xff980fff window]
Mar 25 19:14:22 pradyum-Precision-WorkStation-T3500 kernel: [    0.349003] pci_bus 0000:00: resource 11 [mem 0xff97c000-0xff97ffff window]
Mar 25 19:14:22 pradyum-Precision-WorkStation-T3500 kernel: [    0.349004] pci_bus 0000:00: resource 12 [mem 0xfed20000-0xfed9ffff window]
Mar 25 19:14:22 pradyum-Precision-WorkStation-T3500 kernel: [    0.349005] pci_bus 0000:01: resource 1 [mem 0xf3e00000-0xf3efffff]
Mar 25 19:14:22 pradyum-Precision-WorkStation-T3500 kernel: [    0.349007] pci_bus 0000:02: resource 0 [io  0xd000-0xdfff]
Mar 25 19:14:22 pradyum-Precision-WorkStation-T3500 kernel: [    0.349008] pci_bus 0000:02: resource 1 [mem 0xf4000000-0xf7efffff]
Mar 25 19:14:22 pradyum-Precision-WorkStation-T3500 kernel: [    0.349009] pci_bus 0000:02: resource 2 [mem 0xe0000000-0xebffffff 64bit pref]
Mar 25 19:14:22 pradyum-Precision-WorkStation-T3500 kernel: [    0.349010] pci_bus 0000:03: resource 1 [mem 0xf3f00000-0xf3ffffff]
Mar 25 19:14:22 pradyum-Precision-WorkStation-T3500 kernel: [    0.349011] pci_bus 0000:04: resource 0 [io  0x1000-0x1fff]
Mar 25 19:14:22 pradyum-Precision-WorkStation-T3500 kernel: [    0.349012] pci_bus 0000:04: resource 1 [mem 0xec000000-0xec1fffff]
Mar 25 19:14:22 pradyum-Precision-WorkStation-T3500 kernel: [    0.349013] pci_bus 0000:04: resource 2 [mem 0xec200000-0xec3fffff 64bit pref]
Mar 25 19:14:22 pradyum-Precision-WorkStation-T3500 kernel: [    0.349015] pci_bus 0000:05: resource 1 [mem 0xf3d00000-0xf3dfffff]
Mar 25 19:14:22 pradyum-Precision-WorkStation-T3500 kernel: [    0.349016] pci_bus 0000:06: resource 4 [io  0x0000-0x0cf7 window]
Mar 25 19:14:22 pradyum-Precision-WorkStation-T3500 kernel: [    0.349017] pci_bus 0000:06: resource 5 [io  0x0d00-0xffff window]
Mar 25 19:14:22 pradyum-Precision-WorkStation-T3500 kernel: [    0.349018] pci_bus 0000:06: resource 6 [mem 0x000a0000-0x000bffff window]
Mar 25 19:14:22 pradyum-Precision-WorkStation-T3500 kernel: [    0.349019] pci_bus 0000:06: resource 7 [mem 0x000c0000-0x000effff window]
Mar 25 19:14:22 pradyum-Precision-WorkStation-T3500 kernel: [    0.349020] pci_bus 0000:06: resource 8 [mem 0x000f0000-0x000fffff window]
Mar 25 19:14:22 pradyum-Precision-WorkStation-T3500 kernel: [    0.349022] pci_bus 0000:06: resource 9 [mem 0xdff00000-0xf7ffffff window]
Mar 25 19:14:22 pradyum-Precision-WorkStation-T3500 kernel: [    0.349023] pci_bus 0000:06: resource 10 [mem 0xff980000-0xff980fff window]
Mar 25 19:14:22 pradyum-Precision-WorkStation-T3500 kernel: [    0.349024] pci_bus 0000:06: resource 11 [mem 0xff97c000-0xff97ffff window]
Mar 25 19:14:22 pradyum-Precision-WorkStation-T3500 kernel: [    0.349025] pci_bus 0000:06: resource 12 [mem 0xfed20000-0xfed9ffff window]
Mar 25 19:14:22 pradyum-Precision-WorkStation-T3500 kernel: [    0.349049] pci_bus 0000:3f: resource 4 [io  0x0000-0xffff]
Mar 25 19:14:22 pradyum-Precision-WorkStation-T3500 kernel: [    0.349051] pci_bus 0000:3f: resource 5 [mem 0x00000000-0xfffffffff]
Mar 25 19:14:22 pradyum-Precision-WorkStation-T3500 kernel: [    0.349081] NET: Registered protocol family 2
Mar 25 19:14:22 pradyum-Precision-WorkStation-T3500 kernel: [    0.349294] TCP established hash table entries: 131072 (order: 8, 1048576 bytes)
Mar 25 19:14:22 pradyum-Precision-WorkStation-T3500 kernel: [    0.349490] TCP bind hash table entries: 65536 (order: 8, 1048576 bytes)
Mar 25 19:14:22 pradyum-Precision-WorkStation-T3500 kernel: [    0.349634] TCP: Hash tables configured (established 131072 bind 65536)
Mar 25 19:14:22 pradyum-Precision-WorkStation-T3500 kernel: [    0.349697] UDP hash table entries: 8192 (order: 6, 262144 bytes)
Mar 25 19:14:22 pradyum-Precision-WorkStation-T3500 kernel: [    0.349741] UDP-Lite hash table entries: 8192 (order: 6, 262144 bytes)
Mar 25 19:14:22 pradyum-Precision-WorkStation-T3500 kernel: [    0.349850] NET: Registered protocol family 1
Mar 25 19:14:22 pradyum-Precision-WorkStation-T3500 kernel: [    0.356973] pci 0000:02:00.0: Video device with shadowed ROM at [mem 0x000c0000-0x000dffff]
Mar 25 19:14:22 pradyum-Precision-WorkStation-T3500 kernel: [    0.357004] PCI: CLS 64 bytes, default 64
Mar 25 19:14:22 pradyum-Precision-WorkStation-T3500 kernel: [    0.357036] Unpacking initramfs...
Mar 25 19:14:22 pradyum-Precision-WorkStation-T3500 kernel: [    1.023324] Freeing initrd memory: 53228K
Mar 25 19:14:22 pradyum-Precision-WorkStation-T3500 kernel: [    1.023372] DMAR: Host address width 36
Mar 25 19:14:22 pradyum-Precision-WorkStation-T3500 kernel: [    1.023373] DMAR: DRHD base: 0x000000fedc0000 flags: 0x1
Mar 25 19:14:22 pradyum-Precision-WorkStation-T3500 kernel: [    1.023388] DMAR: dmar0: reg_base_addr fedc0000 ver 1:0 cap c90780106f0462 ecap f020fe
Mar 25 19:14:22 pradyum-Precision-WorkStation-T3500 kernel: [    1.023389] DMAR: RMRR base: 0x000000dfe58000 end: 0x000000dfe6ffff
Mar 25 19:14:22 pradyum-Precision-WorkStation-T3500 kernel: [    1.023390] DMAR: ATSR flags: 0x0
Mar 25 19:14:22 pradyum-Precision-WorkStation-T3500 kernel: [    1.023416] PCI-DMA: Using software bounce buffering for IO (SWIOTLB)
Mar 25 19:14:22 pradyum-Precision-WorkStation-T3500 kernel: [    1.023418] software IO TLB [mem 0xdbdf9000-0xdfdf9000] (64MB) mapped at [        (ptrval)-        (ptrval)]
Mar 25 19:14:22 pradyum-Precision-WorkStation-T3500 kernel: [    1.023575] Scanning for low memory corruption every 60 seconds
Mar 25 19:14:22 pradyum-Precision-WorkStation-T3500 kernel: [    1.024314] Initialise system trusted keyrings
Mar 25 19:14:22 pradyum-Precision-WorkStation-T3500 kernel: [    1.024321] Key type blacklist registered
Mar 25 19:14:22 pradyum-Precision-WorkStation-T3500 kernel: [    1.024356] workingset: timestamp_bits=36 max_order=22 bucket_order=0
Mar 25 19:14:22 pradyum-Precision-WorkStation-T3500 kernel: [    1.025323] zbud: loaded
Mar 25 19:14:22 pradyum-Precision-WorkStation-T3500 kernel: [    1.025778] squashfs: version 4.0 (2009/01/31) Phillip Lougher
Mar 25 19:14:22 pradyum-Precision-WorkStation-T3500 kernel: [    1.025888] fuse init (API version 7.26)
Mar 25 19:14:22 pradyum-Precision-WorkStation-T3500 kernel: [    1.026927] Key type asymmetric registered
Mar 25 19:14:22 pradyum-Precision-WorkStation-T3500 kernel: [    1.026928] Asymmetric key parser 'x509' registered
Mar 25 19:14:22 pradyum-Precision-WorkStation-T3500 kernel: [    1.026954] Block layer SCSI generic (bsg) driver version 0.4 loaded (major 246)
Mar 25 19:14:22 pradyum-Precision-WorkStation-T3500 kernel: [    1.026985] io scheduler noop registered
Mar 25 19:14:22 pradyum-Precision-WorkStation-T3500 kernel: [    1.026986] io scheduler deadline registered
Mar 25 19:14:22 pradyum-Precision-WorkStation-T3500 kernel: [    1.027010] io scheduler cfq registered (default)
Mar 25 19:14:22 pradyum-Precision-WorkStation-T3500 kernel: [    1.029684] vesafb: mode is 1600x1200x32, linelength=6400, pages=0
Mar 25 19:14:22 pradyum-Precision-WorkStation-T3500 kernel: [    1.029685] vesafb: scrolling: redraw
Mar 25 19:14:22 pradyum-Precision-WorkStation-T3500 kernel: [    1.029686] vesafb: Truecolor: size=8:8:8:8, shift=24:16:8:0
Mar 25 19:14:22 pradyum-Precision-WorkStation-T3500 kernel: [    1.029695] vesafb: framebuffer at 0xe9000000, mapped to 0x        (ptrval), using 7552k, total 7552k
Mar 25 19:14:22 pradyum-Precision-WorkStation-T3500 kernel: [    1.029761] Console: switching to colour frame buffer device 200x75
Mar 25 19:14:22 pradyum-Precision-WorkStation-T3500 kernel: [    1.029800] fb0: VESA VGA frame buffer device
Mar 25 19:14:22 pradyum-Precision-WorkStation-T3500 kernel: [    1.029811] intel_idle: MWAIT substates: 0x1120
Mar 25 19:14:22 pradyum-Precision-WorkStation-T3500 kernel: [    1.029811] intel_idle: v0.4.1 model 0x1A
Mar 25 19:14:22 pradyum-Precision-WorkStation-T3500 kernel: [    1.029917] intel_idle: lapic_timer_reliable_states 0x2
Mar 25 19:14:22 pradyum-Precision-WorkStation-T3500 kernel: [    1.029977] input: Power Button as /devices/LNXSYSTM:00/LNXSYBUS:00/PNP0C0C:00/input/input0
Mar 25 19:14:22 pradyum-Precision-WorkStation-T3500 kernel: [    1.030004] ACPI: Power Button [VBTN]
Mar 25 19:14:22 pradyum-Precision-WorkStation-T3500 kernel: [    1.030038] input: Power Button as /devices/LNXSYSTM:00/LNXPWRBN:00/input/input1
Mar 25 19:14:22 pradyum-Precision-WorkStation-T3500 kernel: [    1.030053] ACPI: Power Button [PWRF]
Mar 25 19:14:22 pradyum-Precision-WorkStation-T3500 kernel: [    1.030315] Serial: 8250/16550 driver, 32 ports, IRQ sharing enabled
Mar 25 19:14:22 pradyum-Precision-WorkStation-T3500 kernel: [    1.050768] 00:03: ttyS0 at I/O 0x3f8 (irq = 4, base_baud = 115200) is a 16550A
Mar 25 19:14:22 pradyum-Precision-WorkStation-T3500 kernel: [    1.052889] Linux agpgart interface v0.103
Mar 25 19:14:22 pradyum-Precision-WorkStation-T3500 kernel: [    1.056179] loop: module loaded
Mar 25 19:14:22 pradyum-Precision-WorkStation-T3500 kernel: [    1.056310] libphy: Fixed MDIO Bus: probed
Mar 25 19:14:22 pradyum-Precision-WorkStation-T3500 kernel: [    1.056311] tun: Universal TUN/TAP device driver, 1.6
Mar 25 19:14:22 pradyum-Precision-WorkStation-T3500 kernel: [    1.056391] PPP generic driver version 2.4.2
Mar 25 19:14:22 pradyum-Precision-WorkStation-T3500 kernel: [    1.056430] ehci_hcd: USB 2.0 'Enhanced' Host Controller (EHCI) Driver
Mar 25 19:14:22 pradyum-Precision-WorkStation-T3500 kernel: [    1.056433] ehci-pci: EHCI PCI platform driver
Mar 25 19:14:22 pradyum-Precision-WorkStation-T3500 kernel: [    1.056906] ehci-pci 0000:00:1a.7: EHCI Host Controller
Mar 25 19:14:22 pradyum-Precision-WorkStation-T3500 kernel: [    1.056910] ehci-pci 0000:00:1a.7: new USB bus registered, assigned bus number 1
Mar 25 19:14:22 pradyum-Precision-WorkStation-T3500 kernel: [    1.056920] ehci-pci 0000:00:1a.7: debug port 1
Mar 25 19:14:22 pradyum-Precision-WorkStation-T3500 kernel: [    1.060806] ehci-pci 0000:00:1a.7: cache line size of 64 is not supported
Mar 25 19:14:22 pradyum-Precision-WorkStation-T3500 kernel: [    1.060818] ehci-pci 0000:00:1a.7: irq 22, io mem 0xf7ffa000
Mar 25 19:14:22 pradyum-Precision-WorkStation-T3500 kernel: [    1.076144] ehci-pci 0000:00:1a.7: USB 2.0 started, EHCI 1.00
Mar 25 19:14:22 pradyum-Precision-WorkStation-T3500 kernel: [    1.076203] usb usb1: New USB device found, idVendor=1d6b, idProduct=0002
Mar 25 19:14:22 pradyum-Precision-WorkStation-T3500 kernel: [    1.076206] usb usb1: New USB device strings: Mfr=3, Product=2, SerialNumber=1
Mar 25 19:14:22 pradyum-Precision-WorkStation-T3500 kernel: [    1.076208] usb usb1: Product: EHCI Host Controller
Mar 25 19:14:22 pradyum-Precision-WorkStation-T3500 kernel: [    1.076211] usb usb1: Manufacturer: Linux 4.15.0-46-generic ehci_hcd
Mar 25 19:14:22 pradyum-Precision-WorkStation-T3500 kernel: [    1.076213] usb usb1: SerialNumber: 0000:00:1a.7
Mar 25 19:14:22 pradyum-Precision-WorkStation-T3500 kernel: [    1.076437] hub 1-0:1.0: USB hub found
Mar 25 19:14:22 pradyum-Precision-WorkStation-T3500 kernel: [    1.076449] hub 1-0:1.0: 6 ports detected
Mar 25 19:14:22 pradyum-Precision-WorkStation-T3500 kernel: [    1.077054] ehci-pci 0000:00:1d.7: EHCI Host Controller
Mar 25 19:14:22 pradyum-Precision-WorkStation-T3500 kernel: [    1.077058] ehci-pci 0000:00:1d.7: new USB bus registered, assigned bus number 2
Mar 25 19:14:22 pradyum-Precision-WorkStation-T3500 kernel: [    1.077071] ehci-pci 0000:00:1d.7: debug port 1
Mar 25 19:14:22 pradyum-Precision-WorkStation-T3500 kernel: [    1.080979] ehci-pci 0000:00:1d.7: cache line size of 64 is not supported
Mar 25 19:14:22 pradyum-Precision-WorkStation-T3500 kernel: [    1.080987] ehci-pci 0000:00:1d.7: irq 23, io mem 0xff980000
Mar 25 19:14:22 pradyum-Precision-WorkStation-T3500 kernel: [    1.096151] ehci-pci 0000:00:1d.7: USB 2.0 started, EHCI 1.00
Mar 25 19:14:22 pradyum-Precision-WorkStation-T3500 kernel: [    1.096216] usb usb2: New USB device found, idVendor=1d6b, idProduct=0002
Mar 25 19:14:22 pradyum-Precision-WorkStation-T3500 kernel: [    1.096219] usb usb2: New USB device strings: Mfr=3, Product=2, SerialNumber=1
Mar 25 19:14:22 pradyum-Precision-WorkStation-T3500 kernel: [    1.096221] usb usb2: Product: EHCI Host Controller
Mar 25 19:14:22 pradyum-Precision-WorkStation-T3500 kernel: [    1.096223] usb usb2: Manufacturer: Linux 4.15.0-46-generic ehci_hcd
Mar 25 19:14:22 pradyum-Precision-WorkStation-T3500 kernel: [    1.096225] usb usb2: SerialNumber: 0000:00:1d.7
Mar 25 19:14:22 pradyum-Precision-WorkStation-T3500 kernel: [    1.096534] hub 2-0:1.0: USB hub found
Mar 25 19:14:22 pradyum-Precision-WorkStation-T3500 kernel: [    1.096545] hub 2-0:1.0: 6 ports detected
Mar 25 19:14:22 pradyum-Precision-WorkStation-T3500 kernel: [    1.096690] ehci-platform: EHCI generic platform driver
Mar 25 19:14:22 pradyum-Precision-WorkStation-T3500 kernel: [    1.096698] ohci_hcd: USB 1.1 'Open' Host Controller (OHCI) Driver
Mar 25 19:14:22 pradyum-Precision-WorkStation-T3500 kernel: [    1.096700] ohci-pci: OHCI PCI platform driver
Mar 25 19:14:22 pradyum-Precision-WorkStation-T3500 kernel: [    1.096707] ohci-platform: OHCI generic platform driver
Mar 25 19:14:22 pradyum-Precision-WorkStation-T3500 kernel: [    1.096711] uhci_hcd: USB Universal Host Controller Interface driver
Mar 25 19:14:22 pradyum-Precision-WorkStation-T3500 kernel: [    1.097158] uhci_hcd 0000:00:1a.0: UHCI Host Controller
Mar 25 19:14:22 pradyum-Precision-WorkStation-T3500 kernel: [    1.097162] uhci_hcd 0000:00:1a.0: new USB bus registered, assigned bus number 3
Mar 25 19:14:22 pradyum-Precision-WorkStation-T3500 kernel: [    1.097167] uhci_hcd 0000:00:1a.0: detected 2 ports
Mar 25 19:14:22 pradyum-Precision-WorkStation-T3500 kernel: [    1.097189] uhci_hcd 0000:00:1a.0: irq 16, io base 0x0000ff20
Mar 25 19:14:22 pradyum-Precision-WorkStation-T3500 kernel: [    1.097222] usb usb3: New USB device found, idVendor=1d6b, idProduct=0001
Mar 25 19:14:22 pradyum-Precision-WorkStation-T3500 kernel: [    1.097223] usb usb3: New USB device strings: Mfr=3, Product=2, SerialNumber=1
Mar 25 19:14:22 pradyum-Precision-WorkStation-T3500 kernel: [    1.097224] usb usb3: Product: UHCI Host Controller
Mar 25 19:14:22 pradyum-Precision-WorkStation-T3500 kernel: [    1.097225] usb usb3: Manufacturer: Linux 4.15.0-46-generic uhci_hcd
Mar 25 19:14:22 pradyum-Precision-WorkStation-T3500 kernel: [    1.097226] usb usb3: SerialNumber: 0000:00:1a.0
Mar 25 19:14:22 pradyum-Precision-WorkStation-T3500 kernel: [    1.097502] hub 3-0:1.0: USB hub found
Mar 25 19:14:22 pradyum-Precision-WorkStation-T3500 kernel: [    1.097514] hub 3-0:1.0: 2 ports detected
Mar 25 19:14:22 pradyum-Precision-WorkStation-T3500 kernel: [    1.098058] uhci_hcd 0000:00:1a.1: UHCI Host Controller
Mar 25 19:14:22 pradyum-Precision-WorkStation-T3500 kernel: [    1.098062] uhci_hcd 0000:00:1a.1: new USB bus registered, assigned bus number 4
Mar 25 19:14:22 pradyum-Precision-WorkStation-T3500 kernel: [    1.098067] uhci_hcd 0000:00:1a.1: detected 2 ports
Mar 25 19:14:22 pradyum-Precision-WorkStation-T3500 kernel: [    1.098088] uhci_hcd 0000:00:1a.1: irq 17, io base 0x0000ff00
Mar 25 19:14:22 pradyum-Precision-WorkStation-T3500 kernel: [    1.098122] usb usb4: New USB device found, idVendor=1d6b, idProduct=0001
Mar 25 19:14:22 pradyum-Precision-WorkStation-T3500 kernel: [    1.098123] usb usb4: New USB device strings: Mfr=3, Product=2, SerialNumber=1
Mar 25 19:14:22 pradyum-Precision-WorkStation-T3500 kernel: [    1.098124] usb usb4: Product: UHCI Host Controller
Mar 25 19:14:22 pradyum-Precision-WorkStation-T3500 kernel: [    1.098125] usb usb4: Manufacturer: Linux 4.15.0-46-generic uhci_hcd
Mar 25 19:14:22 pradyum-Precision-WorkStation-T3500 kernel: [    1.098126] usb usb4: SerialNumber: 0000:00:1a.1
Mar 25 19:14:22 pradyum-Precision-WorkStation-T3500 kernel: [    1.098402] hub 4-0:1.0: USB hub found
Mar 25 19:14:22 pradyum-Precision-WorkStation-T3500 kernel: [    1.098413] hub 4-0:1.0: 2 ports detected
Mar 25 19:14:22 pradyum-Precision-WorkStation-T3500 kernel: [    1.098954] uhci_hcd 0000:00:1a.2: UHCI Host Controller
Mar 25 19:14:22 pradyum-Precision-WorkStation-T3500 kernel: [    1.098959] uhci_hcd 0000:00:1a.2: new USB bus registered, assigned bus number 5
Mar 25 19:14:22 pradyum-Precision-WorkStation-T3500 kernel: [    1.098964] uhci_hcd 0000:00:1a.2: detected 2 ports
Mar 25 19:14:22 pradyum-Precision-WorkStation-T3500 kernel: [    1.098980] uhci_hcd 0000:00:1a.2: irq 22, io base 0x0000fc00
Mar 25 19:14:22 pradyum-Precision-WorkStation-T3500 kernel: [    1.099014] usb usb5: New USB device found, idVendor=1d6b, idProduct=0001
Mar 25 19:14:22 pradyum-Precision-WorkStation-T3500 kernel: [    1.099015] usb usb5: New USB device strings: Mfr=3, Product=2, SerialNumber=1
Mar 25 19:14:22 pradyum-Precision-WorkStation-T3500 kernel: [    1.099016] usb usb5: Product: UHCI Host Controller
Mar 25 19:14:22 pradyum-Precision-WorkStation-T3500 kernel: [    1.099017] usb usb5: Manufacturer: Linux 4.15.0-46-generic uhci_hcd
Mar 25 19:14:22 pradyum-Precision-WorkStation-T3500 kernel: [    1.099018] usb usb5: SerialNumber: 0000:00:1a.2
Mar 25 19:14:22 pradyum-Precision-WorkStation-T3500 kernel: [    1.099292] hub 5-0:1.0: USB hub found
Mar 25 19:14:22 pradyum-Precision-WorkStation-T3500 kernel: [    1.099303] hub 5-0:1.0: 2 ports detected
Mar 25 19:14:22 pradyum-Precision-WorkStation-T3500 kernel: [    1.099844] uhci_hcd 0000:00:1d.0: UHCI Host Controller
Mar 25 19:14:22 pradyum-Precision-WorkStation-T3500 kernel: [    1.099848] uhci_hcd 0000:00:1d.0: new USB bus registered, assigned bus number 6
Mar 25 19:14:22 pradyum-Precision-WorkStation-T3500 kernel: [    1.099853] uhci_hcd 0000:00:1d.0: detected 2 ports
Mar 25 19:14:22 pradyum-Precision-WorkStation-T3500 kernel: [    1.099869] uhci_hcd 0000:00:1d.0: irq 23, io base 0x0000ff80
Mar 25 19:14:22 pradyum-Precision-WorkStation-T3500 kernel: [    1.099901] usb usb6: New USB device found, idVendor=1d6b, idProduct=0001
Mar 25 19:14:22 pradyum-Precision-WorkStation-T3500 kernel: [    1.099902] usb usb6: New USB device strings: Mfr=3, Product=2, SerialNumber=1
Mar 25 19:14:22 pradyum-Precision-WorkStation-T3500 kernel: [    1.099903] usb usb6: Product: UHCI Host Controller
Mar 25 19:14:22 pradyum-Precision-WorkStation-T3500 kernel: [    1.099904] usb usb6: Manufacturer: Linux 4.15.0-46-generic uhci_hcd
Mar 25 19:14:22 pradyum-Precision-WorkStation-T3500 kernel: [    1.099905] usb usb6: SerialNumber: 0000:00:1d.0
Mar 25 19:14:22 pradyum-Precision-WorkStation-T3500 kernel: [    1.100173] hub 6-0:1.0: USB hub found
Mar 25 19:14:22 pradyum-Precision-WorkStation-T3500 kernel: [    1.100181] hub 6-0:1.0: 2 ports detected
Mar 25 19:14:22 pradyum-Precision-WorkStation-T3500 kernel: [    1.100716] uhci_hcd 0000:00:1d.1: UHCI Host Controller
Mar 25 19:14:22 pradyum-Precision-WorkStation-T3500 kernel: [    1.100720] uhci_hcd 0000:00:1d.1: new USB bus registered, assigned bus number 7
Mar 25 19:14:22 pradyum-Precision-WorkStation-T3500 kernel: [    1.100725] uhci_hcd 0000:00:1d.1: detected 2 ports
Mar 25 19:14:22 pradyum-Precision-WorkStation-T3500 kernel: [    1.100742] uhci_hcd 0000:00:1d.1: irq 17, io base 0x0000ff60
Mar 25 19:14:22 pradyum-Precision-WorkStation-T3500 kernel: [    1.100778] usb usb7: New USB device found, idVendor=1d6b, idProduct=0001
Mar 25 19:14:22 pradyum-Precision-WorkStation-T3500 kernel: [    1.100779] usb usb7: New USB device strings: Mfr=3, Product=2, SerialNumber=1
Mar 25 19:14:22 pradyum-Precision-WorkStation-T3500 kernel: [    1.100780] usb usb7: Product: UHCI Host Controller
Mar 25 19:14:22 pradyum-Precision-WorkStation-T3500 kernel: [    1.100781] usb usb7: Manufacturer: Linux 4.15.0-46-generic uhci_hcd
Mar 25 19:14:22 pradyum-Precision-WorkStation-T3500 kernel: [    1.100782] usb usb7: SerialNumber: 0000:00:1d.1
Mar 25 19:14:22 pradyum-Precision-WorkStation-T3500 kernel: [    1.100986] hub 7-0:1.0: USB hub found
Mar 25 19:14:22 pradyum-Precision-WorkStation-T3500 kernel: [    1.100992] hub 7-0:1.0: 2 ports detected
Mar 25 19:14:22 pradyum-Precision-WorkStation-T3500 kernel: [    1.101520] uhci_hcd 0000:00:1d.2: UHCI Host Controller
Mar 25 19:14:22 pradyum-Precision-WorkStation-T3500 kernel: [    1.101525] uhci_hcd 0000:00:1d.2: new USB bus registered, assigned bus number 8
Mar 25 19:14:22 pradyum-Precision-WorkStation-T3500 kernel: [    1.101530] uhci_hcd 0000:00:1d.2: detected 2 ports
Mar 25 19:14:22 pradyum-Precision-WorkStation-T3500 kernel: [    1.101551] uhci_hcd 0000:00:1d.2: irq 18, io base 0x0000ff40
Mar 25 19:14:22 pradyum-Precision-WorkStation-T3500 kernel: [    1.101584] usb usb8: New USB device found, idVendor=1d6b, idProduct=0001
Mar 25 19:14:22 pradyum-Precision-WorkStation-T3500 kernel: [    1.101586] usb usb8: New USB device strings: Mfr=3, Product=2, SerialNumber=1
Mar 25 19:14:22 pradyum-Precision-WorkStation-T3500 kernel: [    1.101587] usb usb8: Product: UHCI Host Controller
Mar 25 19:14:22 pradyum-Precision-WorkStation-T3500 kernel: [    1.101588] usb usb8: Manufacturer: Linux 4.15.0-46-generic uhci_hcd
Mar 25 19:14:22 pradyum-Precision-WorkStation-T3500 kernel: [    1.101589] usb usb8: SerialNumber: 0000:00:1d.2
